Component: Arm Compiler for Embedded 6.22 Tool: armlink [5ee90200]

==============================================================================

Section Cross References

    st25r3911.o(.text.st25r3911TxRxOn) refers to st25r3911_com.o(.text.st25r3911SetRegisterBits) for st25r3911SetRegisterBits
    st25r3911.o(.ARM.exidx.text.st25r3911TxRxOn) refers to st25r3911.o(.text.st25r3911TxRxOn) for [Anonymous Symbol]
    st25r3911.o(.text.st25r3911TxRxOff) refers to st25r3911_com.o(.text.st25r3911ClrRegisterBits) for st25r3911ClrRegisterBits
    st25r3911.o(.ARM.exidx.text.st25r3911TxRxOff) refers to st25r3911.o(.text.st25r3911TxRxOff) for [Anonymous Symbol]
    st25r3911.o(.text.st25r3911OscOn) refers to st25r3911_com.o(.text.st25r3911ReadRegister) for st25r3911ReadRegister
    st25r3911.o(.text.st25r3911OscOn) refers to st25r3911_interrupt.o(.text.st25r3911GetInterrupt) for st25r3911GetInterrupt
    st25r3911.o(.text.st25r3911OscOn) refers to st25r3911_interrupt.o(.text.st25r3911EnableInterrupts) for st25r3911EnableInterrupts
    st25r3911.o(.text.st25r3911OscOn) refers to st25r3911_com.o(.text.st25r3911ModifyRegister) for st25r3911ModifyRegister
    st25r3911.o(.text.st25r3911OscOn) refers to st25r3911_interrupt.o(.text.st25r3911WaitForInterruptsTimed) for st25r3911WaitForInterruptsTimed
    st25r3911.o(.text.st25r3911OscOn) refers to st25r3911_interrupt.o(.text.st25r3911DisableInterrupts) for st25r3911DisableInterrupts
    st25r3911.o(.ARM.exidx.text.st25r3911OscOn) refers to st25r3911.o(.text.st25r3911OscOn) for [Anonymous Symbol]
    st25r3911.o(.text.st25r3911CheckReg) refers to st25r3911_com.o(.text.st25r3911ReadRegister) for st25r3911ReadRegister
    st25r3911.o(.ARM.exidx.text.st25r3911CheckReg) refers to st25r3911.o(.text.st25r3911CheckReg) for [Anonymous Symbol]
    st25r3911.o(.text.st25r3911Initialize) refers to st25r3911_com.o(.text.st25r3911ExecuteCommand) for st25r3911ExecuteCommand
    st25r3911.o(.text.st25r3911Initialize) refers to st25r3911_com.o(.text.st25r3911WriteRegister) for st25r3911WriteRegister
    st25r3911.o(.text.st25r3911Initialize) refers to st25r3911_com.o(.text.st25r3911ModifyRegister) for st25r3911ModifyRegister
    st25r3911.o(.text.st25r3911Initialize) refers to st25r3911_interrupt.o(.text.st25r3911DisableInterrupts) for st25r3911DisableInterrupts
    st25r3911.o(.text.st25r3911Initialize) refers to st25r3911_interrupt.o(.text.st25r3911ClearInterrupts) for st25r3911ClearInterrupts
    st25r3911.o(.text.st25r3911Initialize) refers to st25r3911_com.o(.text.st25r3911ReadRegister) for st25r3911ReadRegister
    st25r3911.o(.text.st25r3911Initialize) refers to st25r3911_interrupt.o(.text.st25r3911GetInterrupt) for st25r3911GetInterrupt
    st25r3911.o(.text.st25r3911Initialize) refers to st25r3911_interrupt.o(.text.st25r3911EnableInterrupts) for st25r3911EnableInterrupts
    st25r3911.o(.text.st25r3911Initialize) refers to st25r3911_interrupt.o(.text.st25r3911WaitForInterruptsTimed) for st25r3911WaitForInterruptsTimed
    st25r3911.o(.text.st25r3911Initialize) refers to st25r3911_com.o(.text.st25r3911ChangeRegisterBits) for st25r3911ChangeRegisterBits
    st25r3911.o(.text.st25r3911Initialize) refers to st25r3911_com.o(.text.st25r3911ClrRegisterBits) for st25r3911ClrRegisterBits
    st25r3911.o(.ARM.exidx.text.st25r3911Initialize) refers to st25r3911.o(.text.st25r3911Initialize) for [Anonymous Symbol]
    st25r3911.o(.text.st25r3911MeasureVoltage) refers to st25r3911_com.o(.text.st25r3911ChangeRegisterBits) for st25r3911ChangeRegisterBits
    st25r3911.o(.text.st25r3911MeasureVoltage) refers to st25r3911_interrupt.o(.text.st25r3911EnableInterrupts) for st25r3911EnableInterrupts
    st25r3911.o(.text.st25r3911MeasureVoltage) refers to st25r3911_interrupt.o(.text.st25r3911GetInterrupt) for st25r3911GetInterrupt
    st25r3911.o(.text.st25r3911MeasureVoltage) refers to st25r3911_com.o(.text.st25r3911ExecuteCommand) for st25r3911ExecuteCommand
    st25r3911.o(.text.st25r3911MeasureVoltage) refers to st25r3911_interrupt.o(.text.st25r3911WaitForInterruptsTimed) for st25r3911WaitForInterruptsTimed
    st25r3911.o(.text.st25r3911MeasureVoltage) refers to st25r3911_interrupt.o(.text.st25r3911DisableInterrupts) for st25r3911DisableInterrupts
    st25r3911.o(.text.st25r3911MeasureVoltage) refers to st25r3911_com.o(.text.st25r3911ReadRegister) for st25r3911ReadRegister
    st25r3911.o(.ARM.exidx.text.st25r3911MeasureVoltage) refers to st25r3911.o(.text.st25r3911MeasureVoltage) for [Anonymous Symbol]
    st25r3911.o(.text.st25r3911Deinitialize) refers to st25r3911_interrupt.o(.text.st25r3911DisableInterrupts) for st25r3911DisableInterrupts
    st25r3911.o(.text.st25r3911Deinitialize) refers to st25r3911_com.o(.text.st25r3911ClrRegisterBits) for st25r3911ClrRegisterBits
    st25r3911.o(.ARM.exidx.text.st25r3911Deinitialize) refers to st25r3911.o(.text.st25r3911Deinitialize) for [Anonymous Symbol]
[...]
    rfalISO14443ATransceiveShortFrame        0x0800a539   Thumb Code   382  rfal_rfst25r3911.o(.text.rfalISO14443ATransceiveShortFrame)
    rfalISO15693TransceiveAnticollisionFrame 0x0800a6b9   Thumb Code   198  rfal_rfst25r3911.o(.text.rfalISO15693TransceiveAnticollisionFrame)
    rfalISO15693TransceiveEOF                0x0800a781   Thumb Code   162  rfal_rfst25r3911.o(.text.rfalISO15693TransceiveEOF)
    rfalISO15693TransceiveEOFAnticollision   0x0800a825   Thumb Code    28  rfal_rfst25r3911.o(.text.rfalISO15693TransceiveEOFAnticollision)
    rfalInitialize                           0x0800a841   Thumb Code   116  rfal_rfst25r3911.o(.text.rfalInitialize)
    rfalIsoDepDeselect                       0x0800a9ed   Thumb Code   328  rfal_isodep.o(.text.rfalIsoDepDeselect)
    rfalIsoDepGetApduTransceiveStatus        0x0800ab35   Thumb Code   434  rfal_isodep.o(.text.rfalIsoDepGetApduTransceiveStatus)
    rfalIsoDepGetTransceiveStatus            0x0800ace9   Thumb Code    26  rfal_isodep.o(.text.rfalIsoDepGetTransceiveStatus)
    rfalIsoDepInitialize                     0x0800ad05   Thumb Code    72  rfal_isodep.o(.text.rfalIsoDepInitialize)
    rfalIsoDepPollAHandleActivation          0x0800ad4d   Thumb Code   788  rfal_isodep.o(.text.rfalIsoDepPollAHandleActivation)
    rfalIsoDepPollBHandleActivation          0x0800b061   Thumb Code   596  rfal_isodep.o(.text.rfalIsoDepPollBHandleActivation)
    rfalIsoDepStartApduTransceive            0x0800b2b5   Thumb Code   268  rfal_isodep.o(.text.rfalIsoDepStartApduTransceive)
    rfalIsoDepStartTransceive                0x0800b3c1   Thumb Code   160  rfal_isodep.o(.text.rfalIsoDepStartTransceive)
    rfalNfcDataExchangeGetStatus             0x0800b461   Thumb Code   130  rfal_nfc.o(.text.rfalNfcDataExchangeGetStatus)
    rfalNfcDataExchangeStart                 0x0800b4e5   Thumb Code   428  rfal_nfc.o(.text.rfalNfcDataExchangeStart)
    rfalNfcDeactivate                        0x0800b691   Thumb Code    84  rfal_nfc.o(.text.rfalNfcDeactivate)
    rfalNfcDepATR                            0x0800b6e5   Thumb Code   564  rfal_nfcdep.o(.text.rfalNfcDepATR)
    rfalNfcDepGetTransceiveStatus            0x0800b919   Thumb Code  2158  rfal_nfcdep.o(.text.rfalNfcDepGetTransceiveStatus)
    rfalNfcDepInitialize                     0x0800c189   Thumb Code    64  rfal_nfcdep.o(.text.rfalNfcDepInitialize)
    rfalNfcDepInitiatorHandleActivation      0x0800c1c9   Thumb Code   340  rfal_nfcdep.o(.text.rfalNfcDepInitiatorHandleActivation)
    rfalNfcDepPSL                            0x0800c31d   Thumb Code   226  rfal_nfcdep.o(.text.rfalNfcDepPSL)
    rfalNfcDepRLS                            0x0800c401   Thumb Code   252  rfal_nfcdep.o(.text.rfalNfcDepRLS)
    rfalNfcDepStartTransceive                0x0800c4fd   Thumb Code   150  rfal_nfcdep.o(.text.rfalNfcDepStartTransceive)
    rfalNfcDiscover                          0x0800c595   Thumb Code   124  rfal_nfc.o(.text.rfalNfcDiscover)
    rfalNfcGetActiveDevice                   0x0800c611   Thumb Code    54  rfal_nfc.o(.text.rfalNfcGetActiveDevice)
    rfalNfcGetState                          0x0800c649   Thumb Code    12  rfal_nfc.o(.text.rfalNfcGetState)
    rfalNfcInitialize                        0x0800c655   Thumb Code    32  rfal_nfc.o(.text.rfalNfcInitialize)
    rfalNfcWorker                            0x0800c6dd   Thumb Code  3548  rfal_nfc.o(.text.rfalNfcWorker)
    rfalNfcaPollerCheckPresence              0x0800d4b9   Thumb Code    50  rfal_nfca.o(.text.rfalNfcaPollerCheckPresence)
    rfalNfcaPollerFullCollisionResolution    0x0800d4ed   Thumb Code   430  rfal_nfca.o(.text.rfalNfcaPollerFullCollisionResolution)
    rfalNfcaPollerInitialize                 0x0800d69d   Thumb Code    58  rfal_nfca.o(.text.rfalNfcaPollerInitialize)
    rfalNfcaPollerSelect                     0x0800d6d9   Thumb Code   208  rfal_nfca.o(.text.rfalNfcaPollerSelect)
    rfalNfcaPollerSingleCollisionResolution  0x0800d7a9   Thumb Code   884  rfal_nfca.o(.text.rfalNfcaPollerSingleCollisionResolution)
    rfalNfcaPollerSleep                      0x0800db1d   Thumb Code    46  rfal_nfca.o(.text.rfalNfcaPollerSleep)
    rfalNfcaPollerTechnologyDetection        0x0800db4d   Thumb Code   100  rfal_nfca.o(.text.rfalNfcaPollerTechnologyDetection)
    rfalNfcbPollerCheckPresence              0x0800dbb1   Thumb Code   172  rfal_nfcb.o(.text.rfalNfcbPollerCheckPresence)
    rfalNfcbPollerCollisionResolution        0x0800dc5d   Thumb Code    30  rfal_nfcb.o(.text.rfalNfcbPollerCollisionResolution)
    rfalNfcbPollerInitialize                 0x0800dc7d   Thumb Code    70  rfal_nfcb.o(.text.rfalNfcbPollerInitialize)
    rfalNfcbPollerSleep                      0x0800dcc5   Thumb Code    92  rfal_nfcb.o(.text.rfalNfcbPollerSleep)
    rfalNfcbPollerSlottedCollisionResolution 0x0800dd21   Thumb Code  1386  rfal_nfcb.o(.text.rfalNfcbPollerSlottedCollisionResolution)
    rfalNfcbPollerTechnologyDetection        0x0800e28d   Thumb Code   156  rfal_nfcb.o(.text.rfalNfcbPollerTechnologyDetection)
    rfalNfcbTR2ToFDT                         0x0800e329   Thumb Code    12  rfal_nfcb.o(.text.rfalNfcbTR2ToFDT)
    rfalNfcfPollerCheck                      0x0800e33d   Thumb Code   850  rfal_nfcf.o(.text.rfalNfcfPollerCheck)
    rfalNfcfPollerCheckPresence              0x0800e691   Thumb Code    48  rfal_nfcf.o(.text.rfalNfcfPollerCheckPresence)
    rfalNfcfPollerCollisionResolution        0x0800e6c1   Thumb Code   902  rfal_nfcf.o(.text.rfalNfcfPollerCollisionResolution)
    rfalNfcfPollerInitialize                 0x0800ea49   Thumb Code    68  rfal_nfcf.o(.text.rfalNfcfPollerInitialize)
    rfalNfcfPollerPoll                       0x0800ea8d   Thumb Code    24  rfal_nfcf.o(.text.rfalNfcfPollerPoll)
    rfalNfcfPollerUpdate                     0x0800eaa5   Thumb Code   364  rfal_nfcf.o(.text.rfalNfcfPollerUpdate)
    rfalNfcvPollerCheckPresence              0x0800ec49   Thumb Code    92  rfal_nfcv.o(.text.rfalNfcvPollerCheckPresence)
    rfalNfcvPollerCollisionResolution        0x0800eca5   Thumb Code   656  rfal_nfcv.o(.text.rfalNfcvPollerCollisionResolution)
    rfalNfcvPollerExtendedGetSystemInformation 0x0800ef35   Thumb Code   162  rfal_nfcv.o(.text.rfalNfcvPollerExtendedGetSystemInformation)
    rfalNfcvPollerExtendedReadSingleBlock    0x0800efd9   Thumb Code   142  rfal_nfcv.o(.text.rfalNfcvPollerExtendedReadSingleBlock)
    rfalNfcvPollerExtendedWriteSingleBlock   0x0800f069   Thumb Code   212  rfal_nfcv.o(.text.rfalNfcvPollerExtendedWriteSingleBlock)
    rfalNfcvPollerGetSystemInformation       0x0800f13d   Thumb Code   130  rfal_nfcv.o(.text.rfalNfcvPollerGetSystemInformation)
    rfalNfcvPollerInitialize                 0x0800f1c1   Thumb Code    58  rfal_nfcv.o(.text.rfalNfcvPollerInitialize)
    rfalNfcvPollerInventory                  0x0800f1fd   Thumb Code   146  rfal_nfcv.o(.text.rfalNfcvPollerInventory)
    rfalNfcvPollerReadMultipleBlocks         0x0800f291   Thumb Code   146  rfal_nfcv.o(.text.rfalNfcvPollerReadMultipleBlocks)
    rfalNfcvPollerReadSingleBlock            0x0800f325   Thumb Code   138  rfal_nfcv.o(.text.rfalNfcvPollerReadSingleBlock)
    rfalNfcvPollerSelect                     0x0800f3b1   Thumb Code   124  rfal_nfcv.o(.text.rfalNfcvPollerSelect)
    rfalNfcvPollerTransceiveReq              0x0800f42d   Thumb Code   350  rfal_nfcv.o(.text.rfalNfcvPollerTransceiveReq)
    rfalNfcvPollerWriteSingleBlock           0x0800f58d   Thumb Code   208  rfal_nfcv.o(.text.rfalNfcvPollerWriteSingleBlock)
    rfalST25xVPollerM24LRReadMultipleBlocks  0x0800f721   Thumb Code    58  rfal_st25xv.o(.text.rfalST25xVPollerM24LRReadMultipleBlocks)
    rfalST25xVPollerM24LRReadSingleBlock     0x0800f75d   Thumb Code    48  rfal_st25xv.o(.text.rfalST25xVPollerM24LRReadSingleBlock)
    rfalST25xVPollerM24LRWriteSingleBlock    0x0800f78d   Thumb Code    84  rfal_st25xv.o(.text.rfalST25xVPollerM24LRWriteSingleBlock)
    rfalSetAnalogConfig                      0x0800f7e1   Thumb Code   278  rfal_analogconfig.o(.text.rfalSetAnalogConfig)
    rfalSetBitRate                           0x0800f8f9   Thumb Code   460  rfal_rfst25r3911.o(.text.rfalSetBitRate)
    rfalSetErrorHandling                     0x0800fac5   Thumb Code    12  rfal_rfst25r3911.o(.text.rfalSetErrorHandling)
    rfalSetFDTListen                         0x0800fad1   Thumb Code    22  rfal_rfst25r3911.o(.text.rfalSetFDTListen)
    rfalSetFDTPoll                           0x0800fae9   Thumb Code    26  rfal_rfst25r3911.o(.text.rfalSetFDTPoll)
    rfalSetGT                                0x0800fb05   Thumb Code    26  rfal_rfst25r3911.o(.text.rfalSetGT)
    rfalSetMode                              0x0800fb21   Thumb Code   448  rfal_rfst25r3911.o(.text.rfalSetMode)
    rfalSt25tbPollerCheckPresence            0x0800fce1   Thumb Code    90  rfal_st25tb.o(.text.rfalSt25tbPollerCheckPresence)
    rfalSt25tbPollerCollisionResolution      0x0800fd3d   Thumb Code   872  rfal_st25tb.o(.text.rfalSt25tbPollerCollisionResolution)
    rfalSt25tbPollerInitialize               0x080100a5   Thumb Code     4  rfal_st25tb.o(.text.rfalSt25tbPollerInitialize)
    rfalStartTransceive                      0x080100a9   Thumb Code   382  rfal_rfst25r3911.o(.text.rfalStartTransceive)
    rfalT1TPollerInitialize                  0x08010229   Thumb Code    52  rfal_t1t.o(.text.rfalT1TPollerInitialize)
    rfalT1TPollerRid                         0x0801025d   Thumb Code   120  rfal_t1t.o(.text.rfalT1TPollerRid)
    rfalT2TPollerRead                        0x080102d5   Thumb Code    84  rfal_t2t.o(.text.rfalT2TPollerRead)
    rfalT2TPollerSectorSelect                0x08010329   Thumb Code   170  rfal_t2t.o(.text.rfalT2TPollerSectorSelect)
    rfalT2TPollerWrite                       0x080103d5   Thumb Code   100  rfal_t2t.o(.text.rfalT2TPollerWrite)
    rfalT4TPollerComposeReadData             0x08010439   Thumb Code    54  rfal_t4t.o(.text.rfalT4TPollerComposeReadData)
    rfalT4TPollerComposeReadDataODO          0x08010471   Thumb Code    80  rfal_t4t.o(.text.rfalT4TPollerComposeReadDataODO)
    rfalT4TPollerComposeSelectAppl           0x080104c1   Thumb Code   100  rfal_t4t.o(.text.rfalT4TPollerComposeSelectAppl)
    rfalT4TPollerComposeSelectFile           0x08010525   Thumb Code    96  rfal_t4t.o(.text.rfalT4TPollerComposeSelectFile)
    rfalT4TPollerComposeSelectFileV1Mapping  0x08010585   Thumb Code    92  rfal_t4t.o(.text.rfalT4TPollerComposeSelectFileV1Mapping)
    rfalT4TPollerComposeWriteData            0x080105e1   Thumb Code   132  rfal_t4t.o(.text.rfalT4TPollerComposeWriteData)
    rfalT4TPollerComposeWriteDataODO         0x08010665   Thumb Code   126  rfal_t4t.o(.text.rfalT4TPollerComposeWriteDataODO)
    rfalT4TPollerParseRAPDU                  0x080106e5   Thumb Code    54  rfal_t4t.o(.text.rfalT4TPollerParseRAPDU)
    rfalTransceiveBlockingRx                 0x0801071d   Thumb Code    40  rfal_rfst25r3911.o(.text.rfalTransceiveBlockingRx)
    rfalTransceiveBlockingTx                 0x08010745   Thumb Code   100  rfal_rfst25r3911.o(.text.rfalTransceiveBlockingTx)
    rfalTransceiveBlockingTxRx               0x080107a9   Thumb Code   138  rfal_rfst25r3911.o(.text.rfalTransceiveBlockingTxRx)
    rfalWakeUpModeHasWoke                    0x08010835   Thumb Code    22  rfal_rfst25r3911.o(.text.rfalWakeUpModeHasWoke)
    rfalWakeUpModeStart                      0x0801084d   Thumb Code   526  rfal_rfst25r3911.o(.text.rfalWakeUpModeStart)
    rfalWakeUpModeStop                       0x08010a5d   Thumb Code    64  rfal_rfst25r3911.o(.text.rfalWakeUpModeStop)
    rfalWorker                               0x08010a9d   Thumb Code  1876  rfal_rfst25r3911.o(.text.rfalWorker)
    spiInit                                  0x080111f1   Thumb Code    22  spi.o(.text.spiInit)
    spiTxRx                                  0x08011209   Thumb Code    92  spi.o(.text.spiTxRx)
    st25r3911AdjustRegulators                0x08011265   Thumb Code   134  st25r3911.o(.text.st25r3911AdjustRegulators)
    st25r3911CalibrateAntenna                0x080112ed   Thumb Code    62  st25r3911.o(.text.st25r3911CalibrateAntenna)
    st25r3911CalibrateCapacitiveSensor       0x0801132d   Thumb Code    98  st25r3911.o(.text.st25r3911CalibrateCapacitiveSensor)
    st25r3911ChangeRegisterBits              0x08011391   Thumb Code     6  st25r3911_com.o(.text.st25r3911ChangeRegisterBits)
    st25r3911ChangeTestRegisterBits          0x08011399   Thumb Code   262  st25r3911_com.o(.text.st25r3911ChangeTestRegisterBits)
    st25r3911CheckChipID                     0x080114a1   Thumb Code    56  st25r3911.o(.text.st25r3911CheckChipID)
    st25r3911CheckForReceivedInterrupts      0x080114d9   Thumb Code   178  st25r3911_interrupt.o(.text.st25r3911CheckForReceivedInterrupts)
    st25r3911CheckReg                        0x0801158d   Thumb Code    40  st25r3911.o(.text.st25r3911CheckReg)
    st25r3911ClearInterrupts                 0x080115b5   Thumb Code    84  st25r3911_interrupt.o(.text.st25r3911ClearInterrupts)
    st25r3911ClrRegisterBits                 0x08011609   Thumb Code   232  st25r3911_com.o(.text.st25r3911ClrRegisterBits)
    st25r3911DisableInterrupts               0x080116f1   Thumb Code    84  st25r3911_interrupt.o(.text.st25r3911DisableInterrupts)
    st25r3911EnableInterrupts                0x08011745   Thumb Code    84  st25r3911_interrupt.o(.text.st25r3911EnableInterrupts)
    st25r3911ExecuteCommand                  0x08011799   Thumb Code   132  st25r3911_com.o(.text.st25r3911ExecuteCommand)
    st25r3911ExecuteCommands                 0x0801181d   Thumb Code   110  st25r3911_com.o(.text.st25r3911ExecuteCommands)
    st25r3911GetInterrupt                    0x0801188d   Thumb Code    86  st25r3911_interrupt.o(.text.st25r3911GetInterrupt)
    st25r3911InitInterrupts                  0x080118e5   Thumb Code    42  st25r3911_interrupt.o(.text.st25r3911InitInterrupts)
    st25r3911Initialize                      0x08011911   Thumb Code   224  st25r3911.o(.text.st25r3911Initialize)
    st25r3911Isr                             0x080119f1   Thumb Code    30  st25r3911_interrupt.o(.text.st25r3911Isr)
    st25r3911MeasureAmplitude                0x08011a11   Thumb Code    62  st25r3911.o(.text.st25r3911MeasureAmplitude)
    st25r3911MeasureCapacitance              0x08011a51   Thumb Code    62  st25r3911.o(.text.st25r3911MeasureCapacitance)
    st25r3911MeasurePhase                    0x08011a91   Thumb Code    62  st25r3911.o(.text.st25r3911MeasurePhase)
    st25r3911ModifyRegister                  0x08011ad1   Thumb Code   236  st25r3911_com.o(.text.st25r3911ModifyRegister)
    st25r3911OscOn                           0x08011bbd   Thumb Code    68  st25r3911.o(.text.st25r3911OscOn)
    st25r3911PerformCollisionAvoidance       0x08011c01   Thumb Code   146  st25r3911.o(.text.st25r3911PerformCollisionAvoidance)
    st25r3911ReadFifo                        0x08011c95   Thumb Code   130  st25r3911_com.o(.text.st25r3911ReadFifo)
    st25r3911ReadMultipleRegisters           0x08011d19   Thumb Code   132  st25r3911_com.o(.text.st25r3911ReadMultipleRegisters)
    st25r3911ReadRegister                    0x08011d9d   Thumb Code   136  st25r3911_com.o(.text.st25r3911ReadRegister)
    st25r3911SetBitrate                      0x08011e25   Thumb Code    94  st25r3911.o(.text.st25r3911SetBitrate)
    st25r3911SetNoResponseTime_64fcs         0x08011e85   Thumb Code    74  st25r3911.o(.text.st25r3911SetNoResponseTime_64fcs)
    st25r3911SetNumTxBits                    0x08011ed1   Thumb Code    26  st25r3911.o(.text.st25r3911SetNumTxBits)
    st25r3911SetRegisterBits                 0x08011eed   Thumb Code   230  st25r3911_com.o(.text.st25r3911SetRegisterBits)
    st25r3911StartGPTimer_8fcs               0x08011fd5   Thumb Code    48  st25r3911.o(.text.st25r3911StartGPTimer_8fcs)
    st25r3911StreamConfigure                 0x08012005   Thumb Code   108  st25r3911.o(.text.st25r3911StreamConfigure)
    st25r3911TxRxOff                         0x08012071   Thumb Code     8  st25r3911.o(.text.st25r3911TxRxOff)
    st25r3911TxRxOn                          0x08012079   Thumb Code     8  st25r3911.o(.text.st25r3911TxRxOn)
    st25r3911WaitForInterruptsTimed          0x08012081   Thumb Code   132  st25r3911_interrupt.o(.text.st25r3911WaitForInterruptsTimed)
    st25r3911WriteFifo                       0x08012105   Thumb Code   130  st25r3911_com.o(.text.st25r3911WriteFifo)
    st25r3911WriteRegister                   0x08012189   Thumb Code   140  st25r3911_com.o(.text.st25r3911WriteRegister)
    st25r3911WriteTestRegister               0x08012215   Thumb Code   126  st25r3911_com.o(.text.st25r3911WriteTestRegister)
    timerCalculateTimer                      0x08012295   Thumb Code    12  timer.o(.text.timerCalculateTimer)
    timerIsExpired                           0x080122a1   Thumb Code    14  timer.o(.text.timerIsExpired)
    __0vsnprintf                             0x080122b1   Thumb Code    46  printfa.o(i.__0vsnprintf)
    __1vsnprintf                             0x080122b1   Thumb Code     0  printfa.o(i.__0vsnprintf)
    __2vsnprintf                             0x080122b1   Thumb Code     0  printfa.o(i.__0vsnprintf)
    __c89vsnprintf                           0x080122b1   Thumb Code     0  printfa.o(i.__0vsnprintf)
    vsnprintf                                0x080122b1   Thumb Code     0  printfa.o(i.__0vsnprintf)
    __scatterload_copy                       0x080122e5   Thumb Code    14  handlers.o(i.__scatterload_copy)
    __scatterload_null                       0x080122f3   Thumb Code     2  handlers.o(i.__scatterload_null)
    __scatterload_zeroinit                   0x080122f5   Thumb Code    14  handlers.o(i.__scatterload_zeroinit)
    AHBPrescTable                            0x08012cce   Data          16  system_stm32f4xx.o(.rodata.AHBPrescTable)
    APBPrescTable                            0x08012cde   Data           8  system_stm32f4xx.o(.rodata.APBPrescTable)
    bufMediaTypeVCard                        0x08012d10   Data           8  ndef_types_mime.o(.rodata.bufMediaTypeVCard)
    bufMediaTypeWifi                         0x08012d18   Data           8  ndef_type_wifi.o(.rodata.bufMediaTypeWifi)
    bufRtdTypeAar                            0x08012d20   Data           8  ndef_types_rtd.o(.rodata.bufRtdTypeAar)
    bufRtdTypeDeviceInfo                     0x08012d28   Data           8  ndef_types_rtd.o(.rodata.bufRtdTypeDeviceInfo)
    bufRtdTypeText                           0x08012d30   Data           8  ndef_types_rtd.o(.rodata.bufRtdTypeText)
    bufRtdTypeUri                            0x08012d38   Data           8  ndef_types_rtd.o(.rodata.bufRtdTypeUri)
    rfalAnalogConfigDefaultSettings          0x0801313d   Data         418  rfal_analogconfig.o(.rodata.rfalAnalogConfigDefaultSettings)
    Region$$Table$$Base                      0x080139e4   Number         0  anon$$obj.o(Region$$Table)
    Region$$Table$$Limit                     0x08013a04   Number         0  anon$$obj.o(Region$$Table)
    uwTickFreq                               0x20000000   Data           1  stm32f4xx_hal.o(.data..L_MergedGlobals)
    uwTickPrio                               0x20000004   Data           4  stm32f4xx_hal.o(.data..L_MergedGlobals)
    SystemCoreClock                          0x2000009c   Data           4  system_stm32f4xx.o(.data.SystemCoreClock)
    pSpi                                     0x200000b0   Data           4  spi.o(.bss..L_MergedGlobals)
    globalCommProtectCnt                     0x20000cf6   Data           1  main.o(.bss.globalCommProtectCnt)
    hexStr                                   0x20000cf7   Data         512  logger.o(.bss.hexStr)
    hexStrIdx                                0x20000ef7   Data           1  logger.o(.bss.hexStrIdx)
    hspi1                                    0x20000ef8   Data          88  main.o(.bss.hspi1)
    huart2                                   0x20000f50   Data          64  main.o(.bss.huart2)
    pLogUsart                                0x20001ba0   Data           4  logger.o(.bss.pLogUsart)
    uwTick                                   0x20003c1c   Data           4  stm32f4xx_hal.o(.bss.uwTick)
    __initial_sp                             0x20004820   Data           0  startup_stm32f401xe.o(STACK)



==============================================================================

Memory Map of the image

  Image Entry point : 0x08000195

  Load Region LR_IROM1 (Base: 0x08000000, Size: 0x00013ab8, Max: 0x00080000, ABSOLUTE)

    Execution Region ER_IROM1 (Exec base: 0x08000000, Load base: 0x08000000, Size: 0x00013a04, Max: 0x00080000, ABSOLUTE)

    Exec Addr    Load Addr    Size         Type   Attr      Idx    E Section Name        Object

    0x08000000   0x08000000   0x00000194   Data   RO          828    RESET               startup_stm32f401xe.o
    0x08000194   0x08000194   0x00000000   Code   RO         2052  * .ARM.Collect$$$$00000000  mc_w.l(entry.o)
    0x08000194   0x08000194   0x00000004   Code   RO         2099    .ARM.Collect$$$$00000001  mc_w.l(entry2.o)
    0x08000198   0x08000198   0x00000004   Code   RO         2102    .ARM.Collect$$$$00000004  mc_w.l(entry5.o)
    0x0800019c   0x0800019c   0x00000000   Code   RO         2104    .ARM.Collect$$$$00000008  mc_w.l(entry7b.o)
    0x0800019c   0x0800019c   0x00000000   Code   RO         2106    .ARM.Collect$$$$0000000A  mc_w.l(entry8b.o)
    0x0800019c   0x0800019c   0x00000008   Code   RO         2107    .ARM.Collect$$$$0000000B  mc_w.l(entry9a.o)
    0x080001a4   0x080001a4   0x00000000   Code   RO         2109    .ARM.Collect$$$$0000000D  mc_w.l(entry10a.o)
    0x080001a4   0x080001a4   0x00000000   Code   RO         2111    .ARM.Collect$$$$0000000F  mc_w.l(entry11a.o)
    0x080001a4   0x080001a4   0x00000004   Code   RO         2100    .ARM.Collect$$$$00002712  mc_w.l(entry2.o)
    0x080001a8   0x080001a8   0x00000024   Code   RO          829    .text               startup_stm32f401xe.o
    0x080001cc   0x080001cc   0x00000062   Code   RO         2055    .text               mc_w.l(uldiv.o)
    0x0800022e   0x0800022e   0x00000040   Code   RO         2059    .text               mc_w.l(memmovea.o)
    0x0800026e   0x0800026e   0x00000024   Code   RO         2061    .text               mc_w.l(memseta.o)
    0x08000292   0x08000292   0x0000000e   Code   RO         2063    .text               mc_w.l(strlen.o)
    0x080002a0   0x080002a0   0x0000001a   Code   RO         2065    .text               mc_w.l(memcmp.o)
    0x080002ba   0x080002ba   0x0000002c   Code   RO         2127    .text               mc_w.l(uidiv.o)
    0x080002e6   0x080002e6   0x0000001e   Code   RO         2129    .text               mc_w.l(llshl.o)
    0x08000304   0x08000304   0x00000020   Code   RO         2131    .text               mc_w.l(llushr.o)
    0x08000324   0x08000324   0x00000000   Code   RO         2133    .text               mc_w.l(iusefp.o)
    0x08000324   0x08000324   0x0000014e   Code   RO         2134    .text               mf_w.l(dadd.o)
    0x08000472   0x08000472   0x000000e4   Code   RO         2136    .text               mf_w.l(dmul.o)
    0x08000556   0x08000556   0x000000de   Code   RO         2138    .text               mf_w.l(ddiv.o)
    0x08000634   0x08000634   0x00000030   Code   RO         2140    .text               mf_w.l(dfixul.o)
    0x08000664   0x08000664   0x00000030   Code   RO         2142    .text               mf_w.l(cdrcmple.o)
    0x08000694   0x08000694   0x00000030   Code   RO         2144    .text               mc_w.l(init.o)
    0x080006c4   0x080006c4   0x00000024   Code   RO         2147    .text               mc_w.l(llsshr.o)
    0x080006e8   0x080006e8   0x000000ba   Code   RO         2150    .text               mf_w.l(depilogue.o)
    0x080007a2   0x080007a2   0x00000002   PAD
    0x080007a4   0x080007a4   0x00000010   Code   RO          995    .text.EXTI0_IRQHandler  stm32f4xx_it.o
    0x080007b4   0x080007b4   0x00000028   Code   RO          248    .text.HAL_Delay     stm32f4xx_hal.o
    0x080007dc   0x080007dc   0x00000002   Code   RO          463    .text.HAL_GPIO_EXTI_Callback  stm32f4xx_hal_gpio.o
    0x080007de   0x080007de   0x00000002   PAD
    0x080007e0   0x080007e0   0x00000016   Code   RO          461    .text.HAL_GPIO_EXTI_IRQHandler  stm32f4xx_hal_gpio.o
    0x080007f6   0x080007f6   0x00000002   PAD
    0x080007f8   0x080007f8   0x00000192   Code   RO          449    .text.HAL_GPIO_Init  stm32f4xx_hal_gpio.o
    0x0800098a   0x0800098a   0x00000002   PAD
    0x0800098c   0x0800098c   0x0000000a   Code   RO          453    .text.HAL_GPIO_ReadPin  stm32f4xx_hal_gpio.o
    0x08000996   0x08000996   0x00000002   PAD
    0x08000998   0x08000998   0x0000000e   Code   RO          457    .text.HAL_GPIO_TogglePin  stm32f4xx_hal_gpio.o
    0x080009a6   0x080009a6   0x00000002   PAD
    0x080009a8   0x080009a8   0x0000000a   Code   RO          455    .text.HAL_GPIO_WritePin  stm32f4xx_hal_gpio.o
    0x080009b2   0x080009b2   0x00000002   PAD
    0x080009b4   0x080009b4   0x0000000c   Code   RO          240    .text.HAL_GetTick   stm32f4xx_hal.o
    0x080009c0   0x080009c0   0x0000001a   Code   RO          238    .text.HAL_IncTick   stm32f4xx_hal.o
    0x080009da   0x080009da   0x00000002   PAD
    0x080009dc   0x080009dc   0x00000036   Code   RO          228    .text.HAL_Init      stm32f4xx_hal.o
    0x08000a12   0x08000a12   0x00000002   PAD
    0x08000a14   0x08000a14   0x00000048   Code   RO          230    .text.HAL_InitTick  stm32f4xx_hal.o
    0x08000a5c   0x08000a5c   0x00000096   Code   RO          975    .text.HAL_MspInit   stm32f4xx_hal_msp.o
    0x08000af2   0x08000af2   0x00000002   PAD
    0x08000af4   0x08000af4   0x0000001a   Code   RO          297    .text.HAL_NVIC_EnableIRQ  stm32f4xx_hal_cortex.o
    0x08000b0e   0x08000b0e   0x00000002   PAD
    0x08000b10   0x08000b10   0x00000056   Code   RO          295    .text.HAL_NVIC_SetPriority  stm32f4xx_hal_cortex.o
    0x08000b66   0x08000b66   0x00000002   PAD
    0x08000b68   0x08000b68   0x00000020   Code   RO          293    .text.HAL_NVIC_SetPriorityGrouping  stm32f4xx_hal_cortex.o
    0x08000b88   0x08000b88   0x00000158   Code   RO          551    .text.HAL_RCC_ClockConfig  stm32f4xx_hal_rcc.o
    0x08000ce0   0x08000ce0   0x00000026   Code   RO          563    .text.HAL_RCC_GetPCLK1Freq  stm32f4xx_hal_rcc.o
    0x08000d06   0x08000d06   0x00000002   PAD
    0x08000d08   0x08000d08   0x00000026   Code   RO          565    .text.HAL_RCC_GetPCLK2Freq  stm32f4xx_hal_rcc.o
    0x08000d2e   0x08000d2e   0x00000002   PAD
    0x08000d30   0x08000d30   0x0000006c   Code   RO          553    .text.HAL_RCC_GetSysClockFreq  stm32f4xx_hal_rcc.o
    0x08000d9c   0x08000d9c   0x00000364   Code   RO          549    .text.HAL_RCC_OscConfig  stm32f4xx_hal_rcc.o
    0x08001100   0x08001100   0x00000086   Code   RO          604    .text.HAL_SPI_Init  stm32f4xx_hal_spi.o
    0x08001186   0x08001186   0x00000002   PAD
    0x08001188   0x08001188   0x00000056   Code   RO          977    .text.HAL_SPI_MspInit  stm32f4xx_hal_msp.o
    0x080011de   0x080011de   0x00000002   PAD
    0x080011e0   0x080011e0   0x00000296   Code   RO          618    .text.HAL_SPI_TransmitReceive  stm32f4xx_hal_spi.o
    0x08001476   0x08001476   0x00000002   PAD
    0x08001478   0x08001478   0x00000002   Code   RO          327    .text.HAL_SYSTICK_Callback  stm32f4xx_hal_cortex.o
    0x0800147a   0x0800147a   0x00000002   PAD
    0x0800147c   0x0800147c   0x0000002c   Code   RO          303    .text.HAL_SYSTICK_Config  stm32f4xx_hal_cortex.o
    0x080014a8   0x080014a8   0x00000004   Code   RO          325    .text.HAL_SYSTICK_IRQHandler  stm32f4xx_hal_cortex.o
    0x080014ac   0x080014ac   0x0000005e   Code   RO          720    .text.HAL_UART_Init  stm32f4xx_hal_uart.o
    0x0800150a   0x0800150a   0x00000002   PAD
    0x0800150c   0x0800150c   0x00000072   Code   RO          981    .text.HAL_UART_MspInit  stm32f4xx_hal_msp.o
    0x0800157e   0x0800157e   0x00000002   PAD
    0x08001580   0x08001580   0x00000188   Code   RO          736    .text.HAL_UART_Transmit  stm32f4xx_hal_uart.o
    0x08001708   0x08001708   0x000001a8   Code   RO          884    .text.LedNotificationWriteDone  ndef_demo.o
    0x080018b0   0x080018b0   0x0000011c   Code   RO          614    .text.SPI_EndRxTxTransaction  stm32f4xx_hal_spi.o
    0x080019cc   0x080019cc   0x0000000e   Code   RO          993    .text.SysTick_Handler  stm32f4xx_it.o
    0x080019da   0x080019da   0x00000002   PAD
    0x080019dc   0x080019dc   0x0000009c   Code   RO          858    .text.SystemClock_Config  main.o
    0x08001a78   0x08001a78   0x00000056   Code   RO          213    .text.SystemInit    system_stm32f4xx.o
    0x08001ace   0x08001ace   0x00000002   PAD
    0x08001ad0   0x08001ad0   0x00000258   Code   RO          724    .text.UART_SetConfig  stm32f4xx_hal_uart.o
    0x08001d28   0x08001d28   0x00000674   Code   RO          876    .text.demoCycle     ndef_demo.o
    0x0800239c   0x0800239c   0x0000012c   Code   RO          874    .text.demoIni       ndef_demo.o
    0x080024c8   0x080024c8   0x0000039c   Code   RO          878    .text.demoNdef      ndef_demo.o
    0x08002864   0x08002864   0x00000208   Code   RO          880    .text.demoP2P       ndef_demo.o
    0x08002a6c   0x08002a6c   0x00000158   Code   RO          842    .text.hex2Str       logger.o
    0x08002bc4   0x08002bc4   0x0000002a   Code   RO         1512    .text.iso15693PhyConfigure  rfal_iso15693_2.o
    0x08002bee   0x08002bee   0x00000002   PAD
    0x08002bf0   0x08002bf0   0x00000116   Code   RO         1520    .text.iso15693PhyVCDCode1Of256  rfal_iso15693_2.o
    0x08002d06   0x08002d06   0x00000002   PAD
    0x08002d08   0x08002d08   0x00000062   Code   RO         1518    .text.iso15693PhyVCDCode1Of4  rfal_iso15693_2.o
    0x08002d6a   0x08002d6a   0x00000002   PAD
    0x08002d6c   0x08002d6c   0x000001d8   Code   RO         1516    .text.iso15693VCDCode  rfal_iso15693_2.o
    0x08002f44   0x08002f44   0x000001b6   Code   RO         1522    .text.iso15693VICCDecode  rfal_iso15693_2.o
    0x080030fa   0x080030fa   0x00000002   PAD
    0x080030fc   0x080030fc   0x000003fa   Code   RO         1542    .text.isoDepDataExchangePCD  rfal_isodep.o
    0x080034f6   0x080034f6   0x00000002   PAD
    0x080034f8   0x080034f8   0x00000156   Code   RO         1540    .text.isoDepHandleControlMsg  rfal_isodep.o
    0x0800364e   0x0800364e   0x00000002   PAD
    0x08003650   0x08003650   0x0000004c   Code   RO          840    .text.logUsart      logger.o
    0x0800369c   0x0800369c   0x0000000c   Code   RO          836    .text.logUsartInit  logger.o
    0x080036a8   0x080036a8   0x0000041c   Code   RO          856    .text.main          main.o
    0x08003ac4   0x08003ac4   0x00000298   Code   RO          912    .text.ndefBufferDump  ndef_dump.o
    0x08003d5c   0x08003d5c   0x00000028   Code   RO          916    .text.ndefEmptyTypeDump  ndef_dump.o
    0x08003d84   0x08003d84   0x00000004   Code   RO         1369    .text.ndefEmptyTypePayloadGetLength  ndef_types_rtd.o
    0x08003d88   0x08003d88   0x0000001c   Code   RO         1371    .text.ndefEmptyTypePayloadItem  ndef_types_rtd.o
    0x08003da4   0x08003da4   0x00000024   Code   RO         1415    .text.ndefGetRtdAar  ndef_types_rtd.o
    0x08003dc8   0x08003dc8   0x0000004e   Code   RO         1383    .text.ndefGetRtdDeviceInfo  ndef_types_rtd.o
    0x08003e16   0x08003e16   0x00000002   PAD
    0x08003e18   0x08003e18   0x00000054   Code   RO         1395    .text.ndefGetRtdText  ndef_types_rtd.o
    0x08003e6c   0x08003e6c   0x0000004e   Code   RO         1407    .text.ndefGetRtdUri  ndef_types_rtd.o
    0x08003eba   0x08003eba   0x00000002   PAD
    0x08003ebc   0x08003ebc   0x0000021a   Code   RO         1340    .text.ndefGetVCard  ndef_types_mime.o
    0x080040d6   0x080040d6   0x00000002   PAD
    0x080040d8   0x080040d8   0x00000030   Code   RO         1287    .text.ndefGetWifi   ndef_type_wifi.o
    0x08004108   0x08004108   0x00000130   Code   RO         1346    .text.ndefIsVCardTypeFound  ndef_types_mime.o
    0x08004238   0x08004238   0x00000370   Code   RO          930    .text.ndefMediaVCardDump  ndef_dump.o
    0x080045a8   0x080045a8   0x000000b0   Code   RO          932    .text.ndefMediaWifiDump  ndef_dump.o
    0x08004658   0x08004658   0x00000070   Code   RO         1027    .text.ndefMessageAppend  ndef_message.o
    0x080046c8   0x080046c8   0x00000112   Code   RO         1029    .text.ndefMessageDecode  ndef_message.o
    0x080047da   0x080047da   0x00000002   PAD
    0x080047dc   0x080047dc   0x00000064   Code   RO          914    .text.ndefMessageDump  ndef_dump.o
    0x08004840   0x08004840   0x000000b2   Code   RO         1031    .text.ndefMessageEncode  ndef_message.o
    0x080048f2   0x080048f2   0x00000002   PAD
    0x080048f4   0x080048f4   0x0000004a   Code   RO         1023    .text.ndefMessageGetInfo  ndef_message.o
    0x0800493e   0x0800493e   0x00000002   PAD
    0x08004940   0x08004940   0x0000001e   Code   RO         1021    .text.ndefMessageInit  ndef_message.o
    0x0800495e   0x0800495e   0x00000002   PAD
    0x08004960   0x08004960   0x00000088   Code   RO         1043    .text.ndefPollerContextInitialization  ndef_poller.o
    0x080049e8   0x080049e8   0x00000018   Code   RO         1045    .text.ndefPollerNdefDetect  ndef_poller.o
    0x08004a00   0x08004a00   0x0000001c   Code   RO         1047    .text.ndefPollerReadRawMessage  ndef_poller.o
    0x08004a1c   0x08004a1c   0x00000018   Code   RO         1053    .text.ndefPollerTagFormat  ndef_poller.o
    0x08004a34   0x08004a34   0x0000015a   Code   RO         1067    .text.ndefPollerWriteMessage  ndef_poller.o
    0x08004b8e   0x08004b8e   0x00000002   PAD
    0x08004b90   0x08004b90   0x00000018   Code   RO         1051    .text.ndefPollerWriteRawMessage  ndef_poller.o
    0x08004ba8   0x08004ba8   0x000000ee   Code   RO         1106    .text.ndefRecordDecode  ndef_record.o
    0x08004c96   0x08004c96   0x00000002   PAD
    0x08004c98   0x08004c98   0x00000270   Code   RO          906    .text.ndefRecordDump  ndef_dump.o
    0x08004f08   0x08004f08   0x000001fa   Code   RO         1110    .text.ndefRecordEncode  ndef_record.o
    0x08005102   0x08005102   0x00000002   PAD
    0x08005104   0x08005104   0x00000098   Code   RO         1108    .text.ndefRecordEncodeHeader  ndef_record.o
    0x0800519c   0x0800519c   0x0000001c   Code   RO         1102    .text.ndefRecordGetId  ndef_record.o
    0x080051b8   0x080051b8   0x0000003e   Code   RO         1094    .text.ndefRecordGetLength  ndef_record.o
    0x080051f6   0x080051f6   0x00000002   PAD
    0x080051f8   0x080051f8   0x00000020   Code   RO         1309    .text.ndefRecordGetNdefType  ndef_types.o
    0x08005218   0x08005218   0x0000003e   Code   RO         1104    .text.ndefRecordGetPayload  ndef_record.o
    0x08005256   0x08005256   0x00000002   PAD
    0x08005258   0x08005258   0x00000062   Code   RO         1112    .text.ndefRecordGetPayloadItem  ndef_record.o
    0x080052ba   0x080052ba   0x00000002   PAD
    0x080052bc   0x080052bc   0x00000018   Code   RO         1096    .text.ndefRecordGetPayloadLength  ndef_record.o
    0x080052d4   0x080052d4   0x0000002a   Code   RO         1098    .text.ndefRecordGetType  ndef_record.o
    0x080052fe   0x080052fe   0x00000002   PAD
    0x08005300   0x08005300   0x00000022   Code   RO         1082    .text.ndefRecordReset  ndef_record.o
    0x08005322   0x08005322   0x00000002   PAD
    0x08005324   0x08005324   0x0000004c   Code   RO         1313    .text.ndefRecordSetNdefType  ndef_types.o
    0x08005370   0x08005370   0x0000004a   Code   RO         1088    .text.ndefRecordSetPayload  ndef_record.o
    0x080053ba   0x080053ba   0x00000002   PAD
    0x080053bc   0x080053bc   0x0000003c   Code   RO         1084    .text.ndefRecordSetType  ndef_record.o
    0x080053f8   0x080053f8   0x00000060   Code   RO         1373    .text.ndefRecordToEmptyType  ndef_types_rtd.o
    0x08005458   0x08005458   0x00000058   Code   RO         1417    .text.ndefRecordToRtdAar  ndef_types_rtd.o
    0x080054b0   0x080054b0   0x000001de   Code   RO         1385    .text.ndefRecordToRtdDeviceInfo  ndef_types_rtd.o
    0x0800568e   0x0800568e   0x00000002   PAD
    0x08005690   0x08005690   0x0000008c   Code   RO         1397    .text.ndefRecordToRtdText  ndef_types_rtd.o
    0x0800571c   0x0800571c   0x000000ca   Code   RO         1409    .text.ndefRecordToRtdUri  ndef_types_rtd.o
    0x080057e6   0x080057e6   0x00000002   PAD
    0x080057e8   0x080057e8   0x00000084   Code   RO         1307    .text.ndefRecordToType  ndef_types.o
    0x0800586c   0x0800586c   0x0000023c   Code   RO         1342    .text.ndefRecordToVCard  ndef_types_mime.o
    0x08005aa8   0x08005aa8   0x00000126   Code   RO         1289    .text.ndefRecordToWifi  ndef_type_wifi.o
    0x08005bce   0x08005bce   0x00000002   PAD
    0x08005bd0   0x08005bd0   0x00000040   Code   RO         1100    .text.ndefRecordTypeMatch  ndef_record.o
    0x08005c10   0x08005c10   0x0000018e   Code   RO         1305    .text.ndefRecordTypeStringToTypeId  ndef_types.o
    0x08005d9e   0x08005d9e   0x00000002   PAD
    0x08005da0   0x08005da0   0x00000050   Code   RO         1413    .text.ndefRtdAar    ndef_types_rtd.o
    0x08005df0   0x08005df0   0x00000074   Code   RO          926    .text.ndefRtdAarDump  ndef_dump.o
    0x08005e64   0x08005e64   0x00000046   Code   RO         1419    .text.ndefRtdAarToRecord  ndef_types_rtd.o
    0x08005eaa   0x08005eaa   0x00000002   PAD
    0x08005eac   0x08005eac   0x000001b8   Code   RO          918    .text.ndefRtdDeviceInfoDump  ndef_dump.o
    0x08006064   0x08006064   0x00000050   Code   RO         1379    .text.ndefRtdDeviceInfoPayloadGetLength  ndef_types_rtd.o
    0x080060b4   0x080060b4   0x000000a8   Code   RO         1381    .text.ndefRtdDeviceInfoToPayloadItem  ndef_types_rtd.o
    0x0800615c   0x0800615c   0x00000088   Code   RO         1389    .text.ndefRtdText   ndef_types_rtd.o
    0x080061e4   0x080061e4   0x00000100   Code   RO          920    .text.ndefRtdTextDump  ndef_dump.o
    0x080062e4   0x080062e4   0x00000018   Code   RO         1391    .text.ndefRtdTextPayloadGetLength  ndef_types_rtd.o
    0x080062fc   0x080062fc   0x0000006c   Code   RO         1393    .text.ndefRtdTextToPayloadItem  ndef_types_rtd.o
    0x08006368   0x08006368   0x0000003e   Code   RO         1399    .text.ndefRtdTextToRecord  ndef_types_rtd.o
    0x080063a6   0x080063a6   0x00000002   PAD
    0x080063a8   0x080063a8   0x0000008a   Code   RO         1401    .text.ndefRtdUri    ndef_types_rtd.o
    0x08006432   0x08006432   0x00000002   PAD
    0x08006434   0x08006434   0x000000bc   Code   RO          924    .text.ndefRtdUriDump  ndef_dump.o
    0x080064f0   0x080064f0   0x00000014   Code   RO         1403    .text.ndefRtdUriPayloadGetLength  ndef_types_rtd.o
    0x08006504   0x08006504   0x00000054   Code   RO         1405    .text.ndefRtdUriToPayloadItem  ndef_types_rtd.o
    0x08006558   0x08006558   0x0000003e   Code   RO         1411    .text.ndefRtdUriToRecord  ndef_types_rtd.o
    0x08006596   0x08006596   0x00000002   PAD
    0x08006598   0x08006598   0x0000006a   Code   RO         1140    .text.ndefT2TPollerBeginWriteMessage  ndef_t2t.o
    0x08006602   0x08006602   0x00000002   PAD
    0x08006604   0x08006604   0x00000040   Code   RO         1138    .text.ndefT2TPollerCheckAvailableSpace  ndef_t2t.o
    0x08006644   0x08006644   0x0000006a   Code   RO         1146    .text.ndefT2TPollerCheckPresence  ndef_t2t.o
    0x080066ae   0x080066ae   0x00000002   PAD
    0x080066b0   0x080066b0   0x0000003c   Code   RO         1124    .text.ndefT2TPollerContextInitialization  ndef_t2t.o
    0x080066ec   0x080066ec   0x000000b2   Code   RO         1142    .text.ndefT2TPollerEndWriteMessage  ndef_t2t.o
    0x0800679e   0x0800679e   0x00000002   PAD
    0x080067a0   0x080067a0   0x00000194   Code   RO         1126    .text.ndefT2TPollerNdefDetect  ndef_t2t.o
    0x08006934   0x08006934   0x000001d0   Code   RO         1122    .text.ndefT2TPollerReadBytes  ndef_t2t.o
    0x08006b04   0x08006b04   0x00000072   Code   RO         1128    .text.ndefT2TPollerReadRawMessage  ndef_t2t.o
    0x08006b76   0x08006b76   0x00000002   PAD
    0x08006b78   0x08006b78   0x000000d6   Code   RO         1144    .text.ndefT2TPollerTagFormat  ndef_t2t.o
    0x08006c4e   0x08006c4e   0x00000002   PAD
    0x08006c50   0x08006c50   0x0000005e   Code   RO         1132    .text.ndefT2TPollerWriteBlock  ndef_t2t.o
    0x08006cae   0x08006cae   0x00000002   PAD
    0x08006cb0   0x08006cb0   0x0000014c   Code   RO         1130    .text.ndefT2TPollerWriteBytes  ndef_t2t.o
    0x08006dfc   0x08006dfc   0x00000080   Code   RO         1136    .text.ndefT2TPollerWriteRawMessage  ndef_t2t.o
    0x08006e7c   0x08006e7c   0x0000008a   Code   RO         1134    .text.ndefT2TPollerWriteRawMessageLen  ndef_t2t.o
    0x08006f06   0x08006f06   0x00000002   PAD
    0x08006f08   0x08006f08   0x00000034   Code   RO         1173    .text.ndefT3TPollerBeginWriteMessage  ndef_t3t.o
    0x08006f3c   0x08006f3c   0x00000028   Code   RO         1171    .text.ndefT3TPollerCheckAvailableSpace  ndef_t3t.o
    0x08006f64   0x08006f64   0x00000086   Code   RO         1181    .text.ndefT3TPollerCheckPresence  ndef_t3t.o
    0x08006fea   0x08006fea   0x00000002   PAD
    0x08006fec   0x08006fec   0x0000002e   Code   RO         1159    .text.ndefT3TPollerContextInitialization  ndef_t3t.o
    0x0800701a   0x0800701a   0x00000002   PAD
    0x0800701c   0x0800701c   0x00000046   Code   RO         1175    .text.ndefT3TPollerEndWriteMessage  ndef_t3t.o
    0x08007062   0x08007062   0x00000002   PAD
    0x08007064   0x08007064   0x000000d8   Code   RO         1161    .text.ndefT3TPollerNdefDetect  ndef_t3t.o
    0x0800713c   0x0800713c   0x0000012c   Code   RO         1163    .text.ndefT3TPollerReadAttributeInformationBlock  ndef_t3t.o
    0x08007268   0x08007268   0x0000032c   Code   RO         1157    .text.ndefT3TPollerReadBytes  ndef_t3t.o
    0x08007594   0x08007594   0x00000078   Code   RO         1165    .text.ndefT3TPollerReadRawMessage  ndef_t3t.o
    0x0800760c   0x0800760c   0x00000098   Code   RO         1177    .text.ndefT3TPollerTagFormat  ndef_t3t.o
    0x080076a4   0x080076a4   0x000000d0   Code   RO         1179    .text.ndefT3TPollerWriteAttributeInformationBlock  ndef_t3t.o
    0x08007774   0x08007774   0x0000037c   Code   RO         1167    .text.ndefT3TPollerWriteBytes  ndef_t3t.o
    0x08007af0   0x08007af0   0x00000078   Code   RO         1169    .text.ndefT3TPollerWriteRawMessage  ndef_t3t.o
    0x08007b68   0x08007b68   0x00000046   Code   RO         1183    .text.ndefT3TPollerWriteRawMessageLen  ndef_t3t.o
    0x08007bae   0x08007bae   0x00000002   PAD
    0x08007bb0   0x08007bb0   0x00000038   Code   RO         1223    .text.ndefT4TPollerBeginWriteMessage  ndef_t4t.o
    0x08007be8   0x08007be8   0x00000040   Code   RO         1221    .text.ndefT4TPollerCheckAvailableSpace  ndef_t4t.o
    0x08007c28   0x08007c28   0x00000094   Code   RO         1229    .text.ndefT4TPollerCheckPresence  ndef_t4t.o
    0x08007cbc   0x08007cbc   0x00000040   Code   RO         1203    .text.ndefT4TPollerContextInitialization  ndef_t4t.o
    0x08007cfc   0x08007cfc   0x0000004c   Code   RO         1225    .text.ndefT4TPollerEndWriteMessage  ndef_t4t.o
    0x08007d48   0x08007d48   0x00000136   Code   RO         1205    .text.ndefT4TPollerNdefDetect  ndef_t4t.o
    0x08007e7e   0x08007e7e   0x00000002   PAD
    0x08007e80   0x08007e80   0x000000dc   Code   RO         1197    .text.ndefT4TPollerReadBinary  ndef_t4t.o
    0x08007f5c   0x08007f5c   0x000000e4   Code   RO         1199    .text.ndefT4TPollerReadBinaryODO  ndef_t4t.o
    0x08008040   0x08008040   0x0000010c   Code   RO         1201    .text.ndefT4TPollerReadBytes  ndef_t4t.o
    0x0800814c   0x0800814c   0x0000008e   Code   RO         1209    .text.ndefT4TPollerReadRawMessage  ndef_t4t.o
    0x080081da   0x080081da   0x00000002   PAD
    0x080081dc   0x080081dc   0x000000c6   Code   RO         1195    .text.ndefT4TPollerSelectFile  ndef_t4t.o
    0x080082a2   0x080082a2   0x00000002   PAD
    0x080082a4   0x080082a4   0x0000014e   Code   RO         1193    .text.ndefT4TPollerSelectNdefTagApplication  ndef_t4t.o
    0x080083f2   0x080083f2   0x00000002   PAD
    0x080083f4   0x080083f4   0x00000060   Code   RO         1227    .text.ndefT4TPollerTagFormat  ndef_t4t.o
    0x08008454   0x08008454   0x000000ea   Code   RO         1211    .text.ndefT4TPollerWriteBinary  ndef_t4t.o
    0x0800853e   0x0800853e   0x00000002   PAD
    0x08008540   0x08008540   0x000000f2   Code   RO         1213    .text.ndefT4TPollerWriteBinaryODO  ndef_t4t.o
    0x08008632   0x08008632   0x00000002   PAD
    0x08008634   0x08008634   0x00000080   Code   RO         1215    .text.ndefT4TPollerWriteBytes  ndef_t4t.o
    0x080086b4   0x080086b4   0x000000b0   Code   RO         1219    .text.ndefT4TPollerWriteRawMessage  ndef_t4t.o
    0x08008764   0x08008764   0x000000cc   Code   RO         1217    .text.ndefT4TPollerWriteRawMessageLen  ndef_t4t.o
    0x08008830   0x08008830   0x00000126   Code   RO         1207    .text.ndefT4TReadAndParseCCFile  ndef_t4t.o
    0x08008956   0x08008956   0x00000002   PAD
    0x08008958   0x08008958   0x0000011c   Code   RO         1246    .text.ndefT5TGetSystemInformation  ndef_t5t.o
    0x08008a74   0x08008a74   0x00000066   Code   RO         1262    .text.ndefT5TPollerBeginWriteMessage  ndef_t5t.o
    0x08008ada   0x08008ada   0x00000002   PAD
    0x08008adc   0x08008adc   0x00000040   Code   RO         1260    .text.ndefT5TPollerCheckAvailableSpace  ndef_t5t.o
    0x08008b1c   0x08008b1c   0x00000048   Code   RO         1270    .text.ndefT5TPollerCheckPresence  ndef_t5t.o
    0x08008b64   0x08008b64   0x00000118   Code   RO         1244    .text.ndefT5TPollerContextInitialization  ndef_t5t.o
    0x08008c7c   0x08008c7c   0x00000090   Code   RO         1264    .text.ndefT5TPollerEndWriteMessage  ndef_t5t.o
    0x08008d0c   0x08008d0c   0x0000021e   Code   RO         1248    .text.ndefT5TPollerNdefDetect  ndef_t5t.o
    0x08008f2a   0x08008f2a   0x00000002   PAD
    0x08008f2c   0x08008f2c   0x000002b4   Code   RO         1242    .text.ndefT5TPollerReadBytes  ndef_t5t.o
    0x080091e0   0x080091e0   0x0000004e   Code   RO         1250    .text.ndefT5TPollerReadRawMessage  ndef_t5t.o
    0x0800922e   0x0800922e   0x00000002   PAD
    0x08009230   0x08009230   0x00000182   Code   RO         1266    .text.ndefT5TPollerTagFormat  ndef_t5t.o
    0x080093b2   0x080093b2   0x00000002   PAD
    0x080093b4   0x080093b4   0x00000246   Code   RO         1252    .text.ndefT5TPollerWriteBytes  ndef_t5t.o
    0x080095fa   0x080095fa   0x00000002   PAD
    0x080095fc   0x080095fc   0x000000b6   Code   RO         1258    .text.ndefT5TPollerWriteRawMessage  ndef_t5t.o
    0x080096b2   0x080096b2   0x00000002   PAD
    0x080096b4   0x080096b4   0x00000074   Code   RO         1256    .text.ndefT5TPollerWriteRawMessageLen  ndef_t5t.o
    0x08009728   0x08009728   0x00000072   Code   RO         1254    .text.ndefT5TPollerWriteSingleBlock  ndef_t5t.o
    0x0800979a   0x0800979a   0x00000002   PAD
    0x0800979c   0x0800979c   0x000000aa   Code   RO         1268    .text.ndefT5TWriteCC  ndef_t5t.o
    0x08009846   0x08009846   0x00000002   PAD
    0x08009848   0x08009848   0x00000044   Code   RO         1336    .text.ndefVCardPayloadGetLength  ndef_types_mime.o
    0x0800988c   0x0800988c   0x00000222   Code   RO         1338    .text.ndefVCardToPayloadItem  ndef_types_mime.o
    0x08009aae   0x08009aae   0x00000002   PAD
    0x08009ab0   0x08009ab0   0x00000018   Code   RO         1283    .text.ndefWifiPayloadGetLength  ndef_type_wifi.o
    0x08009ac8   0x08009ac8   0x00000120   Code   RO         1285    .text.ndefWifiToPayloadItem  ndef_type_wifi.o
    0x08009be8   0x08009be8   0x00000066   Code   RO         1694    .text.nfcipDEPControlMsg  rfal_nfcdep.o
    0x08009c4e   0x08009c4e   0x00000002   PAD
    0x08009c50   0x08009c50   0x000001c0   Code   RO         1686    .text.nfcipTx       rfal_nfcdep.o
    0x08009e10   0x08009e10   0x0000001a   Code   RO         1478    .text.rfalAnalogConfigInitialize  rfal_analogconfig.o
    0x08009e2a   0x08009e2a   0x00000002   PAD
    0x08009e2c   0x08009e2c   0x00000068   Code   RO         1780    .text.rfalCalibrate  rfal_rfst25r3911.o
    0x08009e94   0x08009e94   0x0000000c   Code   RO         1880    .text.rfalChipChangeRegBits  rfal_rfst25r3911.o
    0x08009ea0   0x08009ea0   0x0000000c   Code   RO         1882    .text.rfalChipChangeTestRegBits  rfal_rfst25r3911.o
    0x08009eac   0x08009eac   0x00000114   Code   RO         1502    .text.rfalCrcCalculateCcitt  rfal_crc.o
    0x08009fc0   0x08009fc0   0x0000010e   Code   RO         1896    .text.rfalErrorHandling  rfal_rfst25r3911.o
    0x0800a0ce   0x0800a0ce   0x00000002   PAD
    0x0800a0d0   0x0800a0d0   0x0000002c   Code   RO         1898    .text.rfalFIFOStatusIsIncompleteByte  rfal_rfst25r3911.o
    0x0800a0fc   0x0800a0fc   0x00000028   Code   RO         1900    .text.rfalFIFOStatusIsMissingPar  rfal_rfst25r3911.o
    0x0800a124   0x0800a124   0x00000186   Code   RO         1860    .text.rfalFeliCaPoll  rfal_rfst25r3911.o
    0x0800a2aa   0x0800a2aa   0x00000002   PAD
    0x0800a2ac   0x0800a2ac   0x00000038   Code   RO         1826    .text.rfalFieldOff  rfal_rfst25r3911.o
    0x0800a2e4   0x0800a2e4   0x00000086   Code   RO         1824    .text.rfalFieldOnAndStartGT  rfal_rfst25r3911.o
    0x0800a36a   0x0800a36a   0x00000002   PAD
    0x0800a36c   0x0800a36c   0x00000036   Code   RO         1804    .text.rfalGetBitRate  rfal_rfst25r3911.o
    0x0800a3a2   0x0800a3a2   0x00000002   PAD
    0x0800a3a4   0x0800a3a4   0x00000016   Code   RO         1842    .text.rfalGetTransceiveStatus  rfal_rfst25r3911.o
    0x0800a3ba   0x0800a3ba   0x00000002   PAD
    0x0800a3bc   0x0800a3bc   0x0000017a   Code   RO         1852    .text.rfalISO14443ATransceiveAnticollisionFrame  rfal_rfst25r3911.o
    0x0800a536   0x0800a536   0x00000002   PAD
    0x0800a538   0x0800a538   0x0000017e   Code   RO         1850    .text.rfalISO14443ATransceiveShortFrame  rfal_rfst25r3911.o
    0x0800a6b6   0x0800a6b6   0x00000002   PAD
    0x0800a6b8   0x0800a6b8   0x000000c6   Code   RO         1854    .text.rfalISO15693TransceiveAnticollisionFrame  rfal_rfst25r3911.o
    0x0800a77e   0x0800a77e   0x00000002   PAD
    0x0800a780   0x0800a780   0x000000a2   Code   RO         1858    .text.rfalISO15693TransceiveEOF  rfal_rfst25r3911.o
    0x0800a822   0x0800a822   0x00000002   PAD
    0x0800a824   0x0800a824   0x0000001c   Code   RO         1856    .text.rfalISO15693TransceiveEOFAnticollision  rfal_rfst25r3911.o
    0x0800a840   0x0800a840   0x00000074   Code   RO         1778    .text.rfalInitialize  rfal_rfst25r3911.o
    0x0800a8b4   0x0800a8b4   0x00000138   Code   RO         1562    .text.rfalIsoDepCalcBitRate  rfal_isodep.o
    0x0800a9ec   0x0800a9ec   0x00000148   Code   RO         1538    .text.rfalIsoDepDeselect  rfal_isodep.o
    0x0800ab34   0x0800ab34   0x000001b2   Code   RO         1570    .text.rfalIsoDepGetApduTransceiveStatus  rfal_isodep.o
    0x0800ace6   0x0800ace6   0x00000002   PAD
    0x0800ace8   0x0800ace8   0x0000001a   Code   RO         1552    .text.rfalIsoDepGetTransceiveStatus  rfal_isodep.o
    0x0800ad02   0x0800ad02   0x00000002   PAD
    0x0800ad04   0x0800ad04   0x00000048   Code   RO         1534    .text.rfalIsoDepInitialize  rfal_isodep.o
    0x0800ad4c   0x0800ad4c   0x00000314   Code   RO         1560    .text.rfalIsoDepPollAHandleActivation  rfal_isodep.o
    0x0800b060   0x0800b060   0x00000254   Code   RO         1564    .text.rfalIsoDepPollBHandleActivation  rfal_isodep.o
    0x0800b2b4   0x0800b2b4   0x0000010c   Code   RO         1568    .text.rfalIsoDepStartApduTransceive  rfal_isodep.o
    0x0800b3c0   0x0800b3c0   0x000000a0   Code   RO         1550    .text.rfalIsoDepStartTransceive  rfal_isodep.o
    0x0800b460   0x0800b460   0x00000082   Code   RO         1598    .text.rfalNfcDataExchangeGetStatus  rfal_nfc.o
    0x0800b4e2   0x0800b4e2   0x00000002   PAD
    0x0800b4e4   0x0800b4e4   0x000001ac   Code   RO         1600    .text.rfalNfcDataExchangeStart  rfal_nfc.o
    0x0800b690   0x0800b690   0x00000054   Code   RO         1586    .text.rfalNfcDeactivate  rfal_nfc.o
    0x0800b6e4   0x0800b6e4   0x00000234   Code   RO         1672    .text.rfalNfcDepATR  rfal_nfcdep.o
    0x0800b918   0x0800b918   0x0000086e   Code   RO         1692    .text.rfalNfcDepGetTransceiveStatus  rfal_nfcdep.o
    0x0800c186   0x0800c186   0x00000002   PAD
    0x0800c188   0x0800c188   0x00000040   Code   RO         1666    .text.rfalNfcDepInitialize  rfal_nfcdep.o
    0x0800c1c8   0x0800c1c8   0x00000154   Code   RO         1680    .text.rfalNfcDepInitiatorHandleActivation  rfal_nfcdep.o
    0x0800c31c   0x0800c31c   0x000000e2   Code   RO         1674    .text.rfalNfcDepPSL  rfal_nfcdep.o
    0x0800c3fe   0x0800c3fe   0x00000002   PAD
    0x0800c400   0x0800c400   0x000000fc   Code   RO         1678    .text.rfalNfcDepRLS  rfal_nfcdep.o
    0x0800c4fc   0x0800c4fc   0x00000096   Code   RO         1690    .text.rfalNfcDepStartTransceive  rfal_nfcdep.o
    0x0800c592   0x0800c592   0x00000002   PAD
    0x0800c594   0x0800c594   0x0000007c   Code   RO         1584    .text.rfalNfcDiscover  rfal_nfc.o
    0x0800c610   0x0800c610   0x00000036   Code   RO         1594    .text.rfalNfcGetActiveDevice  rfal_nfc.o
    0x0800c646   0x0800c646   0x00000002   PAD
    0x0800c648   0x0800c648   0x0000000c   Code   RO         1590    .text.rfalNfcGetState  rfal_nfc.o
    0x0800c654   0x0800c654   0x00000020   Code   RO         1582    .text.rfalNfcInitialize  rfal_nfc.o
    0x0800c674   0x0800c674   0x00000068   Code   RO         1602    .text.rfalNfcNfcDepActivate  rfal_nfc.o
    0x0800c6dc   0x0800c6dc   0x00000ddc   Code   RO         1596    .text.rfalNfcWorker  rfal_nfc.o
    0x0800d4b8   0x0800d4b8   0x00000032   Code   RO         1615    .text.rfalNfcaPollerCheckPresence  rfal_nfca.o
    0x0800d4ea   0x0800d4ea   0x00000002   PAD
    0x0800d4ec   0x0800d4ec   0x000001ae   Code   RO         1623    .text.rfalNfcaPollerFullCollisionResolution  rfal_nfca.o
    0x0800d69a   0x0800d69a   0x00000002   PAD
    0x0800d69c   0x0800d69c   0x0000003a   Code   RO         1613    .text.rfalNfcaPollerInitialize  rfal_nfca.o
    0x0800d6d6   0x0800d6d6   0x00000002   PAD
    0x0800d6d8   0x0800d6d8   0x000000d0   Code   RO         1625    .text.rfalNfcaPollerSelect  rfal_nfca.o
    0x0800d7a8   0x0800d7a8   0x00000374   Code   RO         1621    .text.rfalNfcaPollerSingleCollisionResolution  rfal_nfca.o
    0x0800db1c   0x0800db1c   0x0000002e   Code   RO         1619    .text.rfalNfcaPollerSleep  rfal_nfca.o
    0x0800db4a   0x0800db4a   0x00000002   PAD
    0x0800db4c   0x0800db4c   0x00000064   Code   RO         1617    .text.rfalNfcaPollerTechnologyDetection  rfal_nfca.o
    0x0800dbb0   0x0800dbb0   0x000000ac   Code   RO         1641    .text.rfalNfcbPollerCheckPresence  rfal_nfcb.o
    0x0800dc5c   0x0800dc5c   0x0000001e   Code   RO         1649    .text.rfalNfcbPollerCollisionResolution  rfal_nfcb.o
    0x0800dc7a   0x0800dc7a   0x00000002   PAD
    0x0800dc7c   0x0800dc7c   0x00000046   Code   RO         1637    .text.rfalNfcbPollerInitialize  rfal_nfcb.o
    0x0800dcc2   0x0800dcc2   0x00000002   PAD
    0x0800dcc4   0x0800dcc4   0x0000005c   Code   RO         1643    .text.rfalNfcbPollerSleep  rfal_nfcb.o
    0x0800dd20   0x0800dd20   0x0000056a   Code   RO         1651    .text.rfalNfcbPollerSlottedCollisionResolution  rfal_nfcb.o
    0x0800e28a   0x0800e28a   0x00000002   PAD
    0x0800e28c   0x0800e28c   0x0000009c   Code   RO         1647    .text.rfalNfcbPollerTechnologyDetection  rfal_nfcb.o
    0x0800e328   0x0800e328   0x00000014   Code   RO         1653    .text.rfalNfcbTR2ToFDT  rfal_nfcb.o
    0x0800e33c   0x0800e33c   0x00000352   Code   RO         1713    .text.rfalNfcfPollerCheck  rfal_nfcf.o
    0x0800e68e   0x0800e68e   0x00000002   PAD
    0x0800e690   0x0800e690   0x00000030   Code   RO         1709    .text.rfalNfcfPollerCheckPresence  rfal_nfcf.o
    0x0800e6c0   0x0800e6c0   0x00000386   Code   RO         1711    .text.rfalNfcfPollerCollisionResolution  rfal_nfcf.o
    0x0800ea46   0x0800ea46   0x00000002   PAD
    0x0800ea48   0x0800ea48   0x00000044   Code   RO         1705    .text.rfalNfcfPollerInitialize  rfal_nfcf.o
    0x0800ea8c   0x0800ea8c   0x00000018   Code   RO         1707    .text.rfalNfcfPollerPoll  rfal_nfcf.o
    0x0800eaa4   0x0800eaa4   0x0000016c   Code   RO         1715    .text.rfalNfcfPollerUpdate  rfal_nfcf.o
    0x0800ec10   0x0800ec10   0x00000038   Code   RO         1754    .text.rfalNfcvParseError  rfal_nfcv.o
    0x0800ec48   0x0800ec48   0x0000005c   Code   RO         1730    .text.rfalNfcvPollerCheckPresence  rfal_nfcv.o
    0x0800eca4   0x0800eca4   0x00000290   Code   RO         1734    .text.rfalNfcvPollerCollisionResolution  rfal_nfcv.o
    0x0800ef34   0x0800ef34   0x000000a2   Code   RO         1768    .text.rfalNfcvPollerExtendedGetSystemInformation  rfal_nfcv.o
    0x0800efd6   0x0800efd6   0x00000002   PAD
    0x0800efd8   0x0800efd8   0x0000008e   Code   RO         1756    .text.rfalNfcvPollerExtendedReadSingleBlock  rfal_nfcv.o
    0x0800f066   0x0800f066   0x00000002   PAD
    0x0800f068   0x0800f068   0x000000d4   Code   RO         1758    .text.rfalNfcvPollerExtendedWriteSingleBlock  rfal_nfcv.o
    0x0800f13c   0x0800f13c   0x00000082   Code   RO         1766    .text.rfalNfcvPollerGetSystemInformation  rfal_nfcv.o
    0x0800f1be   0x0800f1be   0x00000002   PAD
    0x0800f1c0   0x0800f1c0   0x0000003a   Code   RO         1728    .text.rfalNfcvPollerInitialize  rfal_nfcv.o
    0x0800f1fa   0x0800f1fa   0x00000002   PAD
    0x0800f1fc   0x0800f1fc   0x00000092   Code   RO         1732    .text.rfalNfcvPollerInventory  rfal_nfcv.o
    0x0800f28e   0x0800f28e   0x00000002   PAD
    0x0800f290   0x0800f290   0x00000092   Code   RO         1750    .text.rfalNfcvPollerReadMultipleBlocks  rfal_nfcv.o
    0x0800f322   0x0800f322   0x00000002   PAD
    0x0800f324   0x0800f324   0x0000008a   Code   RO         1744    .text.rfalNfcvPollerReadSingleBlock  rfal_nfcv.o
    0x0800f3ae   0x0800f3ae   0x00000002   PAD
    0x0800f3b0   0x0800f3b0   0x0000007c   Code   RO         1740    .text.rfalNfcvPollerSelect  rfal_nfcv.o
    0x0800f42c   0x0800f42c   0x0000015e   Code   RO         1742    .text.rfalNfcvPollerTransceiveReq  rfal_nfcv.o
    0x0800f58a   0x0800f58a   0x00000002   PAD
    0x0800f58c   0x0800f58c   0x000000d0   Code   RO         1746    .text.rfalNfcvPollerWriteSingleBlock  rfal_nfcv.o
    0x0800f65c   0x0800f65c   0x000000c4   Code   RO         1830    .text.rfalPrepareTransceive  rfal_rfst25r3911.o
    0x0800f720   0x0800f720   0x0000003a   Code   RO         1947    .text.rfalST25xVPollerM24LRReadMultipleBlocks  rfal_st25xv.o
    0x0800f75a   0x0800f75a   0x00000002   PAD
    0x0800f75c   0x0800f75c   0x00000030   Code   RO         1943    .text.rfalST25xVPollerM24LRReadSingleBlock  rfal_st25xv.o
    0x0800f78c   0x0800f78c   0x00000054   Code   RO         1945    .text.rfalST25xVPollerM24LRWriteSingleBlock  rfal_st25xv.o
    0x0800f7e0   0x0800f7e0   0x00000116   Code   RO         1490    .text.rfalSetAnalogConfig  rfal_analogconfig.o
    0x0800f8f6   0x0800f8f6   0x00000002   PAD
    0x0800f8f8   0x0800f8f8   0x000001cc   Code   RO         1800    .text.rfalSetBitRate  rfal_rfst25r3911.o
    0x0800fac4   0x0800fac4   0x0000000c   Code   RO         1806    .text.rfalSetErrorHandling  rfal_rfst25r3911.o
    0x0800fad0   0x0800fad0   0x00000016   Code   RO         1814    .text.rfalSetFDTListen  rfal_rfst25r3911.o
    0x0800fae6   0x0800fae6   0x00000002   PAD
    0x0800fae8   0x0800fae8   0x0000001a   Code   RO         1810    .text.rfalSetFDTPoll  rfal_rfst25r3911.o
    0x0800fb02   0x0800fb02   0x00000002   PAD
    0x0800fb04   0x0800fb04   0x0000001a   Code   RO         1818    .text.rfalSetGT     rfal_rfst25r3911.o
    0x0800fb1e   0x0800fb1e   0x00000002   PAD
    0x0800fb20   0x0800fb20   0x000001c0   Code   RO         1798    .text.rfalSetMode   rfal_rfst25r3911.o
    0x0800fce0   0x0800fce0   0x0000005a   Code   RO         1913    .text.rfalSt25tbPollerCheckPresence  rfal_st25tb.o
    0x0800fd3a   0x0800fd3a   0x00000002   PAD
    0x0800fd3c   0x0800fd3c   0x00000368   Code   RO         1925    .text.rfalSt25tbPollerCollisionResolution  rfal_st25tb.o
    0x080100a4   0x080100a4   0x00000004   Code   RO         1911    .text.rfalSt25tbPollerInitialize  rfal_st25tb.o
    0x080100a8   0x080100a8   0x0000017e   Code   RO         1828    .text.rfalStartTransceive  rfal_rfst25r3911.o
    0x08010226   0x08010226   0x00000002   PAD
    0x08010228   0x08010228   0x00000034   Code   RO         1997    .text.rfalT1TPollerInitialize  rfal_t1t.o
    0x0801025c   0x0801025c   0x00000078   Code   RO         1999    .text.rfalT1TPollerRid  rfal_t1t.o
    0x080102d4   0x080102d4   0x00000054   Code   RO         2013    .text.rfalT2TPollerRead  rfal_t2t.o
    0x08010328   0x08010328   0x000000aa   Code   RO         2017    .text.rfalT2TPollerSectorSelect  rfal_t2t.o
    0x080103d2   0x080103d2   0x00000002   PAD
    0x080103d4   0x080103d4   0x00000064   Code   RO         2015    .text.rfalT2TPollerWrite  rfal_t2t.o
    0x08010438   0x08010438   0x00000036   Code   RO         2037    .text.rfalT4TPollerComposeReadData  rfal_t4t.o
    0x0801046e   0x0801046e   0x00000002   PAD
    0x08010470   0x08010470   0x00000050   Code   RO         2039    .text.rfalT4TPollerComposeReadDataODO  rfal_t4t.o
    0x080104c0   0x080104c0   0x00000064   Code   RO         2031    .text.rfalT4TPollerComposeSelectAppl  rfal_t4t.o
    0x08010524   0x08010524   0x00000060   Code   RO         2033    .text.rfalT4TPollerComposeSelectFile  rfal_t4t.o
    0x08010584   0x08010584   0x0000005c   Code   RO         2035    .text.rfalT4TPollerComposeSelectFileV1Mapping  rfal_t4t.o
    0x080105e0   0x080105e0   0x00000084   Code   RO         2041    .text.rfalT4TPollerComposeWriteData  rfal_t4t.o
    0x08010664   0x08010664   0x0000007e   Code   RO         2043    .text.rfalT4TPollerComposeWriteDataODO  rfal_t4t.o
    0x080106e2   0x080106e2   0x00000002   PAD
    0x080106e4   0x080106e4   0x00000036   Code   RO         2029    .text.rfalT4TPollerParseRAPDU  rfal_t4t.o
    0x0801071a   0x0801071a   0x00000002   PAD
    0x0801071c   0x0801071c   0x00000028   Code   RO         1838    .text.rfalTransceiveBlockingRx  rfal_rfst25r3911.o
    0x08010744   0x08010744   0x00000064   Code   RO         1836    .text.rfalTransceiveBlockingTx  rfal_rfst25r3911.o
    0x080107a8   0x080107a8   0x0000008a   Code   RO         1844    .text.rfalTransceiveBlockingTxRx  rfal_rfst25r3911.o
    0x08010832   0x08010832   0x00000002   PAD
    0x08010834   0x08010834   0x00000016   Code   RO         1866    .text.rfalWakeUpModeHasWoke  rfal_rfst25r3911.o
    0x0801084a   0x0801084a   0x00000002   PAD
    0x0801084c   0x0801084c   0x0000020e   Code   RO         1864    .text.rfalWakeUpModeStart  rfal_rfst25r3911.o
    0x08010a5a   0x08010a5a   0x00000002   PAD
    0x08010a5c   0x08010a5c   0x00000040   Code   RO         1868    .text.rfalWakeUpModeStop  rfal_rfst25r3911.o
    0x08010a9c   0x08010a9c   0x00000754   Code   RO         1840    .text.rfalWorker    rfal_rfst25r3911.o
    0x080111f0   0x080111f0   0x00000016   Code   RO          957    .text.spiInit       spi.o
    0x08011206   0x08011206   0x00000002   PAD
    0x08011208   0x08011208   0x0000005c   Code   RO          963    .text.spiTxRx       spi.o
    0x08011264   0x08011264   0x00000086   Code   RO           16    .text.st25r3911AdjustRegulators  st25r3911.o
    0x080112ea   0x080112ea   0x00000002   PAD
    0x080112ec   0x080112ec   0x0000003e   Code   RO           24    .text.st25r3911CalibrateAntenna  st25r3911.o
    0x0801132a   0x0801132a   0x00000002   PAD
    0x0801132c   0x0801132c   0x00000062   Code   RO           28    .text.st25r3911CalibrateCapacitiveSensor  st25r3911.o
    0x0801138e   0x0801138e   0x00000002   PAD
    0x08011390   0x08011390   0x00000006   Code   RO           84    .text.st25r3911ChangeRegisterBits  st25r3911_com.o
    0x08011396   0x08011396   0x00000002   PAD
    0x08011398   0x08011398   0x00000106   Code   RO           88    .text.st25r3911ChangeTestRegisterBits  st25r3911_com.o
    0x0801149e   0x0801149e   0x00000002   PAD
    0x080114a0   0x080114a0   0x00000038   Code   RO           42    .text.st25r3911CheckChipID  st25r3911.o
    0x080114d8   0x080114d8   0x000000b2   Code   RO          114    .text.st25r3911CheckForReceivedInterrupts  st25r3911_interrupt.o
    0x0801158a   0x0801158a   0x00000002   PAD
    0x0801158c   0x0801158c   0x00000028   Code   RO            8    .text.st25r3911CheckReg  st25r3911.o
    0x080115b4   0x080115b4   0x00000054   Code   RO          126    .text.st25r3911ClearInterrupts  st25r3911_interrupt.o
    0x08011608   0x08011608   0x000000e8   Code   RO           80    .text.st25r3911ClrRegisterBits  st25r3911_com.o
    0x080116f0   0x080116f0   0x00000054   Code   RO          124    .text.st25r3911DisableInterrupts  st25r3911_interrupt.o
    0x08011744   0x08011744   0x00000054   Code   RO          122    .text.st25r3911EnableInterrupts  st25r3911_interrupt.o
    0x08011798   0x08011798   0x00000084   Code   RO           96    .text.st25r3911ExecuteCommand  st25r3911_com.o
    0x0801181c   0x0801181c   0x0000006e   Code   RO           98    .text.st25r3911ExecuteCommands  st25r3911_com.o
    0x0801188a   0x0801188a   0x00000002   PAD
    0x0801188c   0x0801188c   0x00000056   Code   RO          120    .text.st25r3911GetInterrupt  st25r3911_interrupt.o
    0x080118e2   0x080118e2   0x00000002   PAD
    0x080118e4   0x080118e4   0x0000002a   Code   RO          110    .text.st25r3911InitInterrupts  st25r3911_interrupt.o
    0x0801190e   0x0801190e   0x00000002   PAD
    0x08011910   0x08011910   0x000000e0   Code   RO           10    .text.st25r3911Initialize  st25r3911.o
    0x080119f0   0x080119f0   0x0000001e   Code   RO          112    .text.st25r3911Isr  st25r3911_interrupt.o
    0x08011a0e   0x08011a0e   0x00000002   PAD
    0x08011a10   0x08011a10   0x0000003e   Code   RO           18    .text.st25r3911MeasureAmplitude  st25r3911.o
    0x08011a4e   0x08011a4e   0x00000002   PAD
    0x08011a50   0x08011a50   0x0000003e   Code   RO           22    .text.st25r3911MeasureCapacitance  st25r3911.o
    0x08011a8e   0x08011a8e   0x00000002   PAD
    0x08011a90   0x08011a90   0x0000003e   Code   RO           20    .text.st25r3911MeasurePhase  st25r3911.o
    0x08011ace   0x08011ace   0x00000002   PAD
    0x08011ad0   0x08011ad0   0x000000ec   Code   RO           86    .text.st25r3911ModifyRegister  st25r3911_com.o
    0x08011bbc   0x08011bbc   0x00000044   Code   RO            6    .text.st25r3911OscOn  st25r3911.o
    0x08011c00   0x08011c00   0x00000092   Code   RO           48    .text.st25r3911PerformCollisionAvoidance  st25r3911.o
    0x08011c92   0x08011c92   0x00000002   PAD
    0x08011c94   0x08011c94   0x00000082   Code   RO           94    .text.st25r3911ReadFifo  st25r3911_com.o
    0x08011d16   0x08011d16   0x00000002   PAD
    0x08011d18   0x08011d18   0x00000084   Code   RO           72    .text.st25r3911ReadMultipleRegisters  st25r3911_com.o
    0x08011d9c   0x08011d9c   0x00000088   Code   RO           70    .text.st25r3911ReadRegister  st25r3911_com.o
    0x08011e24   0x08011e24   0x0000005e   Code   RO           30    .text.st25r3911SetBitrate  st25r3911.o
    0x08011e82   0x08011e82   0x00000002   PAD
    0x08011e84   0x08011e84   0x0000004a   Code   RO           44    .text.st25r3911SetNoResponseTime_64fcs  st25r3911.o
    0x08011ece   0x08011ece   0x00000002   PAD
    0x08011ed0   0x08011ed0   0x0000001a   Code   RO           52    .text.st25r3911SetNumTxBits  st25r3911.o
    0x08011eea   0x08011eea   0x00000002   PAD
    0x08011eec   0x08011eec   0x000000e6   Code   RO           82    .text.st25r3911SetRegisterBits  st25r3911_com.o
    0x08011fd2   0x08011fd2   0x00000002   PAD
    0x08011fd4   0x08011fd4   0x00000030   Code   RO           38    .text.st25r3911StartGPTimer_8fcs  st25r3911.o
    0x08012004   0x08012004   0x0000006c   Code   RO           56    .text.st25r3911StreamConfigure  st25r3911.o
    0x08012070   0x08012070   0x00000008   Code   RO            4    .text.st25r3911TxRxOff  st25r3911.o
    0x08012078   0x08012078   0x00000008   Code   RO            2    .text.st25r3911TxRxOn  st25r3911.o
    0x08012080   0x08012080   0x00000084   Code   RO          118    .text.st25r3911WaitForInterruptsTimed  st25r3911_interrupt.o
    0x08012104   0x08012104   0x00000082   Code   RO           92    .text.st25r3911WriteFifo  st25r3911_com.o
    0x08012186   0x08012186   0x00000002   PAD
    0x08012188   0x08012188   0x0000008c   Code   RO           78    .text.st25r3911WriteRegister  st25r3911_com.o
    0x08012214   0x08012214   0x0000007e   Code   RO           76    .text.st25r3911WriteTestRegister  st25r3911_com.o
    0x08012292   0x08012292   0x00000002   PAD
    0x08012294   0x08012294   0x0000000c   Code   RO          141    .text.timerCalculateTimer  timer.o
    0x080122a0   0x080122a0   0x0000000e   Code   RO          143    .text.timerIsExpired  timer.o
    0x080122ae   0x080122ae   0x00000002   PAD
    0x080122b0   0x080122b0   0x00000034   Code   RO         2077    i.__0vsnprintf      mc_w.l(printfa.o)
    0x080122e4   0x080122e4   0x0000000e   Code   RO         2154    i.__scatterload_copy  mc_w.l(handlers.o)
    0x080122f2   0x080122f2   0x00000002   Code   RO         2155    i.__scatterload_null  mc_w.l(handlers.o)
    0x080122f4   0x080122f4   0x0000000e   Code   RO         2156    i.__scatterload_zeroinit  mc_w.l(handlers.o)
    0x08012302   0x08012302   0x00000002   PAD
    0x08012304   0x08012304   0x00000184   Code   RO         2079    i._fp_digits        mc_w.l(printfa.o)
    0x08012488   0x08012488   0x000006dc   Code   RO         2080    i._printf_core      mc_w.l(printfa.o)
    0x08012b64   0x08012b64   0x00000024   Code   RO         2081    i._printf_post_padding  mc_w.l(printfa.o)
    0x08012b88   0x08012b88   0x0000002e   Code   RO         2082    i._printf_pre_padding  mc_w.l(printfa.o)
    0x08012bb6   0x08012bb6   0x00000016   Code   RO         2083    i._snputc           mc_w.l(printfa.o)
    0x08012bcc   0x08012bcc   0x00000004   PAD
    0x08012bd0   0x08012bd0   0x00000008   Data   RO          940    .rodata..L__const.ndefMediaVCardDump.bufTypeADR  ndef_dump.o
    0x08012bd8   0x08012bd8   0x00000008   Data   RO          942    .rodata..L__const.ndefMediaVCardDump.bufTypeEMAIL  ndef_dump.o
    0x08012be0   0x08012be0   0x00000008   Data   RO          939    .rodata..L__const.ndefMediaVCardDump.bufTypeFN  ndef_dump.o
    0x08012be8   0x08012be8   0x00000008   Data   RO          938    .rodata..L__const.ndefMediaVCardDump.bufTypeN  ndef_dump.o
    0x08012bf0   0x08012bf0   0x00000008   Data   RO          944    .rodata..L__const.ndefMediaVCardDump.bufTypeORG  ndef_dump.o
    0x08012bf8   0x08012bf8   0x00000008   Data   RO          946    .rodata..L__const.ndefMediaVCardDump.bufTypePHOTO  ndef_dump.o
    0x08012c00   0x08012c00   0x00000008   Data   RO          941    .rodata..L__const.ndefMediaVCardDump.bufTypeTEL  ndef_dump.o
    0x08012c08   0x08012c08   0x00000008   Data   RO          943    .rodata..L__const.ndefMediaVCardDump.bufTypeTITLE  ndef_dump.o
    0x08012c10   0x08012c10   0x00000008   Data   RO          945    .rodata..L__const.ndefMediaVCardDump.bufTypeURL  ndef_dump.o
    0x08012c18   0x08012c18   0x00000048   Data   RO          947    .rodata..L__const.ndefMediaVCardTranslate.translate  ndef_dump.o
    0x08012c60   0x08012c60   0x00000020   Data   RO          936    .rodata..L__const.ndefRecordDump.ndefTNFNames  ndef_dump.o
    0x08012c80   0x08012c80   0x00000014   Data   RO          937    .rodata..L__const.ndefRtdDeviceInfoDump.ndefDeviceInfoName  ndef_dump.o
    0x08012c94   0x08012c94   0x00000020   Data   RO          948    .rodata..Lswitch.table.ndefRecordDumpType  ndef_dump.o
    0x08012cb4   0x08012cb4   0x0000001a   Data   RO         1573    .rodata..Lswitch.table.rfalIsoDepPollBHandleActivation.3  rfal_isodep.o
    0x08012cce   0x08012cce   0x00000010   Data   RO          218    .rodata.AHBPrescTable  system_stm32f4xx.o
    0x08012cde   0x08012cde   0x00000008   Data   RO          219    .rodata.APBPrescTable  system_stm32f4xx.o
    0x08012ce6   0x08012ce6   0x00000002   Data   RO         1351    .rodata.COLON       ndef_types_mime.o
    0x08012ce8   0x08012ce8   0x00000003   Data   RO         1353    .rodata.NEWLINE     ndef_types_mime.o
    0x08012ceb   0x08012ceb   0x00000002   Data   RO         1356    .rodata.SEMICOLON   ndef_types_mime.o
    0x08012ced   0x08012ced   0x00000006   Data   RO         1350    .rodata.TYPE_BEGIN  ndef_types_mime.o
    0x08012cf3   0x08012cf3   0x00000004   Data   RO         1357    .rodata.TYPE_END    ndef_types_mime.o
    0x08012cf7   0x08012cf7   0x00000008   Data   RO         1354    .rodata.TYPE_VERSION  ndef_types_mime.o
    0x08012cff   0x08012cff   0x00000007   Data   RO          893    .rodata.URL         ndef_demo.o
    0x08012d06   0x08012d06   0x00000004   Data   RO         1355    .rodata.VALUE_2_1   ndef_types_mime.o
    0x08012d0a   0x08012d0a   0x00000006   Data   RO         1352    .rodata.VALUE_VCARD  ndef_types_mime.o
    0x08012d10   0x08012d10   0x00000008   Data   RO         1349    .rodata.bufMediaTypeVCard  ndef_types_mime.o
    0x08012d18   0x08012d18   0x00000008   Data   RO         1294    .rodata.bufMediaTypeWifi  ndef_type_wifi.o
    0x08012d20   0x08012d20   0x00000008   Data   RO         1428    .rodata.bufRtdTypeAar  ndef_types_rtd.o
    0x08012d28   0x08012d28   0x00000008   Data   RO         1422    .rodata.bufRtdTypeDeviceInfo  ndef_types_rtd.o
    0x08012d30   0x08012d30   0x00000008   Data   RO         1424    .rodata.bufRtdTypeText  ndef_types_rtd.o
    0x08012d38   0x08012d38   0x00000008   Data   RO         1426    .rodata.bufRtdTypeUri  ndef_types_rtd.o
    0x08012d40   0x08012d40   0x00000010   Data   RO          890    .rodata.ndefDemoFeatureDescription  ndef_demo.o
    0x08012d50   0x08012d50   0x0000000d   Data   RO         1348    .rodata.ndefMediaTypeVCard  ndef_types_mime.o
    0x08012d5d   0x08012d5d   0x00000018   Data   RO         1293    .rodata.ndefMediaTypeWifi  ndef_type_wifi.o
    0x08012d75   0x08012d75   0x00000003   PAD
    0x08012d78   0x08012d78   0x00000030   Data   RO         1069    .rodata.ndefPollerContextInitialization.ndefT1TWrapper  ndef_poller.o
    0x08012da8   0x08012da8   0x00000030   Data   RO         1070    .rodata.ndefPollerContextInitialization.ndefT2TWrapper  ndef_poller.o
    0x08012dd8   0x08012dd8   0x00000030   Data   RO         1071    .rodata.ndefPollerContextInitialization.ndefT3TWrapper  ndef_poller.o
    0x08012e08   0x08012e08   0x00000030   Data   RO         1072    .rodata.ndefPollerContextInitialization.ndefT4TWrapper  ndef_poller.o
    0x08012e38   0x08012e38   0x00000030   Data   RO         1073    .rodata.ndefPollerContextInitialization.ndefT5TWrapper  ndef_poller.o
    0x08012e68   0x08012e68   0x00000010   Data   RO         1427    .rodata.ndefRtdTypeAar  ndef_types_rtd.o
    0x08012e78   0x08012e78   0x00000003   Data   RO         1421    .rodata.ndefRtdTypeDeviceInfo  ndef_types_rtd.o
    0x08012e7b   0x08012e7b   0x00000002   Data   RO         1423    .rodata.ndefRtdTypeText  ndef_types_rtd.o
    0x08012e7d   0x08012e7d   0x00000002   Data   RO         1425    .rodata.ndefRtdTypeUri  ndef_types_rtd.o
    0x08012e7f   0x08012e7f   0x00000004   Data   RO         1148    .rodata.ndefT2TPollerTagFormat.emptyNdef  ndef_t2t.o
    0x08012e83   0x08012e83   0x00000007   Data   RO         1231    .rodata.ndefT4TPollerSelectNdefTagApplication.NDEF_T4T_AID_NDEF  ndef_t4t.o
    0x08012e8a   0x08012e8a   0x00000007   Data   RO         1232    .rodata.ndefT4TPollerSelectNdefTagApplication.NDEF_T4T_AID_NDEF_V1  ndef_t4t.o
    0x08012e91   0x08012e91   0x00000002   Data   RO         1233    .rodata.ndefT4TReadAndParseCCFile.RFAL_T4T_FID_CC  ndef_t4t.o
    0x08012e93   0x08012e93   0x00000004   Data   RO         1272    .rodata.ndefT5TPollerTagFormat.emptyNDEF  ndef_t5t.o
    0x08012e97   0x08012e97   0x00000001   Data   RO         1315    .rodata.ndefTypeStringToTypeId.ndefTypeEmpty  ndef_types.o
    0x08012e98   0x08012e98   0x00000038   Data   RO         1317    .rodata.ndefTypeStringToTypeId.typeTable  ndef_types.o
    0x08012ed0   0x08012ed0   0x00000128   Data   RO         1429    .rodata.ndefUriPrefix  ndef_types_rtd.o
    0x08012ff8   0x08012ff8   0x0000000a   Data   RO         1459    .rodata.ndefUriPrefixBtgoep  ndef_types_rtd.o
    0x08013002   0x08013002   0x0000000b   Data   RO         1458    .rodata.ndefUriPrefixBtl2cap  ndef_types_rtd.o
    0x0801300d   0x0801300d   0x00000009   Data   RO         1457    .rodata.ndefUriPrefixBtspp  ndef_types_rtd.o
    0x08013016   0x08013016   0x00000007   Data   RO         1447    .rodata.ndefUriPrefixDav  ndef_types_rtd.o
    0x0801301d   0x0801301d   0x00000001   Data   RO         1469    .rodata.ndefUriPrefixEmpty  ndef_types_rtd.o
    0x0801301e   0x0801301e   0x00000008   Data   RO         1462    .rodata.ndefUriPrefixFile  ndef_types_rtd.o
    0x08013026   0x08013026   0x00000007   Data   RO         1446    .rodata.ndefUriPrefixFtp  ndef_types_rtd.o
    0x0801302d   0x0801302d   0x0000001b   Data   RO         1440    .rodata.ndefUriPrefixFtpAnonymous  ndef_types_rtd.o
    0x08013048   0x08013048   0x0000000b   Data   RO         1441    .rodata.ndefUriPrefixFtpFtp  ndef_types_rtd.o
    0x08013053   0x08013053   0x00000008   Data   RO         1442    .rodata.ndefUriPrefixFtps  ndef_types_rtd.o
    0x0801305b   0x0801305b   0x00000008   Data   RO         1436    .rodata.ndefUriPrefixHttp  ndef_types_rtd.o
    0x08013063   0x08013063   0x0000000c   Data   RO         1434    .rodata.ndefUriPrefixHttpWww  ndef_types_rtd.o
    0x0801306f   0x0801306f   0x00000009   Data   RO         1437    .rodata.ndefUriPrefixHttps  ndef_types_rtd.o
    0x08013078   0x08013078   0x0000000d   Data   RO         1435    .rodata.ndefUriPrefixHttpsWww  ndef_types_rtd.o
    0x08013085   0x08013085   0x00000006   Data   RO         1450    .rodata.ndefUriPrefixImap  ndef_types_rtd.o
    0x0801308b   0x0801308b   0x0000000c   Data   RO         1461    .rodata.ndefUriPrefixIrdaobex  ndef_types_rtd.o
    0x08013097   0x08013097   0x00000008   Data   RO         1439    .rodata.ndefUriPrefixMailto  ndef_types_rtd.o
    0x0801309f   0x0801309f   0x00000006   Data   RO         1448    .rodata.ndefUriPrefixNews  ndef_types_rtd.o
    0x080130a5   0x080130a5   0x00000007   Data   RO         1445    .rodata.ndefUriPrefixNfs  ndef_types_rtd.o
    0x080130ac   0x080130ac   0x00000001   Data   RO         1433    .rodata.ndefUriPrefixNone  ndef_types_rtd.o
    0x080130ad   0x080130ad   0x00000005   Data   RO         1453    .rodata.ndefUriPrefixPop  ndef_types_rtd.o
    0x080130b2   0x080130b2   0x00000008   Data   RO         1451    .rodata.ndefUriPrefixRtsp  ndef_types_rtd.o
    0x080130ba   0x080130ba   0x00000008   Data   RO         1443    .rodata.ndefUriPrefixSftp  ndef_types_rtd.o
    0x080130c2   0x080130c2   0x00000005   Data   RO         1454    .rodata.ndefUriPrefixSip  ndef_types_rtd.o
    0x080130c7   0x080130c7   0x00000006   Data   RO         1455    .rodata.ndefUriPrefixSips  ndef_types_rtd.o
    0x080130cd   0x080130cd   0x00000007   Data   RO         1444    .rodata.ndefUriPrefixSmb  ndef_types_rtd.o
    0x080130d4   0x080130d4   0x0000000b   Data   RO         1460    .rodata.ndefUriPrefixTcpobex  ndef_types_rtd.o
    0x080130df   0x080130df   0x00000005   Data   RO         1438    .rodata.ndefUriPrefixTel  ndef_types_rtd.o
    0x080130e4   0x080130e4   0x0000000a   Data   RO         1449    .rodata.ndefUriPrefixTelnet  ndef_types_rtd.o
    0x080130ee   0x080130ee   0x00000006   Data   RO         1456    .rodata.ndefUriPrefixTftp  ndef_types_rtd.o
    0x080130f4   0x080130f4   0x00000005   Data   RO         1452    .rodata.ndefUriPrefixUrn  ndef_types_rtd.o
    0x080130f9   0x080130f9   0x0000000c   Data   RO         1463    .rodata.ndefUriPrefixUrnEpcId  ndef_types_rtd.o
    0x08013105   0x08013105   0x0000000d   Data   RO         1465    .rodata.ndefUriPrefixUrnEpcPat  ndef_types_rtd.o
    0x08013112   0x08013112   0x0000000d   Data   RO         1466    .rodata.ndefUriPrefixUrnEpcRaw  ndef_types_rtd.o
    0x0801311f   0x0801311f   0x0000000c   Data   RO         1464    .rodata.ndefUriPrefixUrnEpcTag  ndef_types_rtd.o
    0x0801312b   0x0801312b   0x00000009   Data   RO         1467    .rodata.ndefUriPrefixUrnEpe  ndef_types_rtd.o
    0x08013134   0x08013134   0x00000009   Data   RO         1468    .rodata.ndefUriPrefixUrnNfc  ndef_types_rtd.o
    0x0801313d   0x0801313d   0x000001a2   Data   RO         1492    .rodata.rfalAnalogConfigDefaultSettings  rfal_analogconfig.o
    0x080132df   0x080132df   0x00000011   Data   RO          846    .rodata.str1.1      logger.o
    0x080132f0   0x080132f0   0x00000582   Data   RO          889    .rodata.str1.1      ndef_demo.o
    0x08013872   0x08013872   0x00000170   Data   RO          935    .rodata.str1.1      ndef_dump.o
    0x080139e2   0x080139e2   0x00000002   PAD
    0x080139e4   0x080139e4   0x00000020   Data   RO         2153    Region$$Table       anon$$obj.o


    Execution Region RW_IRAM1 (Exec base: 0x20000000, Load base: 0x08013a08, Size: 0x00004820, Max: 0x00018000, ABSOLUTE)

    Exec Addr    Load Addr    Size         Type   Attr      Idx    E Section Name        Object

    0x20000000   0x08013a08   0x00000008   Data   RW          283    .data..L_MergedGlobals  stm32f4xx_hal.o
    0x20000008   0x08013a10   0x00000055   Data   RW          896    .data..L_MergedGlobals  ndef_demo.o
    0x2000005d   0x08013a65   0x0000003c   Data   RW         1295    .data..L_MergedGlobals  ndef_type_wifi.o
    0x20000099   0x08013aa1   0x00000003   PAD
    0x2000009c   0x08013aa4   0x00000004   Data   RW          217    .data.SystemCoreClock  system_stm32f4xx.o
    0x200000a0   0x08013aa8   0x00000004   Data   RW         1524    .data.iso15693PhyConfigure.stream_config  rfal_iso15693_2.o
    0x200000a4   0x08013aac   0x00000001   Data   RW          888    .data.ndefDemoPrevFeature  ndef_demo.o
    0x200000a5   0x08013aad   0x00000003   PAD
    0x200000a8   0x08013ab0   0x00000008   Data   RW         1316    .data.ndefTypeStringToTypeId.bufTypeEmpty  ndef_types.o
    0x200000b0        -       0x00000065   Zero   RW          966    .bss..L_MergedGlobals  spi.o
    0x20000115   0x08013ab8   0x00000003   PAD
    0x20000118        -       0x0000000c   Zero   RW         1358    .bss..L_MergedGlobals  ndef_types_mime.o
    0x20000124        -       0x00000008   Zero   RW         1493    .bss..L_MergedGlobals  rfal_analogconfig.o
    0x2000012c        -       0x00000002   Zero   RW         1655    .bss..L_MergedGlobals  rfal_nfcb.o
    0x2000012e   0x08013ab8   0x00000002   PAD
    0x20000130        -       0x00000008   Zero   RW         1296    .bss..L_MergedGlobals.1  ndef_type_wifi.o
    0x20000138        -       0x00000010   Zero   RW          897    .bss..L_MergedGlobals.94  ndef_demo.o
    0x20000148        -       0x00000084   Zero   RW          886    .bss.discParam      ndef_demo.o
    0x200001cc        -       0x00000088   Zero   RW         1572    .bss.gIsoDep        rfal_isodep.o
    0x20000254        -       0x00000500   Zero   RW         1604    .bss.gNfcDev        rfal_nfc.o
    0x20000754        -       0x00000088   Zero   RW         1696    .bss.gNfcip         rfal_nfcdep.o
    0x200007dc        -       0x000003d8   Zero   RW         1902    .bss.gRFAL          rfal_rfst25r3911.o
    0x20000bb4        -       0x00000142   Zero   RW         1719    .bss.gRfalNfcfGreedyF  rfal_nfcf.o
    0x20000cf6        -       0x00000001   Zero   RW          862    .bss.globalCommProtectCnt  main.o
    0x20000cf7        -       0x00000200   Zero   RW          847    .bss.hexStr         logger.o
    0x20000ef7        -       0x00000001   Zero   RW          844    .bss.hexStrIdx      logger.o
    0x20000ef8        -       0x00000058   Zero   RW          863    .bss.hspi1          main.o
    0x20000f50        -       0x00000040   Zero   RW          864    .bss.huart2         main.o
    0x20000f90        -       0x00000008   Zero   RW         1525    .bss.iso15693PhyConfig  rfal_iso15693_2.o
    0x20000f98        -       0x00000118   Zero   RW         1034    .bss.ndefAllocRecord.ndefRecordPool  ndef_message.o
    0x200010b0        -       0x000009d4   Zero   RW          894    .bss.ndefCtx        ndef_demo.o
    0x20001a84        -       0x00000002   Zero   RW          892    .bss.ndefLLCPSYMM   ndef_demo.o
    0x20001a86   0x08013ab8   0x00000002   PAD
    0x20001a88        -       0x00000004   Zero   RW          934    .bss.ndefRecordDump.index  ndef_dump.o
    0x20001a8c        -       0x00000001   Zero   RW         1033    .bss.ndefRecordPoolIndex  ndef_message.o
    0x20001a8d   0x08013ab8   0x00000003   PAD
    0x20001a90        -       0x00000004   Zero   RW         1430    .bss.ndefRtdDeviceInfoToPayloadItem.item  ndef_types_rtd.o
    0x20001a94        -       0x00000004   Zero   RW         1431    .bss.ndefRtdTextToPayloadItem.item  ndef_types_rtd.o
    0x20001a98        -       0x00000004   Zero   RW         1432    .bss.ndefRtdUriToPayloadItem.item  ndef_types_rtd.o
    0x20001a9c   0x08013ab8   0x00000004   PAD
    0x20001aa0        -       0x000000ff   Zero   RW          891    .bss.ndefUriBuffer  ndef_demo.o
    0x20001b9f   0x08013ab8   0x00000001   PAD
    0x20001ba0        -       0x00000004   Zero   RW          845    .bss.pLogUsart      logger.o
    0x20001ba4        -       0x00002000   Zero   RW          895    .bss.rawMessageBuf  ndef_demo.o
    0x20003ba4        -       0x00000061   Zero   RW          965    .bss.rxBuf          spi.o
    0x20003c05   0x08013ab8   0x00000003   PAD
    0x20003c08        -       0x00000004   Zero   RW           60    .bss.st25r3911NoResponseTime_64fcs  st25r3911.o
    0x20003c0c        -       0x00000010   Zero   RW          132    .bss.st25r3911interrupt  st25r3911_interrupt.o
    0x20003c1c        -       0x00000004   Zero   RW          282    .bss.uwTick         stm32f4xx_hal.o
    0x20003c20        -       0x00000c00   Zero   RW          826    STACK               startup_stm32f401xe.o


==============================================================================

Image component sizes


      Code (inc. data)   RO Data    RW Data    ZI Data      Debug   Object Name

       432          0         17          0        517       5793   logger.o
      1208         92          0          0        153       9281   main.o
      3820        480       1433         86      11113      23799   ndef_demo.o
      3484        604        596          0          4      15514   ndef_dump.o
       668          0          0          0        281       5884   ndef_message.o
       582         30        240          0          0      15575   ndef_poller.o
      1444          0          0          0          0      14317   ndef_record.o
      2402          0          4          0          0      19802   ndef_t2t.o
      3232          0          0          0          0      27056   ndef_t3t.o
      3482          0         16          0          0      22594   ndef_t4t.o
      3808          0          4          0          0      25906   ndef_t5t.o
       654         12         32         60          8       7674   ndef_type_wifi.o
       638         40         57          8          0       5935   ndef_types.o
      2028         20         56          0         12      13731   ndef_types_mime.o
      2344          0        676          0         12      18941   ndef_types_rtd.o
       304          0        418          0          8       4465   rfal_analogconfig.o
       276          0          0          0          0       2154   rfal_crc.o
      1328          0          0          4          8       6982   rfal_iso15693_2.o
      4344         46         26          0        136      28721   rfal_isodep.o
      4516         94          0          0       1280      20804   rfal_nfc.o
      1776          0          0          0          0       9642   rfal_nfca.o
      1926          8          0          0          2      11310   rfal_nfcb.o
      4304         92          0          0        136      29632   rfal_nfcdep.o
      2256          0          0          0        322      11826   rfal_nfcf.o
      2620         20          0          0          0      30609   rfal_nfcv.o
      6740         68          0          0        984      32081   rfal_rfst25r3911.o
       966          0          0          0          0       8720   rfal_st25tb.o
       190          0          0          0          0      19170   rfal_st25xv.o
       172          0          0          0          0       4473   rfal_t1t.o
       354          0          0          0          0       3207   rfal_t2t.o
       734          0          0          0          0       9988   rfal_t4t.o
       114          0          0          0        198       4671   spi.o
      1380          0          0          0          4      11810   st25r3911.o
      2002          0          0          0          0      11376   st25r3911_com.o
       720          0          0          0         16       7094   st25r3911_interrupt.o
        36          8        404          0       3072        920   startup_stm32f401xe.o
       204          0          0          8          4       6953   stm32f4xx_hal.o
       194          0          0          0          0       9773   stm32f4xx_hal_cortex.o
       460          0          0          0          0       5447   stm32f4xx_hal_gpio.o
       350          0          0          0          0       7858   stm32f4xx_hal_msp.o
      1396          0          0          0          0       7509   stm32f4xx_hal_rcc.o
      1080          0          0          0          0      25879   stm32f4xx_hal_spi.o
      1086          0          0          0          0      19389   stm32f4xx_hal_uart.o
        30          0          0          0          0        981   stm32f4xx_it.o
        86          0         24          4          0       2966   system_stm32f4xx.o
        26          0          0          0          0       1860   timer.o

    ----------------------------------------------------------------------
     72496       1614       4040        176      18288     590072   Object Totals
         0          0         32          0          0          0   (incl. Generated)
       300          0          5          6         18          0   (incl. Padding)

    ----------------------------------------------------------------------

      Code (inc. data)   RO Data    RW Data    ZI Data      Debug   Library Member Name

         0          0          0          0          0          0   entry.o
         0          0          0          0          0          0   entry10a.o
         0          0          0          0          0          0   entry11a.o
         8          4          0          0          0          0   entry2.o
         4          0          0          0          0          0   entry5.o
         0          0          0          0          0          0   entry7b.o
         0          0          0          0          0          0   entry8b.o
         8          4          0          0          0          0   entry9a.o
        30          0          0          0          0          0   handlers.o
        48         10          0          0          0         68   init.o
         0          0          0          0          0          0   iusefp.o
        30          0          0          0          0         68   llshl.o
        36          0          0          0          0         68   llsshr.o
        32          0          0          0          0         68   llushr.o
        26          0          0          0          0         80   memcmp.o
        64          0          0          0          0         76   memmovea.o
        36          0          0          0          0        108   memseta.o
      2300         86          0          0          0        516   printfa.o
        14          0          0          0          0         68   strlen.o
        44          0          0          0          0         80   uidiv.o
        98          0          0          0          0         92   uldiv.o
        48          0          0          0          0         68   cdrcmple.o
       334          0          0          0          0        148   dadd.o
       222          0          0          0          0        100   ddiv.o
       186          0          0          0          0        176   depilogue.o
        48          0          0          0          0         68   dfixul.o
       228          0          0          0          0         96   dmul.o

    ----------------------------------------------------------------------
      3852        104          0          0          0       1948   Library Totals
         8          0          0          0          0          0   (incl. Padding)

    ----------------------------------------------------------------------

      Code (inc. data)   RO Data    RW Data    ZI Data      Debug   Library Name

      2778        104          0          0          0       1292   mc_w.l
      1066          0          0          0          0        656   mf_w.l

    ----------------------------------------------------------------------
      3852        104          0          0          0       1948   Library Totals

    ----------------------------------------------------------------------

==============================================================================


      Code (inc. data)   RO Data    RW Data    ZI Data      Debug   

     76348       1718       4040        176      18288     590356   Grand Totals
     76348       1718       4040        176      18288     590356   ELF Image Totals
     76348       1718       4040        176          0          0   ROM Totals

==============================================================================

    Total RO  Size (Code + RO Data)                80388 (  78.50kB)
    Total RW  Size (RW Data + ZI Data)             18464 (  18.03kB)
    Total ROM Size (Code + RO Data + RW Data)      80564 (  78.68kB)

==============================================================================

