<html>
<body>
<pre>
<h1>µVision Build Log</h1>
<h2>Tool Versions:</h2>
IDE-Version: µVision V5.41.0.0
Copyright (C) 2024 ARM Ltd and ARM Germany GmbH. All rights reserved.
License Information: Hans Naert University College Vives Flex license: MDK Professional 5.41 (Flex) (mdk_pro) Operation stops: 20 Jun 2027
 
Tool Versions:
Toolchain:       MDK Professional 5.41 (Flex)  Version: 5.41.0.0
Toolchain Path:  C:\Users\u0081767\AppData\Local\Keil_v5\ARM\ARMCLANG\Bin
C Compiler:      ArmClang.exe V6.22
Assembler:       Armasm.exe V6.22
Linker/Locator:  ArmLink.exe V6.22
Library Manager: ArmAr.exe V6.22
Hex Converter:   FromElf.exe V6.22
CPU DLL:         SARMCM3.DLL V5.41.0.0
Dialog DLL:      DCM.DLL V1.17.5.0
Target DLL:      STLink\ST-LINKIII-KEIL_SWO.dll V3.3.0.0
Dialog DLL:      TCM.DLL V1.56.4.0
 
<h2>Project:</h2>
D:\projecten\IoT-Systems-Advanced\les\STM32CubeExpansion_NFC5_V2.0.0\Projects\STM32F401RE-Nucleo\Applications\PollingTagDetect\MDK-ARM\Project.uvprojx
Project File Date:  09/30/2024

<h2>Output:</h2>
*** Using Compiler 'V6.22', folder: 'C:\Users\u0081767\AppData\Local\Keil_v5\ARM\ARMCLANG\Bin'
Build target 'STM32F401RE-Nucleo_PollingTagDetect'
compiling stm32f4xx_hal_dma2d.c...
compiling stm32f4xx_hal_flash.c...
compiling stm32f4xx_hal_crc.c...
compiling st25r3911.c...
compiling stm32f4xx_hal_dma.c...
compiling stm32f4xx_nucleo.c...
compiling stm32f4xx_hal_adc.c...
compiling stm32f4xx_hal_exti.c...
compiling timer.c...
compiling st25r3911_interrupt.c...
compiling system_stm32f4xx.c...
compiling stm32f4xx_hal_dma_ex.c...
compiling stm32f4xx_hal_cortex.c...
compiling stm32f4xx_hal.c...
compiling st25r3911_com.c...
compiling stm32f4xx_hal_flash_ramfunc.c...
compiling stm32f4xx_hal_flash_ex.c...
compiling stm32f4xx_hal_i2c.c...
compiling stm32f4xx_hal_i2c_ex.c...
compiling stm32f4xx_hal_gpio.c...
compiling stm32f4xx_hal_pcd.c...
compiling stm32f4xx_hal_pcd_ex.c...
compiling stm32f4xx_hal_pwr.c...
compiling stm32f4xx_hal_pwr_ex.c...
compiling stm32f4xx_hal_spdifrx.c...
compiling stm32f4xx_hal_rcc_ex.c...
compiling stm32f4xx_hal_tim.c...
compiling stm32f4xx_hal_tim_ex.c...
compiling stm32f4xx_hal_rcc.c...
assembling startup_stm32f401xe.s...
compiling stm32f4xx_hal_usart.c...
compiling demo.c...
compiling spi.c...
compiling main.c...
compiling stm32f4xx_hal_msp.c...
compiling logger.c...
compiling stm32f4xx_hal_uart.c...
compiling stm32f4xx_it.c...
compiling usart.c...
compiling stm32f4xx_hal_spi.c...
compiling rfal_crc.c...
compiling rfal_analogConfig.c...
compiling rfal_iso15693_2.c...
compiling rfal_nfca.c...
compiling rfal_nfc.c...
compiling rfal_st25tb.c...
compiling rfal_isoDep.c...
compiling rfal_t1t.c...
compiling rfal_t2t.c...
compiling rfal_nfcv.c...
compiling rfal_t4t.c...
compiling rfal_nfcb.c...
compiling rfal_nfcf.c...
compiling rfal_st25xv.c...
compiling rfal_nfcDep.c...
compiling rfal_rfst25r3911.c...
linking...
Program Size: Code=45772 RO-data=1372 RW-data=104 ZI-data=7000  
After Build - User command #1: fromelf STM32F401RE_NUCLEO_PollingTagDetect\Exe\Project.axf --bin --output=STM32F401RE_NUCLEO_PollingTagDetect\Exe\Project.bin
"STM32F401RE_NUCLEO_PollingTagDetect\Exe\Project.axf" - 0 Error(s), 0 Warning(s).

<h2>Software Packages used:</h2>

Package Vendor: ARM
                https://www.keil.com/pack/ARM.CMSIS.6.1.0.pack
                ARM::CMSIS@6.1.0
                CMSIS (Common Microcontroller Software Interface Standard)
   * Component: CORE Version: 6.1.0

Package Vendor: Keil
                https://www.keil.com/pack/Keil.STM32F4xx_DFP.2.17.1.pack
                Keil::STM32F4xx_DFP@2.17.1
                STMicroelectronics STM32F4 Series Device Support, Drivers and Examples

<h2>Collection of Component include folders:</h2>
  ./RTE/_STM32F401RE-Nucleo_PollingTagDetect
  C:/Users/u0081767/AppData/Local/Arm/Packs/ARM/CMSIS/6.1.0/CMSIS/Core/Include
  C:/Users/u0081767/AppData/Local/Arm/Packs/Keil/STM32F4xx_DFP/2.17.1/Drivers/CMSIS/Device/ST/STM32F4xx/Include

<h2>Collection of Component Files used:</h2>

   * Component: ARM::CMSIS:CORE@6.1.0
Build Time Elapsed:  00:00:05
</pre>
</body>
</html>
