Component: Arm Compiler for Embedded 6.22 Tool: armlink [5ee90200]

==============================================================================

Section Cross References

    st25r3911.o(.text.st25r3911TxRxOn) refers to st25r3911_com.o(.text.st25r3911SetRegisterBits) for st25r3911SetRegisterBits
    st25r3911.o(.ARM.exidx.text.st25r3911TxRxOn) refers to st25r3911.o(.text.st25r3911TxRxOn) for [Anonymous Symbol]
    st25r3911.o(.text.st25r3911TxRxOff) refers to st25r3911_com.o(.text.st25r3911ClrRegisterBits) for st25r3911ClrRegisterBits
    st25r3911.o(.ARM.exidx.text.st25r3911TxRxOff) refers to st25r3911.o(.text.st25r3911TxRxOff) for [Anonymous Symbol]
    st25r3911.o(.text.st25r3911OscOn) refers to st25r3911_com.o(.text.st25r3911ReadRegister) for st25r3911ReadRegister
    st25r3911.o(.text.st25r3911OscOn) refers to st25r3911_interrupt.o(.text.st25r3911GetInterrupt) for st25r3911GetInterrupt
    st25r3911.o(.text.st25r3911OscOn) refers to st25r3911_interrupt.o(.text.st25r3911EnableInterrupts) for st25r3911EnableInterrupts
    st25r3911.o(.text.st25r3911OscOn) refers to st25r3911_com.o(.text.st25r3911ModifyRegister) for st25r3911ModifyRegister
    st25r3911.o(.text.st25r3911OscOn) refers to st25r3911_interrupt.o(.text.st25r3911WaitForInterruptsTimed) for st25r3911WaitForInterruptsTimed
    st25r3911.o(.text.st25r3911OscOn) refers to st25r3911_interrupt.o(.text.st25r3911DisableInterrupts) for st25r3911DisableInterrupts
    st25r3911.o(.ARM.exidx.text.st25r3911OscOn) refers to st25r3911.o(.text.st25r3911OscOn) for [Anonymous Symbol]
    st25r3911.o(.text.st25r3911CheckReg) refers to st25r3911_com.o(.text.st25r3911ReadRegister) for st25r3911ReadRegister
    st25r3911.o(.ARM.exidx.text.st25r3911CheckReg) refers to st25r3911.o(.text.st25r3911CheckReg) for [Anonymous Symbol]
    st25r3911.o(.text.st25r3911Initialize) refers to st25r3911_com.o(.text.st25r3911ExecuteCommand) for st25r3911ExecuteCommand
    st25r3911.o(.text.st25r3911Initialize) refers to st25r3911_com.o(.text.st25r3911WriteRegister) for st25r3911WriteRegister
    st25r3911.o(.text.st25r3911Initialize) refers to st25r3911_com.o(.text.st25r3911ModifyRegister) for st25r3911ModifyRegister
    st25r3911.o(.text.st25r3911Initialize) refers to st25r3911_interrupt.o(.text.st25r3911DisableInterrupts) for st25r3911DisableInterrupts
    st25r3911.o(.text.st25r3911Initialize) refers to st25r3911_interrupt.o(.text.st25r3911ClearInterrupts) for st25r3911ClearInterrupts
    st25r3911.o(.text.st25r3911Initialize) refers to st25r3911_com.o(.text.st25r3911ReadRegister) for st25r3911ReadRegister
    st25r3911.o(.text.st25r3911Initialize) refers to st25r3911_interrupt.o(.text.st25r3911GetInterrupt) for st25r3911GetInterrupt
    st25r3911.o(.text.st25r3911Initialize) refers to st25r3911_interrupt.o(.text.st25r3911EnableInterrupts) for st25r3911EnableInterrupts
    st25r3911.o(.text.st25r3911Initialize) refers to st25r3911_interrupt.o(.text.st25r3911WaitForInterruptsTimed) for st25r3911WaitForInterruptsTimed
    st25r3911.o(.text.st25r3911Initialize) refers to st25r3911_com.o(.text.st25r3911ChangeRegisterBits) for st25r3911ChangeRegisterBits
    st25r3911.o(.text.st25r3911Initialize) refers to st25r3911_com.o(.text.st25r3911ClrRegisterBits) for st25r3911ClrRegisterBits
    st25r3911.o(.ARM.exidx.text.st25r3911Initialize) refers to st25r3911.o(.text.st25r3911Initialize) for [Anonymous Symbol]
    st25r3911.o(.text.st25r3911MeasureVoltage) refers to st25r3911_com.o(.text.st25r3911ChangeRegisterBits) for st25r3911ChangeRegisterBits
    st25r3911.o(.text.st25r3911MeasureVoltage) refers to st25r3911_interrupt.o(.text.st25r3911EnableInterrupts) for st25r3911EnableInterrupts
    st25r3911.o(.text.st25r3911MeasureVoltage) refers to st25r3911_interrupt.o(.text.st25r3911GetInterrupt) for st25r3911GetInterrupt
    st25r3911.o(.text.st25r3911MeasureVoltage) refers to st25r3911_com.o(.text.st25r3911ExecuteCommand) for st25r3911ExecuteCommand
    st25r3911.o(.text.st25r3911MeasureVoltage) refers to st25r3911_interrupt.o(.text.st25r3911WaitForInterruptsTimed) for st25r3911WaitForInterruptsTimed
    st25r3911.o(.text.st25r3911MeasureVoltage) refers to st25r3911_interrupt.o(.text.st25r3911DisableInterrupts) for st25r3911DisableInterrupts
    st25r3911.o(.text.st25r3911MeasureVoltage) refers to st25r3911_com.o(.text.st25r3911ReadRegister) for st25r3911ReadRegister
    st25r3911.o(.ARM.exidx.text.st25r3911MeasureVoltage) refers to st25r3911.o(.text.st25r3911MeasureVoltage) for [Anonymous Symbol]
    st25r3911.o(.text.st25r3911Deinitialize) refers to st25r3911_interrupt.o(.text.st25r3911DisableInterrupts) for st25r3911DisableInterrupts
    st25r3911.o(.text.st25r3911Deinitialize) refers to st25r3911_com.o(.text.st25r3911ClrRegisterBits) for st25r3911ClrRegisterBits
    st25r3911.o(.ARM.exidx.text.st25r3911Deinitialize) refers to st25r3911.o(.text.st25r3911Deinitialize) for [Anonymous Symbol]
[...]
    rfalNfcNfcDepActivate                    0x08005c65   Thumb Code   104  rfal_nfc.o(.text.rfalNfcNfcDepActivate)
    [Anonymous Symbol]                       0x08005c64   Section        0  rfal_nfc.o(.text.rfalNfcNfcDepActivate)
    [Anonymous Symbol]                       0x08005ccc   Section        0  rfal_nfc.o(.text.rfalNfcSelect)
    [Anonymous Symbol]                       0x08005ce8   Section        0  rfal_nfc.o(.text.rfalNfcWorker)
    [Anonymous Symbol]                       0x08006ac4   Section        0  rfal_nfca.o(.text.rfalNfcaPollerCheckPresence)
    [Anonymous Symbol]                       0x08006af8   Section        0  rfal_nfca.o(.text.rfalNfcaPollerFullCollisionResolution)
    [Anonymous Symbol]                       0x08006ca8   Section        0  rfal_nfca.o(.text.rfalNfcaPollerInitialize)
    [Anonymous Symbol]                       0x08006ce4   Section        0  rfal_nfca.o(.text.rfalNfcaPollerSelect)
    [Anonymous Symbol]                       0x08006db4   Section        0  rfal_nfca.o(.text.rfalNfcaPollerSingleCollisionResolution)
    [Anonymous Symbol]                       0x08007128   Section        0  rfal_nfca.o(.text.rfalNfcaPollerTechnologyDetection)
    [Anonymous Symbol]                       0x0800718c   Section        0  rfal_nfcb.o(.text.rfalNfcbPollerCheckPresence)
    [Anonymous Symbol]                       0x08007238   Section        0  rfal_nfcb.o(.text.rfalNfcbPollerCollisionResolution)
    [Anonymous Symbol]                       0x08007258   Section        0  rfal_nfcb.o(.text.rfalNfcbPollerInitialize)
    [Anonymous Symbol]                       0x080072a0   Section        0  rfal_nfcb.o(.text.rfalNfcbPollerSlottedCollisionResolution)
    [Anonymous Symbol]                       0x0800780c   Section        0  rfal_nfcb.o(.text.rfalNfcbPollerTechnologyDetection)
    [Anonymous Symbol]                       0x080078a8   Section        0  rfal_nfcb.o(.text.rfalNfcbTR2ToFDT)
    [Anonymous Symbol]                       0x080078bc   Section        0  rfal_nfcf.o(.text.rfalNfcfPollerCheck)
    [Anonymous Symbol]                       0x08007c10   Section        0  rfal_nfcf.o(.text.rfalNfcfPollerCheckPresence)
    [Anonymous Symbol]                       0x08007c40   Section        0  rfal_nfcf.o(.text.rfalNfcfPollerCollisionResolution)
    [Anonymous Symbol]                       0x08007fc8   Section        0  rfal_nfcf.o(.text.rfalNfcfPollerInitialize)
    rfalNfcvParseError                       0x0800800d   Thumb Code    56  rfal_nfcv.o(.text.rfalNfcvParseError)
    [Anonymous Symbol]                       0x0800800c   Section        0  rfal_nfcv.o(.text.rfalNfcvParseError)
    [Anonymous Symbol]                       0x08008044   Section        0  rfal_nfcv.o(.text.rfalNfcvPollerCheckPresence)
    [Anonymous Symbol]                       0x080080a0   Section        0  rfal_nfcv.o(.text.rfalNfcvPollerCollisionResolution)
    [Anonymous Symbol]                       0x08008330   Section        0  rfal_nfcv.o(.text.rfalNfcvPollerInitialize)
    [Anonymous Symbol]                       0x0800836c   Section        0  rfal_nfcv.o(.text.rfalNfcvPollerReadSingleBlock)
    rfalPrepareTransceive                    0x080083f9   Thumb Code   196  rfal_rfst25r3911.o(.text.rfalPrepareTransceive)
    [Anonymous Symbol]                       0x080083f8   Section        0  rfal_rfst25r3911.o(.text.rfalPrepareTransceive)
    [Anonymous Symbol]                       0x080084bc   Section        0  rfal_analogconfig.o(.text.rfalSetAnalogConfig)
    [Anonymous Symbol]                       0x080085d4   Section        0  rfal_rfst25r3911.o(.text.rfalSetBitRate)
    [Anonymous Symbol]                       0x080087a0   Section        0  rfal_rfst25r3911.o(.text.rfalSetErrorHandling)
    [Anonymous Symbol]                       0x080087ac   Section        0  rfal_rfst25r3911.o(.text.rfalSetFDTListen)
    [Anonymous Symbol]                       0x080087c4   Section        0  rfal_rfst25r3911.o(.text.rfalSetFDTPoll)
    [Anonymous Symbol]                       0x080087e0   Section        0  rfal_rfst25r3911.o(.text.rfalSetGT)
    [Anonymous Symbol]                       0x080087fc   Section        0  rfal_rfst25r3911.o(.text.rfalSetMode)
    [Anonymous Symbol]                       0x080089bc   Section        0  rfal_st25tb.o(.text.rfalSt25tbPollerCheckPresence)
    [Anonymous Symbol]                       0x08008a18   Section        0  rfal_st25tb.o(.text.rfalSt25tbPollerCollisionResolution)
    [Anonymous Symbol]                       0x08008d80   Section        0  rfal_st25tb.o(.text.rfalSt25tbPollerInitialize)
    [Anonymous Symbol]                       0x08008d84   Section        0  rfal_rfst25r3911.o(.text.rfalStartTransceive)
    [Anonymous Symbol]                       0x08008f04   Section        0  rfal_t1t.o(.text.rfalT1TPollerInitialize)
    [Anonymous Symbol]                       0x08008f38   Section        0  rfal_t1t.o(.text.rfalT1TPollerRid)
    [Anonymous Symbol]                       0x08008fb0   Section        0  rfal_rfst25r3911.o(.text.rfalTransceiveBlockingRx)
    [Anonymous Symbol]                       0x08008fd8   Section        0  rfal_rfst25r3911.o(.text.rfalTransceiveBlockingTx)
    [Anonymous Symbol]                       0x0800903c   Section        0  rfal_rfst25r3911.o(.text.rfalTransceiveBlockingTxRx)
    [Anonymous Symbol]                       0x080090c8   Section        0  rfal_rfst25r3911.o(.text.rfalWakeUpModeHasWoke)
    [Anonymous Symbol]                       0x080090e0   Section        0  rfal_rfst25r3911.o(.text.rfalWakeUpModeStart)
    [Anonymous Symbol]                       0x080092f0   Section        0  rfal_rfst25r3911.o(.text.rfalWakeUpModeStop)
    [Anonymous Symbol]                       0x08009330   Section        0  rfal_rfst25r3911.o(.text.rfalWorker)
    [Anonymous Symbol]                       0x08009a84   Section        0  spi.o(.text.spiInit)
    [Anonymous Symbol]                       0x08009a9c   Section        0  spi.o(.text.spiTxRx)
    [Anonymous Symbol]                       0x08009af8   Section        0  st25r3911.o(.text.st25r3911AdjustRegulators)
    [Anonymous Symbol]                       0x08009b80   Section        0  st25r3911.o(.text.st25r3911CalibrateAntenna)
    [Anonymous Symbol]                       0x08009bc0   Section        0  st25r3911.o(.text.st25r3911CalibrateCapacitiveSensor)
    [Anonymous Symbol]                       0x08009c24   Section        0  st25r3911_com.o(.text.st25r3911ChangeRegisterBits)
    [Anonymous Symbol]                       0x08009c2c   Section        0  st25r3911_com.o(.text.st25r3911ChangeTestRegisterBits)
    [Anonymous Symbol]                       0x08009d34   Section        0  st25r3911.o(.text.st25r3911CheckChipID)
    [Anonymous Symbol]                       0x08009d6c   Section        0  st25r3911_interrupt.o(.text.st25r3911CheckForReceivedInterrupts)
    [Anonymous Symbol]                       0x08009e20   Section        0  st25r3911.o(.text.st25r3911CheckReg)
    [Anonymous Symbol]                       0x08009e48   Section        0  st25r3911_interrupt.o(.text.st25r3911ClearInterrupts)
    [Anonymous Symbol]                       0x08009e9c   Section        0  st25r3911_com.o(.text.st25r3911ClrRegisterBits)
    [Anonymous Symbol]                       0x08009f84   Section        0  st25r3911_interrupt.o(.text.st25r3911DisableInterrupts)
    [Anonymous Symbol]                       0x08009fd8   Section        0  st25r3911_interrupt.o(.text.st25r3911EnableInterrupts)
    [Anonymous Symbol]                       0x0800a02c   Section        0  st25r3911_com.o(.text.st25r3911ExecuteCommand)
    [Anonymous Symbol]                       0x0800a0b0   Section        0  st25r3911_com.o(.text.st25r3911ExecuteCommands)
    [Anonymous Symbol]                       0x0800a120   Section        0  st25r3911_interrupt.o(.text.st25r3911GetInterrupt)
    [Anonymous Symbol]                       0x0800a178   Section        0  st25r3911_interrupt.o(.text.st25r3911InitInterrupts)
    [Anonymous Symbol]                       0x0800a1a4   Section        0  st25r3911.o(.text.st25r3911Initialize)
    [Anonymous Symbol]                       0x0800a284   Section        0  st25r3911_interrupt.o(.text.st25r3911Isr)
    [Anonymous Symbol]                       0x0800a2a4   Section        0  st25r3911.o(.text.st25r3911MeasureAmplitude)
    [Anonymous Symbol]                       0x0800a2e4   Section        0  st25r3911.o(.text.st25r3911MeasureCapacitance)
    [Anonymous Symbol]                       0x0800a324   Section        0  st25r3911.o(.text.st25r3911MeasurePhase)
    [Anonymous Symbol]                       0x0800a364   Section        0  st25r3911_com.o(.text.st25r3911ModifyRegister)
    [Anonymous Symbol]                       0x0800a450   Section        0  st25r3911.o(.text.st25r3911OscOn)
    [Anonymous Symbol]                       0x0800a494   Section        0  st25r3911.o(.text.st25r3911PerformCollisionAvoidance)
    [Anonymous Symbol]                       0x0800a528   Section        0  st25r3911_com.o(.text.st25r3911ReadFifo)
    [Anonymous Symbol]                       0x0800a5ac   Section        0  st25r3911_com.o(.text.st25r3911ReadMultipleRegisters)
    [Anonymous Symbol]                       0x0800a630   Section        0  st25r3911_com.o(.text.st25r3911ReadRegister)
    [Anonymous Symbol]                       0x0800a6b8   Section        0  st25r3911.o(.text.st25r3911SetBitrate)
    [Anonymous Symbol]                       0x0800a718   Section        0  st25r3911.o(.text.st25r3911SetNoResponseTime_64fcs)
    [Anonymous Symbol]                       0x0800a764   Section        0  st25r3911.o(.text.st25r3911SetNumTxBits)
    [Anonymous Symbol]                       0x0800a780   Section        0  st25r3911_com.o(.text.st25r3911SetRegisterBits)
    [Anonymous Symbol]                       0x0800a868   Section        0  st25r3911.o(.text.st25r3911StartGPTimer_8fcs)
    [Anonymous Symbol]                       0x0800a898   Section        0  st25r3911.o(.text.st25r3911StreamConfigure)
    [Anonymous Symbol]                       0x0800a904   Section        0  st25r3911.o(.text.st25r3911TxRxOff)
    [Anonymous Symbol]                       0x0800a90c   Section        0  st25r3911.o(.text.st25r3911TxRxOn)
    [Anonymous Symbol]                       0x0800a914   Section        0  st25r3911_interrupt.o(.text.st25r3911WaitForInterruptsTimed)
    [Anonymous Symbol]                       0x0800a998   Section        0  st25r3911_com.o(.text.st25r3911WriteFifo)
    [Anonymous Symbol]                       0x0800aa1c   Section        0  st25r3911_com.o(.text.st25r3911WriteRegister)
    [Anonymous Symbol]                       0x0800aaa8   Section        0  st25r3911_com.o(.text.st25r3911WriteTestRegister)
    [Anonymous Symbol]                       0x0800ab28   Section        0  timer.o(.text.timerCalculateTimer)
    [Anonymous Symbol]                       0x0800ab34   Section        0  timer.o(.text.timerIsExpired)
    i.__0vsnprintf                           0x0800ab44   Section        0  printfa.o(i.__0vsnprintf)
    i.__scatterload_copy                     0x0800ab78   Section       14  handlers.o(i.__scatterload_copy)
    i.__scatterload_null                     0x0800ab86   Section        2  handlers.o(i.__scatterload_null)
    i.__scatterload_zeroinit                 0x0800ab88   Section       14  handlers.o(i.__scatterload_zeroinit)
    _fp_digits                               0x0800ab99   Thumb Code   366  printfa.o(i._fp_digits)
    i._fp_digits                             0x0800ab98   Section        0  printfa.o(i._fp_digits)
    _printf_core                             0x0800ad1d   Thumb Code  1744  printfa.o(i._printf_core)
    i._printf_core                           0x0800ad1c   Section        0  printfa.o(i._printf_core)
    _printf_post_padding                     0x0800b3f9   Thumb Code    36  printfa.o(i._printf_post_padding)
    i._printf_post_padding                   0x0800b3f8   Section        0  printfa.o(i._printf_post_padding)
    _printf_pre_padding                      0x0800b41d   Thumb Code    46  printfa.o(i._printf_pre_padding)
    i._printf_pre_padding                    0x0800b41c   Section        0  printfa.o(i._printf_pre_padding)
    _snputc                                  0x0800b44b   Thumb Code    22  printfa.o(i._snputc)
    i._snputc                                0x0800b44a   Section        0  printfa.o(i._snputc)
    .Lswitch.table.rfalIsoDepPollBHandleActivation.3 0x0800b460   Data          26  rfal_isodep.o(.rodata..Lswitch.table.rfalIsoDepPollBHandleActivation.3)
    .L.str.30                                0x0800b634   Data          13  demo.o(.rodata.str1.1)
    [Anonymous Symbol]                       0x0800b634   Section        0  demo.o(.rodata.str1.1)
    .L.str.8                                 0x0800b641   Data          13  demo.o(.rodata.str1.1)
    .L.str.7                                 0x0800b64e   Data          14  demo.o(.rodata.str1.1)
    .L.str.9                                 0x0800b65c   Data          24  demo.o(.rodata.str1.1)
    .L.str.5                                 0x0800b674   Data          43  demo.o(.rodata.str1.1)
    .L.str.11                                0x0800b69f   Data          43  demo.o(.rodata.str1.1)
    .L.str.3                                 0x0800b6ca   Data          49  demo.o(.rodata.str1.1)
    .L.str.6                                 0x0800b6fb   Data          38  demo.o(.rodata.str1.1)
    .L.str.10                                0x0800b721   Data          38  demo.o(.rodata.str1.1)
    .L.str.12                                0x0800b747   Data          35  demo.o(.rodata.str1.1)
    .L.str.13                                0x0800b76a   Data          37  demo.o(.rodata.str1.1)
    .L.str.4                                 0x0800b78f   Data          45  demo.o(.rodata.str1.1)
    .L.str.35                                0x0800b7bc   Data          40  demo.o(.rodata.str1.1)
    .L.str.29                                0x0800b7e4   Data           8  demo.o(.rodata.str1.1)
    .L.str.24                                0x0800b7ec   Data           3  demo.o(.rodata.str1.1)
    .L.str.23                                0x0800b7ef   Data           5  demo.o(.rodata.str1.1)
    .L.str.25                                0x0800b7f3   Data           1  demo.o(.rodata.str1.1)
    .L.str                                   0x0800b7f4   Data          17  logger.o(.rodata.str1.1)
    [Anonymous Symbol]                       0x0800b7f4   Section        0  logger.o(.rodata.str1.1)
    .L_MergedGlobals                         0x20000000   Data           8  stm32f4xx_hal.o(.data..L_MergedGlobals)
    [Anonymous Symbol]                       0x20000000   Section        0  stm32f4xx_hal.o(.data..L_MergedGlobals)
    .L_MergedGlobals                         0x20000008   Data          85  demo.o(.data..L_MergedGlobals)
    readBynary                               0x20000008   Data           5  demo.o(.data..L_MergedGlobals)
    [Anonymous Symbol]                       0x20000008   Section        0  demo.o(.data..L_MergedGlobals)
    ccSelectFile                             0x2000000d   Data           7  demo.o(.data..L_MergedGlobals)
    ndefSelectApp                            0x20000014   Data          13  demo.o(.data..L_MergedGlobals)
    ndefInit                                 0x20000021   Data          26  demo.o(.data..L_MergedGlobals)
    ndefUriSTcom                             0x2000003b   Data          34  demo.o(.data..L_MergedGlobals)
    iso15693PhyConfigure.stream_config       0x20000064   Data           4  rfal_iso15693_2.o(.data.iso15693PhyConfigure.stream_config)
    [Anonymous Symbol]                       0x20000064   Section        0  rfal_iso15693_2.o(.data.iso15693PhyConfigure.stream_config)
    .L_MergedGlobals                         0x20000068   Data         101  spi.o(.bss..L_MergedGlobals)
    [Anonymous Symbol]                       0x20000068   Section        0  spi.o(.bss..L_MergedGlobals)
    txBuf                                    0x2000006c   Data          97  spi.o(.bss..L_MergedGlobals)
    .L_MergedGlobals                         0x200000d0   Data           8  rfal_analogconfig.o(.bss..L_MergedGlobals)
    gRfalAnalogConfigMgmt.1                  0x200000d0   Data           1  rfal_analogconfig.o(.bss..L_MergedGlobals)
    [Anonymous Symbol]                       0x200000d0   Section        0  rfal_analogconfig.o(.bss..L_MergedGlobals)
    gRfalAnalogConfigMgmt.2                  0x200000d2   Data           1  rfal_analogconfig.o(.bss..L_MergedGlobals)
    gRfalAnalogConfigMgmt.0                  0x200000d4   Data           4  rfal_analogconfig.o(.bss..L_MergedGlobals)
    .L_MergedGlobals                         0x200000d8   Data           2  rfal_nfcb.o(.bss..L_MergedGlobals)
    gRfalNfcb.0                              0x200000d8   Data           1  rfal_nfcb.o(.bss..L_MergedGlobals)
    [Anonymous Symbol]                       0x200000d8   Section        0  rfal_nfcb.o(.bss..L_MergedGlobals)
    gRfalNfcb.1                              0x200000d9   Data           1  rfal_nfcb.o(.bss..L_MergedGlobals)
    .L_MergedGlobals.39                      0x200000dc   Data           8  demo.o(.bss..L_MergedGlobals.39)
    state                                    0x200000dc   Data           1  demo.o(.bss..L_MergedGlobals.39)
    [Anonymous Symbol]                       0x200000dc   Section        0  demo.o(.bss..L_MergedGlobals.39)
    demoCycle.nfcDevice                      0x200000e0   Data           4  demo.o(.bss..L_MergedGlobals.39)
    discParam                                0x200000e4   Data         132  demo.o(.bss.discParam)
    [Anonymous Symbol]                       0x200000e4   Section        0  demo.o(.bss.discParam)
    gIsoDep                                  0x20000168   Data         136  rfal_isodep.o(.bss.gIsoDep)
    [Anonymous Symbol]                       0x20000168   Section        0  rfal_isodep.o(.bss.gIsoDep)
    gNfcDev                                  0x200001f0   Data        1280  rfal_nfc.o(.bss.gNfcDev)
    [Anonymous Symbol]                       0x200001f0   Section        0  rfal_nfc.o(.bss.gNfcDev)
    gNfcip                                   0x200006f0   Data         136  rfal_nfcdep.o(.bss.gNfcip)
    [Anonymous Symbol]                       0x200006f0   Section        0  rfal_nfcdep.o(.bss.gNfcip)
    gRFAL                                    0x20000778   Data         984  rfal_rfst25r3911.o(.bss.gRFAL)
    [Anonymous Symbol]                       0x20000778   Section        0  rfal_rfst25r3911.o(.bss.gRFAL)
    gRfalNfcfGreedyF                         0x20000b50   Data         322  rfal_nfcf.o(.bss.gRfalNfcfGreedyF)
    [Anonymous Symbol]                       0x20000b50   Section        0  rfal_nfcf.o(.bss.gRfalNfcfGreedyF)
    iso15693PhyConfig                        0x20000f30   Data           8  rfal_iso15693_2.o(.bss.iso15693PhyConfig)
    [Anonymous Symbol]                       0x20000f30   Section        0  rfal_iso15693_2.o(.bss.iso15693PhyConfig)
    ndefLLCPSYMM                             0x20000f38   Data           2  demo.o(.bss.ndefLLCPSYMM)
    [Anonymous Symbol]                       0x20000f38   Section        0  demo.o(.bss.ndefLLCPSYMM)
    rxBuf                                    0x20000f40   Data          97  spi.o(.bss.rxBuf)
    [Anonymous Symbol]                       0x20000f40   Section        0  spi.o(.bss.rxBuf)
    st25r3911NoResponseTime_64fcs            0x20000fa4   Data           4  st25r3911.o(.bss.st25r3911NoResponseTime_64fcs)
    [Anonymous Symbol]                       0x20000fa4   Section        0  st25r3911.o(.bss.st25r3911NoResponseTime_64fcs)
    st25r3911interrupt                       0x20000fa8   Data          16  st25r3911_interrupt.o(.bss.st25r3911interrupt)
    [Anonymous Symbol]                       0x20000fa8   Section        0  st25r3911_interrupt.o(.bss.st25r3911interrupt)
    STACK                                    0x20000fc0   Section     3072  startup_stm32f401xe.o(STACK)

    Global Symbols

    Symbol Name                              Value     Ov Type        Size  Object(Section)

    BuildAttributes$$THM_ISAv4$E$P$D$K$B$S$7EM$VFPi3$EXTD16$VFPS$VFMA$PE$A:L22UL41UL21$X:L11$S22US41US21$IEEE1$IW$~IW$USESV6$~STKCKD$USESV7$~SHL$OTIME$ROPI$EBA8$MICROLIB$REQ8$PRES8$EABIv2 0x00000000   Number         0  anon$$obj.o ABSOLUTE
    __cpp_initialize__aeabi_                  - Undefined Weak Reference
    __cxa_finalize                            - Undefined Weak Reference
    __decompress                              - Undefined Weak Reference
    _clock_init                               - Undefined Weak Reference
    _microlib_exit                            - Undefined Weak Reference
    __Vectors_Size                           0x00000194   Number         0  startup_stm32f401xe.o ABSOLUTE
    __Vectors                                0x08000000   Data           4  startup_stm32f401xe.o(RESET)
    __Vectors_End                            0x08000194   Data           0  startup_stm32f401xe.o(RESET)
    __main                                   0x08000195   Thumb Code     0  entry.o(.ARM.Collect$$$$00000000)
    _main_stk                                0x08000195   Thumb Code     0  entry2.o(.ARM.Collect$$$$00000001)
    _main_scatterload                        0x08000199   Thumb Code     0  entry5.o(.ARM.Collect$$$$00000004)
    __main_after_scatterload                 0x0800019d   Thumb Code     0  entry5.o(.ARM.Collect$$$$00000004)
    _main_clock                              0x0800019d   Thumb Code     0  entry7b.o(.ARM.Collect$$$$00000008)
    _main_cpp_init                           0x0800019d   Thumb Code     0  entry8b.o(.ARM.Collect$$$$0000000A)
    _main_init                               0x0800019d   Thumb Code     0  entry9a.o(.ARM.Collect$$$$0000000B)
    __rt_final_cpp                           0x080001a5   Thumb Code     0  entry10a.o(.ARM.Collect$$$$0000000D)
    __rt_final_exit                          0x080001a5   Thumb Code     0  entry11a.o(.ARM.Collect$$$$0000000F)
    Reset_Handler                            0x080001a9   Thumb Code     8  startup_stm32f401xe.o(.text)
    NMI_Handler                              0x080001b1   Thumb Code     2  startup_stm32f401xe.o(.text)
    HardFault_Handler                        0x080001b3   Thumb Code     2  startup_stm32f401xe.o(.text)
    MemManage_Handler                        0x080001b5   Thumb Code     2  startup_stm32f401xe.o(.text)
    BusFault_Handler                         0x080001b7   Thumb Code     2  startup_stm32f401xe.o(.text)
    UsageFault_Handler                       0x080001b9   Thumb Code     2  startup_stm32f401xe.o(.text)
    SVC_Handler                              0x080001bb   Thumb Code     2  startup_stm32f401xe.o(.text)
    DebugMon_Handler                         0x080001bd   Thumb Code     2  startup_stm32f401xe.o(.text)
    PendSV_Handler                           0x080001bf   Thumb Code     2  startup_stm32f401xe.o(.text)
    ADC_IRQHandler                           0x080001c3   Thumb Code     0  startup_stm32f401xe.o(.text)
    DMA1_Stream0_IRQHandler                  0x080001c3   Thumb Code     0  startup_stm32f401xe.o(.text)
    DMA1_Stream1_IRQHandler                  0x080001c3   Thumb Code     0  startup_stm32f401xe.o(.text)
    DMA1_Stream2_IRQHandler                  0x080001c3   Thumb Code     0  startup_stm32f401xe.o(.text)
    DMA1_Stream3_IRQHandler                  0x080001c3   Thumb Code     0  startup_stm32f401xe.o(.text)
    DMA1_Stream4_IRQHandler                  0x080001c3   Thumb Code     0  startup_stm32f401xe.o(.text)
    DMA1_Stream5_IRQHandler                  0x080001c3   Thumb Code     0  startup_stm32f401xe.o(.text)
    DMA1_Stream6_IRQHandler                  0x080001c3   Thumb Code     0  startup_stm32f401xe.o(.text)
    DMA1_Stream7_IRQHandler                  0x080001c3   Thumb Code     0  startup_stm32f401xe.o(.text)
    DMA2_Stream0_IRQHandler                  0x080001c3   Thumb Code     0  startup_stm32f401xe.o(.text)
    DMA2_Stream1_IRQHandler                  0x080001c3   Thumb Code     0  startup_stm32f401xe.o(.text)
    DMA2_Stream2_IRQHandler                  0x080001c3   Thumb Code     0  startup_stm32f401xe.o(.text)
    DMA2_Stream3_IRQHandler                  0x080001c3   Thumb Code     0  startup_stm32f401xe.o(.text)
    DMA2_Stream4_IRQHandler                  0x080001c3   Thumb Code     0  startup_stm32f401xe.o(.text)
    DMA2_Stream5_IRQHandler                  0x080001c3   Thumb Code     0  startup_stm32f401xe.o(.text)
    DMA2_Stream6_IRQHandler                  0x080001c3   Thumb Code     0  startup_stm32f401xe.o(.text)
    DMA2_Stream7_IRQHandler                  0x080001c3   Thumb Code     0  startup_stm32f401xe.o(.text)
    EXTI15_10_IRQHandler                     0x080001c3   Thumb Code     0  startup_stm32f401xe.o(.text)
    EXTI1_IRQHandler                         0x080001c3   Thumb Code     0  startup_stm32f401xe.o(.text)
    EXTI2_IRQHandler                         0x080001c3   Thumb Code     0  startup_stm32f401xe.o(.text)
    EXTI3_IRQHandler                         0x080001c3   Thumb Code     0  startup_stm32f401xe.o(.text)
    EXTI4_IRQHandler                         0x080001c3   Thumb Code     0  startup_stm32f401xe.o(.text)
    EXTI9_5_IRQHandler                       0x080001c3   Thumb Code     0  startup_stm32f401xe.o(.text)
    FLASH_IRQHandler                         0x080001c3   Thumb Code     0  startup_stm32f401xe.o(.text)
    FPU_IRQHandler                           0x080001c3   Thumb Code     0  startup_stm32f401xe.o(.text)
    I2C1_ER_IRQHandler                       0x080001c3   Thumb Code     0  startup_stm32f401xe.o(.text)
    I2C1_EV_IRQHandler                       0x080001c3   Thumb Code     0  startup_stm32f401xe.o(.text)
    I2C2_ER_IRQHandler                       0x080001c3   Thumb Code     0  startup_stm32f401xe.o(.text)
    I2C2_EV_IRQHandler                       0x080001c3   Thumb Code     0  startup_stm32f401xe.o(.text)
    I2C3_ER_IRQHandler                       0x080001c3   Thumb Code     0  startup_stm32f401xe.o(.text)
    I2C3_EV_IRQHandler                       0x080001c3   Thumb Code     0  startup_stm32f401xe.o(.text)
    OTG_FS_IRQHandler                        0x080001c3   Thumb Code     0  startup_stm32f401xe.o(.text)
    OTG_FS_WKUP_IRQHandler                   0x080001c3   Thumb Code     0  startup_stm32f401xe.o(.text)
    PVD_IRQHandler                           0x080001c3   Thumb Code     0  startup_stm32f401xe.o(.text)
    RCC_IRQHandler                           0x080001c3   Thumb Code     0  startup_stm32f401xe.o(.text)
    RTC_Alarm_IRQHandler                     0x080001c3   Thumb Code     0  startup_stm32f401xe.o(.text)
    RTC_WKUP_IRQHandler                      0x080001c3   Thumb Code     0  startup_stm32f401xe.o(.text)
    SDIO_IRQHandler                          0x080001c3   Thumb Code     0  startup_stm32f401xe.o(.text)
    SPI1_IRQHandler                          0x080001c3   Thumb Code     0  startup_stm32f401xe.o(.text)
    SPI2_IRQHandler                          0x080001c3   Thumb Code     0  startup_stm32f401xe.o(.text)
    SPI3_IRQHandler                          0x080001c3   Thumb Code     0  startup_stm32f401xe.o(.text)
    SPI4_IRQHandler                          0x080001c3   Thumb Code     0  startup_stm32f401xe.o(.text)
    TAMP_STAMP_IRQHandler                    0x080001c3   Thumb Code     0  startup_stm32f401xe.o(.text)
    TIM1_BRK_TIM9_IRQHandler                 0x080001c3   Thumb Code     0  startup_stm32f401xe.o(.text)
    TIM1_CC_IRQHandler                       0x080001c3   Thumb Code     0  startup_stm32f401xe.o(.text)
    TIM1_TRG_COM_TIM11_IRQHandler            0x080001c3   Thumb Code     0  startup_stm32f401xe.o(.text)
    TIM1_UP_TIM10_IRQHandler                 0x080001c3   Thumb Code     0  startup_stm32f401xe.o(.text)
    TIM2_IRQHandler                          0x080001c3   Thumb Code     0  startup_stm32f401xe.o(.text)
    TIM3_IRQHandler                          0x080001c3   Thumb Code     0  startup_stm32f401xe.o(.text)
    TIM4_IRQHandler                          0x080001c3   Thumb Code     0  startup_stm32f401xe.o(.text)
    TIM5_IRQHandler                          0x080001c3   Thumb Code     0  startup_stm32f401xe.o(.text)
    USART1_IRQHandler                        0x080001c3   Thumb Code     0  startup_stm32f401xe.o(.text)
    USART2_IRQHandler                        0x080001c3   Thumb Code     0  startup_stm32f401xe.o(.text)
    USART6_IRQHandler                        0x080001c3   Thumb Code     0  startup_stm32f401xe.o(.text)
    WWDG_IRQHandler                          0x080001c3   Thumb Code     0  startup_stm32f401xe.o(.text)
    __aeabi_uldivmod                         0x080001cd   Thumb Code    98  uldiv.o(.text)
    ___aeabi_memcpy8$move                    0x0800022f   Thumb Code     0  memmovea.o(.text)
    __aeabi_memcpy                           0x0800022f   Thumb Code    64  memmovea.o(.text)
    __aeabi_memcpy4                          0x0800022f   Thumb Code     0  memmovea.o(.text)
    __aeabi_memmove                          0x0800022f   Thumb Code     0  memmovea.o(.text)
    __aeabi_memmove4                         0x0800022f   Thumb Code     0  memmovea.o(.text)
    __aeabi_memmove8                         0x0800022f   Thumb Code     0  memmovea.o(.text)
    __aeabi_memset                           0x0800026f   Thumb Code    14  memseta.o(.text)
    __aeabi_memset4                          0x0800026f   Thumb Code     0  memseta.o(.text)
    __aeabi_memset8                          0x0800026f   Thumb Code     0  memseta.o(.text)
    __aeabi_memclr                           0x0800027d   Thumb Code     4  memseta.o(.text)
    __aeabi_memclr4                          0x0800027d   Thumb Code     0  memseta.o(.text)
    __aeabi_memclr8                          0x0800027d   Thumb Code     0  memseta.o(.text)
    _memset$wrapper                          0x08000281   Thumb Code    18  memseta.o(.text)
    strlen                                   0x08000293   Thumb Code    14  strlen.o(.text)
    memcmp                                   0x080002a1   Thumb Code    26  memcmp.o(.text)
    __aeabi_uidiv                            0x080002bb   Thumb Code     0  uidiv.o(.text)
    __aeabi_uidivmod                         0x080002bb   Thumb Code    44  uidiv.o(.text)
    __aeabi_llsl                             0x080002e7   Thumb Code    30  llshl.o(.text)
    _ll_shift_l                              0x080002e7   Thumb Code     0  llshl.o(.text)
    __aeabi_llsr                             0x08000305   Thumb Code    32  llushr.o(.text)
    _ll_ushift_r                             0x08000305   Thumb Code     0  llushr.o(.text)
    __I$use$fp                               0x08000325   Thumb Code     0  iusefp.o(.text)
    __aeabi_dadd                             0x08000325   Thumb Code   322  dadd.o(.text)
    __aeabi_dsub                             0x08000467   Thumb Code     6  dadd.o(.text)
    __aeabi_drsub                            0x0800046d   Thumb Code     6  dadd.o(.text)
    __aeabi_dmul                             0x08000473   Thumb Code   228  dmul.o(.text)
    __aeabi_ddiv                             0x08000557   Thumb Code   222  ddiv.o(.text)
    __aeabi_d2ulz                            0x08000635   Thumb Code    48  dfixul.o(.text)
    __aeabi_cdrcmple                         0x08000665   Thumb Code    48  cdrcmple.o(.text)
    __scatterload                            0x08000695   Thumb Code    38  init.o(.text)
    __scatterload_rt2                        0x08000695   Thumb Code     0  init.o(.text)
    __aeabi_lasr                             0x080006c5   Thumb Code    36  llsshr.o(.text)
    _ll_sshift_r                             0x080006c5   Thumb Code     0  llsshr.o(.text)
    _double_round                            0x080006e9   Thumb Code    30  depilogue.o(.text)
    _double_epilogue                         0x08000707   Thumb Code   156  depilogue.o(.text)
    EXTI0_IRQHandler                         0x080007a5   Thumb Code    16  stm32f4xx_it.o(.text.EXTI0_IRQHandler)
    HAL_Delay                                0x080007b5   Thumb Code    40  stm32f4xx_hal.o(.text.HAL_Delay)
    HAL_GPIO_EXTI_Callback                   0x080007dd   Thumb Code     2  stm32f4xx_hal_gpio.o(.text.HAL_GPIO_EXTI_Callback)
    HAL_GPIO_EXTI_IRQHandler                 0x080007e1   Thumb Code    22  stm32f4xx_hal_gpio.o(.text.HAL_GPIO_EXTI_IRQHandler)
    HAL_GPIO_Init                            0x080007f9   Thumb Code   402  stm32f4xx_hal_gpio.o(.text.HAL_GPIO_Init)
    HAL_GPIO_ReadPin                         0x0800098d   Thumb Code    10  stm32f4xx_hal_gpio.o(.text.HAL_GPIO_ReadPin)
    HAL_GPIO_TogglePin                       0x08000999   Thumb Code    14  stm32f4xx_hal_gpio.o(.text.HAL_GPIO_TogglePin)
    HAL_GPIO_WritePin                        0x080009a9   Thumb Code    10  stm32f4xx_hal_gpio.o(.text.HAL_GPIO_WritePin)
    HAL_GetTick                              0x080009b5   Thumb Code    12  stm32f4xx_hal.o(.text.HAL_GetTick)
    HAL_IncTick                              0x080009c1   Thumb Code    26  stm32f4xx_hal.o(.text.HAL_IncTick)
    HAL_Init                                 0x080009dd   Thumb Code    54  stm32f4xx_hal.o(.text.HAL_Init)
    HAL_InitTick                             0x08000a15   Thumb Code    72  stm32f4xx_hal.o(.text.HAL_InitTick)
    HAL_MspInit                              0x08000a5d   Thumb Code   150  stm32f4xx_hal_msp.o(.text.HAL_MspInit)
    HAL_NVIC_EnableIRQ                       0x08000af5   Thumb Code    26  stm32f4xx_hal_cortex.o(.text.HAL_NVIC_EnableIRQ)
    HAL_NVIC_SetPriority                     0x08000b11   Thumb Code    86  stm32f4xx_hal_cortex.o(.text.HAL_NVIC_SetPriority)
    HAL_NVIC_SetPriorityGrouping             0x08000b69   Thumb Code    32  stm32f4xx_hal_cortex.o(.text.HAL_NVIC_SetPriorityGrouping)
    HAL_RCC_ClockConfig                      0x08000b89   Thumb Code   344  stm32f4xx_hal_rcc.o(.text.HAL_RCC_ClockConfig)
    HAL_RCC_GetPCLK1Freq                     0x08000ce1   Thumb Code    38  stm32f4xx_hal_rcc.o(.text.HAL_RCC_GetPCLK1Freq)
    HAL_RCC_GetPCLK2Freq                     0x08000d09   Thumb Code    38  stm32f4xx_hal_rcc.o(.text.HAL_RCC_GetPCLK2Freq)
    HAL_RCC_GetSysClockFreq                  0x08000d31   Thumb Code   108  stm32f4xx_hal_rcc.o(.text.HAL_RCC_GetSysClockFreq)
    HAL_RCC_OscConfig                        0x08000d9d   Thumb Code   868  stm32f4xx_hal_rcc.o(.text.HAL_RCC_OscConfig)
    HAL_SPI_Init                             0x08001101   Thumb Code   134  stm32f4xx_hal_spi.o(.text.HAL_SPI_Init)
    HAL_SPI_MspInit                          0x08001189   Thumb Code    86  stm32f4xx_hal_msp.o(.text.HAL_SPI_MspInit)
    HAL_SPI_TransmitReceive                  0x080011e1   Thumb Code   662  stm32f4xx_hal_spi.o(.text.HAL_SPI_TransmitReceive)
    HAL_SYSTICK_Callback                     0x08001479   Thumb Code     2  stm32f4xx_hal_cortex.o(.text.HAL_SYSTICK_Callback)
    HAL_SYSTICK_Config                       0x0800147d   Thumb Code    44  stm32f4xx_hal_cortex.o(.text.HAL_SYSTICK_Config)
    HAL_SYSTICK_IRQHandler                   0x080014a9   Thumb Code     4  stm32f4xx_hal_cortex.o(.text.HAL_SYSTICK_IRQHandler)
    HAL_UART_Init                            0x080014ad   Thumb Code    94  stm32f4xx_hal_uart.o(.text.HAL_UART_Init)
    HAL_UART_MspInit                         0x0800150d   Thumb Code   114  stm32f4xx_hal_msp.o(.text.HAL_UART_MspInit)
    HAL_UART_Transmit                        0x08001581   Thumb Code   392  stm32f4xx_hal_uart.o(.text.HAL_UART_Transmit)
    SysTick_Handler                          0x08001825   Thumb Code    14  stm32f4xx_it.o(.text.SysTick_Handler)
    SystemClock_Config                       0x08001835   Thumb Code   156  main.o(.text.SystemClock_Config)
    SystemInit                               0x080018d1   Thumb Code    86  system_stm32f4xx.o(.text.SystemInit)
    demoCycle                                0x08001cd5   Thumb Code   884  demo.o(.text.demoCycle)
    demoIni                                  0x080020e5   Thumb Code   136  demo.o(.text.demoIni)
    hex2Str                                  0x080024b1   Thumb Code   344  logger.o(.text.hex2Str)
    iso15693PhyConfigure                     0x08002609   Thumb Code    42  rfal_iso15693_2.o(.text.iso15693PhyConfigure)
    iso15693VCDCode                          0x080027b1   Thumb Code   472  rfal_iso15693_2.o(.text.iso15693VCDCode)
    iso15693VICCDecode                       0x08002989   Thumb Code   438  rfal_iso15693_2.o(.text.iso15693VICCDecode)
    logUsart                                 0x08003095   Thumb Code    76  logger.o(.text.logUsart)
    logUsartInit                             0x080030e1   Thumb Code    12  logger.o(.text.logUsartInit)
    main                                     0x080030ed   Thumb Code   960  main.o(.text.main)
    rfalAnalogConfigInitialize               0x08003731   Thumb Code    26  rfal_analogconfig.o(.text.rfalAnalogConfigInitialize)
    rfalCalibrate                            0x0800374d   Thumb Code   104  rfal_rfst25r3911.o(.text.rfalCalibrate)
    rfalChipChangeRegBits                    0x080037b5   Thumb Code    12  rfal_rfst25r3911.o(.text.rfalChipChangeRegBits)
    rfalChipChangeTestRegBits                0x080037c1   Thumb Code    12  rfal_rfst25r3911.o(.text.rfalChipChangeTestRegBits)
    rfalCrcCalculateCcitt                    0x080037cd   Thumb Code   276  rfal_crc.o(.text.rfalCrcCalculateCcitt)
    rfalFeliCaPoll                           0x08003a45   Thumb Code   390  rfal_rfst25r3911.o(.text.rfalFeliCaPoll)
    rfalFieldOff                             0x08003bcd   Thumb Code    56  rfal_rfst25r3911.o(.text.rfalFieldOff)
    rfalFieldOnAndStartGT                    0x08003c05   Thumb Code   134  rfal_rfst25r3911.o(.text.rfalFieldOnAndStartGT)
    rfalGetBitRate                           0x08003c8d   Thumb Code    54  rfal_rfst25r3911.o(.text.rfalGetBitRate)
    rfalGetTransceiveStatus                  0x08003cc5   Thumb Code    22  rfal_rfst25r3911.o(.text.rfalGetTransceiveStatus)
    rfalISO14443ATransceiveAnticollisionFrame 0x08003cdd   Thumb Code   378  rfal_rfst25r3911.o(.text.rfalISO14443ATransceiveAnticollisionFrame)
    rfalISO14443ATransceiveShortFrame        0x08003e59   Thumb Code   382  rfal_rfst25r3911.o(.text.rfalISO14443ATransceiveShortFrame)
    rfalISO15693TransceiveAnticollisionFrame 0x08003fd9   Thumb Code   198  rfal_rfst25r3911.o(.text.rfalISO15693TransceiveAnticollisionFrame)
    rfalISO15693TransceiveEOFAnticollision   0x080040a1   Thumb Code    28  rfal_rfst25r3911.o(.text.rfalISO15693TransceiveEOFAnticollision)
    rfalInitialize                           0x080040bd   Thumb Code   116  rfal_rfst25r3911.o(.text.rfalInitialize)
    rfalIsoDepDeselect                       0x08004269   Thumb Code   328  rfal_isodep.o(.text.rfalIsoDepDeselect)
    rfalIsoDepGetTransceiveStatus            0x080043b1   Thumb Code    26  rfal_isodep.o(.text.rfalIsoDepGetTransceiveStatus)
    rfalIsoDepInitialize                     0x080043cd   Thumb Code    72  rfal_isodep.o(.text.rfalIsoDepInitialize)
    rfalIsoDepPollAHandleActivation          0x08004415   Thumb Code   788  rfal_isodep.o(.text.rfalIsoDepPollAHandleActivation)
    rfalIsoDepPollBHandleActivation          0x08004729   Thumb Code   596  rfal_isodep.o(.text.rfalIsoDepPollBHandleActivation)
    rfalIsoDepStartTransceive                0x0800497d   Thumb Code   160  rfal_isodep.o(.text.rfalIsoDepStartTransceive)
    rfalNfcDataExchangeGetStatus             0x08004a1d   Thumb Code   130  rfal_nfc.o(.text.rfalNfcDataExchangeGetStatus)
    rfalNfcDataExchangeStart                 0x08004aa1   Thumb Code   428  rfal_nfc.o(.text.rfalNfcDataExchangeStart)
    rfalNfcDeactivate                        0x08004c4d   Thumb Code    84  rfal_nfc.o(.text.rfalNfcDeactivate)
    rfalNfcDepATR                            0x08004ca1   Thumb Code   564  rfal_nfcdep.o(.text.rfalNfcDepATR)
    rfalNfcDepGetTransceiveStatus            0x08004ed5   Thumb Code  2158  rfal_nfcdep.o(.text.rfalNfcDepGetTransceiveStatus)
    rfalNfcDepInitialize                     0x08005745   Thumb Code    64  rfal_nfcdep.o(.text.rfalNfcDepInitialize)
    rfalNfcDepInitiatorHandleActivation      0x08005785   Thumb Code   340  rfal_nfcdep.o(.text.rfalNfcDepInitiatorHandleActivation)
    rfalNfcDepPSL                            0x080058d9   Thumb Code   226  rfal_nfcdep.o(.text.rfalNfcDepPSL)
    rfalNfcDepRLS                            0x080059bd   Thumb Code   252  rfal_nfcdep.o(.text.rfalNfcDepRLS)
    rfalNfcDepStartTransceive                0x08005ab9   Thumb Code   150  rfal_nfcdep.o(.text.rfalNfcDepStartTransceive)
    rfalNfcDiscover                          0x08005b51   Thumb Code   124  rfal_nfc.o(.text.rfalNfcDiscover)
    rfalNfcGetActiveDevice                   0x08005bcd   Thumb Code    54  rfal_nfc.o(.text.rfalNfcGetActiveDevice)
    rfalNfcGetDevicesFound                   0x08005c05   Thumb Code    52  rfal_nfc.o(.text.rfalNfcGetDevicesFound)
    rfalNfcGetState                          0x08005c39   Thumb Code    12  rfal_nfc.o(.text.rfalNfcGetState)
    rfalNfcInitialize                        0x08005c45   Thumb Code    32  rfal_nfc.o(.text.rfalNfcInitialize)
    rfalNfcSelect                            0x08005ccd   Thumb Code    28  rfal_nfc.o(.text.rfalNfcSelect)
    rfalNfcWorker                            0x08005ce9   Thumb Code  3548  rfal_nfc.o(.text.rfalNfcWorker)
    rfalNfcaPollerCheckPresence              0x08006ac5   Thumb Code    50  rfal_nfca.o(.text.rfalNfcaPollerCheckPresence)
    rfalNfcaPollerFullCollisionResolution    0x08006af9   Thumb Code   430  rfal_nfca.o(.text.rfalNfcaPollerFullCollisionResolution)
    rfalNfcaPollerInitialize                 0x08006ca9   Thumb Code    58  rfal_nfca.o(.text.rfalNfcaPollerInitialize)
    rfalNfcaPollerSelect                     0x08006ce5   Thumb Code   208  rfal_nfca.o(.text.rfalNfcaPollerSelect)
    rfalNfcaPollerSingleCollisionResolution  0x08006db5   Thumb Code   884  rfal_nfca.o(.text.rfalNfcaPollerSingleCollisionResolution)
    rfalNfcaPollerTechnologyDetection        0x08007129   Thumb Code   100  rfal_nfca.o(.text.rfalNfcaPollerTechnologyDetection)
    rfalNfcbPollerCheckPresence              0x0800718d   Thumb Code   172  rfal_nfcb.o(.text.rfalNfcbPollerCheckPresence)
    rfalNfcbPollerCollisionResolution        0x08007239   Thumb Code    30  rfal_nfcb.o(.text.rfalNfcbPollerCollisionResolution)
    rfalNfcbPollerInitialize                 0x08007259   Thumb Code    70  rfal_nfcb.o(.text.rfalNfcbPollerInitialize)
    rfalNfcbPollerSlottedCollisionResolution 0x080072a1   Thumb Code  1386  rfal_nfcb.o(.text.rfalNfcbPollerSlottedCollisionResolution)
    rfalNfcbPollerTechnologyDetection        0x0800780d   Thumb Code   156  rfal_nfcb.o(.text.rfalNfcbPollerTechnologyDetection)
    rfalNfcbTR2ToFDT                         0x080078a9   Thumb Code    12  rfal_nfcb.o(.text.rfalNfcbTR2ToFDT)
    rfalNfcfPollerCheck                      0x080078bd   Thumb Code   850  rfal_nfcf.o(.text.rfalNfcfPollerCheck)
    rfalNfcfPollerCheckPresence              0x08007c11   Thumb Code    48  rfal_nfcf.o(.text.rfalNfcfPollerCheckPresence)
    rfalNfcfPollerCollisionResolution        0x08007c41   Thumb Code   902  rfal_nfcf.o(.text.rfalNfcfPollerCollisionResolution)
    rfalNfcfPollerInitialize                 0x08007fc9   Thumb Code    68  rfal_nfcf.o(.text.rfalNfcfPollerInitialize)
    rfalNfcvPollerCheckPresence              0x08008045   Thumb Code    92  rfal_nfcv.o(.text.rfalNfcvPollerCheckPresence)
    rfalNfcvPollerCollisionResolution        0x080080a1   Thumb Code   656  rfal_nfcv.o(.text.rfalNfcvPollerCollisionResolution)
    rfalNfcvPollerInitialize                 0x08008331   Thumb Code    58  rfal_nfcv.o(.text.rfalNfcvPollerInitialize)
    rfalNfcvPollerReadSingleBlock            0x0800836d   Thumb Code   138  rfal_nfcv.o(.text.rfalNfcvPollerReadSingleBlock)
    rfalSetAnalogConfig                      0x080084bd   Thumb Code   278  rfal_analogconfig.o(.text.rfalSetAnalogConfig)
    rfalSetBitRate                           0x080085d5   Thumb Code   460  rfal_rfst25r3911.o(.text.rfalSetBitRate)
    rfalSetErrorHandling                     0x080087a1   Thumb Code    12  rfal_rfst25r3911.o(.text.rfalSetErrorHandling)
    rfalSetFDTListen                         0x080087ad   Thumb Code    22  rfal_rfst25r3911.o(.text.rfalSetFDTListen)
    rfalSetFDTPoll                           0x080087c5   Thumb Code    26  rfal_rfst25r3911.o(.text.rfalSetFDTPoll)
    rfalSetGT                                0x080087e1   Thumb Code    26  rfal_rfst25r3911.o(.text.rfalSetGT)
    rfalSetMode                              0x080087fd   Thumb Code   448  rfal_rfst25r3911.o(.text.rfalSetMode)
    rfalSt25tbPollerCheckPresence            0x080089bd   Thumb Code    90  rfal_st25tb.o(.text.rfalSt25tbPollerCheckPresence)
    rfalSt25tbPollerCollisionResolution      0x08008a19   Thumb Code   872  rfal_st25tb.o(.text.rfalSt25tbPollerCollisionResolution)
    rfalSt25tbPollerInitialize               0x08008d81   Thumb Code     4  rfal_st25tb.o(.text.rfalSt25tbPollerInitialize)
    rfalStartTransceive                      0x08008d85   Thumb Code   382  rfal_rfst25r3911.o(.text.rfalStartTransceive)
    rfalT1TPollerInitialize                  0x08008f05   Thumb Code    52  rfal_t1t.o(.text.rfalT1TPollerInitialize)
    rfalT1TPollerRid                         0x08008f39   Thumb Code   120  rfal_t1t.o(.text.rfalT1TPollerRid)
    rfalTransceiveBlockingRx                 0x08008fb1   Thumb Code    40  rfal_rfst25r3911.o(.text.rfalTransceiveBlockingRx)
    rfalTransceiveBlockingTx                 0x08008fd9   Thumb Code   100  rfal_rfst25r3911.o(.text.rfalTransceiveBlockingTx)
    rfalTransceiveBlockingTxRx               0x0800903d   Thumb Code   138  rfal_rfst25r3911.o(.text.rfalTransceiveBlockingTxRx)
    rfalWakeUpModeHasWoke                    0x080090c9   Thumb Code    22  rfal_rfst25r3911.o(.text.rfalWakeUpModeHasWoke)
    rfalWakeUpModeStart                      0x080090e1   Thumb Code   526  rfal_rfst25r3911.o(.text.rfalWakeUpModeStart)
    rfalWakeUpModeStop                       0x080092f1   Thumb Code    64  rfal_rfst25r3911.o(.text.rfalWakeUpModeStop)
    rfalWorker                               0x08009331   Thumb Code  1876  rfal_rfst25r3911.o(.text.rfalWorker)
    spiInit                                  0x08009a85   Thumb Code    22  spi.o(.text.spiInit)
    spiTxRx                                  0x08009a9d   Thumb Code    92  spi.o(.text.spiTxRx)
    st25r3911AdjustRegulators                0x08009af9   Thumb Code   134  st25r3911.o(.text.st25r3911AdjustRegulators)
    st25r3911CalibrateAntenna                0x08009b81   Thumb Code    62  st25r3911.o(.text.st25r3911CalibrateAntenna)
    st25r3911CalibrateCapacitiveSensor       0x08009bc1   Thumb Code    98  st25r3911.o(.text.st25r3911CalibrateCapacitiveSensor)
    st25r3911ChangeRegisterBits              0x08009c25   Thumb Code     6  st25r3911_com.o(.text.st25r3911ChangeRegisterBits)
    st25r3911ChangeTestRegisterBits          0x08009c2d   Thumb Code   262  st25r3911_com.o(.text.st25r3911ChangeTestRegisterBits)
    st25r3911CheckChipID                     0x08009d35   Thumb Code    56  st25r3911.o(.text.st25r3911CheckChipID)
    st25r3911CheckForReceivedInterrupts      0x08009d6d   Thumb Code   178  st25r3911_interrupt.o(.text.st25r3911CheckForReceivedInterrupts)
    st25r3911CheckReg                        0x08009e21   Thumb Code    40  st25r3911.o(.text.st25r3911CheckReg)
    st25r3911ClearInterrupts                 0x08009e49   Thumb Code    84  st25r3911_interrupt.o(.text.st25r3911ClearInterrupts)
    st25r3911ClrRegisterBits                 0x08009e9d   Thumb Code   232  st25r3911_com.o(.text.st25r3911ClrRegisterBits)
    st25r3911DisableInterrupts               0x08009f85   Thumb Code    84  st25r3911_interrupt.o(.text.st25r3911DisableInterrupts)
    st25r3911EnableInterrupts                0x08009fd9   Thumb Code    84  st25r3911_interrupt.o(.text.st25r3911EnableInterrupts)
    st25r3911ExecuteCommand                  0x0800a02d   Thumb Code   132  st25r3911_com.o(.text.st25r3911ExecuteCommand)
    st25r3911ExecuteCommands                 0x0800a0b1   Thumb Code   110  st25r3911_com.o(.text.st25r3911ExecuteCommands)
    st25r3911GetInterrupt                    0x0800a121   Thumb Code    86  st25r3911_interrupt.o(.text.st25r3911GetInterrupt)
    st25r3911InitInterrupts                  0x0800a179   Thumb Code    42  st25r3911_interrupt.o(.text.st25r3911InitInterrupts)
    st25r3911Initialize                      0x0800a1a5   Thumb Code   224  st25r3911.o(.text.st25r3911Initialize)
    st25r3911Isr                             0x0800a285   Thumb Code    30  st25r3911_interrupt.o(.text.st25r3911Isr)
    st25r3911MeasureAmplitude                0x0800a2a5   Thumb Code    62  st25r3911.o(.text.st25r3911MeasureAmplitude)
    st25r3911MeasureCapacitance              0x0800a2e5   Thumb Code    62  st25r3911.o(.text.st25r3911MeasureCapacitance)
    st25r3911MeasurePhase                    0x0800a325   Thumb Code    62  st25r3911.o(.text.st25r3911MeasurePhase)
    st25r3911ModifyRegister                  0x0800a365   Thumb Code   236  st25r3911_com.o(.text.st25r3911ModifyRegister)
    st25r3911OscOn                           0x0800a451   Thumb Code    68  st25r3911.o(.text.st25r3911OscOn)
    st25r3911PerformCollisionAvoidance       0x0800a495   Thumb Code   146  st25r3911.o(.text.st25r3911PerformCollisionAvoidance)
    st25r3911ReadFifo                        0x0800a529   Thumb Code   130  st25r3911_com.o(.text.st25r3911ReadFifo)
    st25r3911ReadMultipleRegisters           0x0800a5ad   Thumb Code   132  st25r3911_com.o(.text.st25r3911ReadMultipleRegisters)
    st25r3911ReadRegister                    0x0800a631   Thumb Code   136  st25r3911_com.o(.text.st25r3911ReadRegister)
    st25r3911SetBitrate                      0x0800a6b9   Thumb Code    94  st25r3911.o(.text.st25r3911SetBitrate)
    st25r3911SetNoResponseTime_64fcs         0x0800a719   Thumb Code    74  st25r3911.o(.text.st25r3911SetNoResponseTime_64fcs)
    st25r3911SetNumTxBits                    0x0800a765   Thumb Code    26  st25r3911.o(.text.st25r3911SetNumTxBits)
    st25r3911SetRegisterBits                 0x0800a781   Thumb Code   230  st25r3911_com.o(.text.st25r3911SetRegisterBits)
    st25r3911StartGPTimer_8fcs               0x0800a869   Thumb Code    48  st25r3911.o(.text.st25r3911StartGPTimer_8fcs)
    st25r3911StreamConfigure                 0x0800a899   Thumb Code   108  st25r3911.o(.text.st25r3911StreamConfigure)
    st25r3911TxRxOff                         0x0800a905   Thumb Code     8  st25r3911.o(.text.st25r3911TxRxOff)
    st25r3911TxRxOn                          0x0800a90d   Thumb Code     8  st25r3911.o(.text.st25r3911TxRxOn)
    st25r3911WaitForInterruptsTimed          0x0800a915   Thumb Code   132  st25r3911_interrupt.o(.text.st25r3911WaitForInterruptsTimed)
    st25r3911WriteFifo                       0x0800a999   Thumb Code   130  st25r3911_com.o(.text.st25r3911WriteFifo)
    st25r3911WriteRegister                   0x0800aa1d   Thumb Code   140  st25r3911_com.o(.text.st25r3911WriteRegister)
    st25r3911WriteTestRegister               0x0800aaa9   Thumb Code   126  st25r3911_com.o(.text.st25r3911WriteTestRegister)
    timerCalculateTimer                      0x0800ab29   Thumb Code    12  timer.o(.text.timerCalculateTimer)
    timerIsExpired                           0x0800ab35   Thumb Code    14  timer.o(.text.timerIsExpired)
    __0vsnprintf                             0x0800ab45   Thumb Code    46  printfa.o(i.__0vsnprintf)
    __1vsnprintf                             0x0800ab45   Thumb Code     0  printfa.o(i.__0vsnprintf)
    __2vsnprintf                             0x0800ab45   Thumb Code     0  printfa.o(i.__0vsnprintf)
    __c89vsnprintf                           0x0800ab45   Thumb Code     0  printfa.o(i.__0vsnprintf)
    vsnprintf                                0x0800ab45   Thumb Code     0  printfa.o(i.__0vsnprintf)
    __scatterload_copy                       0x0800ab79   Thumb Code    14  handlers.o(i.__scatterload_copy)
    __scatterload_null                       0x0800ab87   Thumb Code     2  handlers.o(i.__scatterload_null)
    __scatterload_zeroinit                   0x0800ab89   Thumb Code    14  handlers.o(i.__scatterload_zeroinit)
    AHBPrescTable                            0x0800b47a   Data          16  system_stm32f4xx.o(.rodata.AHBPrescTable)
    APBPrescTable                            0x0800b48a   Data           8  system_stm32f4xx.o(.rodata.APBPrescTable)
    rfalAnalogConfigDefaultSettings          0x0800b492   Data         418  rfal_analogconfig.o(.rodata.rfalAnalogConfigDefaultSettings)
    Region$$Table$$Base                      0x0800b808   Number         0  anon$$obj.o(Region$$Table)
    Region$$Table$$Limit                     0x0800b828   Number         0  anon$$obj.o(Region$$Table)
    uwTickFreq                               0x20000000   Data           1  stm32f4xx_hal.o(.data..L_MergedGlobals)
    uwTickPrio                               0x20000004   Data           4  stm32f4xx_hal.o(.data..L_MergedGlobals)
    SystemCoreClock                          0x20000060   Data           4  system_stm32f4xx.o(.data.SystemCoreClock)
    pSpi                                     0x20000068   Data           4  spi.o(.bss..L_MergedGlobals)
    globalCommProtectCnt                     0x20000c92   Data           1  main.o(.bss.globalCommProtectCnt)
    hexStr                                   0x20000c93   Data         512  logger.o(.bss.hexStr)
    hexStrIdx                                0x20000e93   Data           1  logger.o(.bss.hexStrIdx)
    hspi1                                    0x20000e94   Data          88  main.o(.bss.hspi1)
    huart2                                   0x20000eec   Data          64  main.o(.bss.huart2)
    pLogUsart                                0x20000f3c   Data           4  logger.o(.bss.pLogUsart)
    uwTick                                   0x20000fb8   Data           4  stm32f4xx_hal.o(.bss.uwTick)
    __initial_sp                             0x20001bc0   Data           0  startup_stm32f401xe.o(STACK)



==============================================================================

Memory Map of the image

  Image Entry point : 0x08000195

  Load Region LR_IROM1 (Base: 0x08000000, Size: 0x0000b890, Max: 0x00080000, ABSOLUTE)

    Execution Region ER_IROM1 (Exec base: 0x08000000, Load base: 0x08000000, Size: 0x0000b828, Max: 0x00080000, ABSOLUTE)

    Exec Addr    Load Addr    Size         Type   Attr      Idx    E Section Name        Object

    0x08000000   0x08000000   0x00000194   Data   RO          828    RESET               startup_stm32f401xe.o
    0x08000194   0x08000194   0x00000000   Code   RO         1542  * .ARM.Collect$$$$00000000  mc_w.l(entry.o)
    0x08000194   0x08000194   0x00000004   Code   RO         1589    .ARM.Collect$$$$00000001  mc_w.l(entry2.o)
    0x08000198   0x08000198   0x00000004   Code   RO         1592    .ARM.Collect$$$$00000004  mc_w.l(entry5.o)
    0x0800019c   0x0800019c   0x00000000   Code   RO         1594    .ARM.Collect$$$$00000008  mc_w.l(entry7b.o)
    0x0800019c   0x0800019c   0x00000000   Code   RO         1596    .ARM.Collect$$$$0000000A  mc_w.l(entry8b.o)
    0x0800019c   0x0800019c   0x00000008   Code   RO         1597    .ARM.Collect$$$$0000000B  mc_w.l(entry9a.o)
    0x080001a4   0x080001a4   0x00000000   Code   RO         1599    .ARM.Collect$$$$0000000D  mc_w.l(entry10a.o)
    0x080001a4   0x080001a4   0x00000000   Code   RO         1601    .ARM.Collect$$$$0000000F  mc_w.l(entry11a.o)
    0x080001a4   0x080001a4   0x00000004   Code   RO         1590    .ARM.Collect$$$$00002712  mc_w.l(entry2.o)
    0x080001a8   0x080001a8   0x00000024   Code   RO          829    .text               startup_stm32f401xe.o
    0x080001cc   0x080001cc   0x00000062   Code   RO         1545    .text               mc_w.l(uldiv.o)
    0x0800022e   0x0800022e   0x00000040   Code   RO         1549    .text               mc_w.l(memmovea.o)
    0x0800026e   0x0800026e   0x00000024   Code   RO         1551    .text               mc_w.l(memseta.o)
    0x08000292   0x08000292   0x0000000e   Code   RO         1553    .text               mc_w.l(strlen.o)
    0x080002a0   0x080002a0   0x0000001a   Code   RO         1555    .text               mc_w.l(memcmp.o)
    0x080002ba   0x080002ba   0x0000002c   Code   RO         1617    .text               mc_w.l(uidiv.o)
    0x080002e6   0x080002e6   0x0000001e   Code   RO         1619    .text               mc_w.l(llshl.o)
    0x08000304   0x08000304   0x00000020   Code   RO         1621    .text               mc_w.l(llushr.o)
    0x08000324   0x08000324   0x00000000   Code   RO         1623    .text               mc_w.l(iusefp.o)
    0x08000324   0x08000324   0x0000014e   Code   RO         1624    .text               mf_w.l(dadd.o)
    0x08000472   0x08000472   0x000000e4   Code   RO         1626    .text               mf_w.l(dmul.o)
    0x08000556   0x08000556   0x000000de   Code   RO         1628    .text               mf_w.l(ddiv.o)
    0x08000634   0x08000634   0x00000030   Code   RO         1630    .text               mf_w.l(dfixul.o)
    0x08000664   0x08000664   0x00000030   Code   RO         1632    .text               mf_w.l(cdrcmple.o)
    0x08000694   0x08000694   0x00000030   Code   RO         1634    .text               mc_w.l(init.o)
    0x080006c4   0x080006c4   0x00000024   Code   RO         1637    .text               mc_w.l(llsshr.o)
    0x080006e8   0x080006e8   0x000000ba   Code   RO         1640    .text               mf_w.l(depilogue.o)
    0x080007a2   0x080007a2   0x00000002   PAD
    0x080007a4   0x080007a4   0x00000010   Code   RO          942    .text.EXTI0_IRQHandler  stm32f4xx_it.o
    0x080007b4   0x080007b4   0x00000028   Code   RO          248    .text.HAL_Delay     stm32f4xx_hal.o
    0x080007dc   0x080007dc   0x00000002   Code   RO          463    .text.HAL_GPIO_EXTI_Callback  stm32f4xx_hal_gpio.o
    0x080007de   0x080007de   0x00000002   PAD
    0x080007e0   0x080007e0   0x00000016   Code   RO          461    .text.HAL_GPIO_EXTI_IRQHandler  stm32f4xx_hal_gpio.o
    0x080007f6   0x080007f6   0x00000002   PAD
    0x080007f8   0x080007f8   0x00000192   Code   RO          449    .text.HAL_GPIO_Init  stm32f4xx_hal_gpio.o
    0x0800098a   0x0800098a   0x00000002   PAD
    0x0800098c   0x0800098c   0x0000000a   Code   RO          453    .text.HAL_GPIO_ReadPin  stm32f4xx_hal_gpio.o
    0x08000996   0x08000996   0x00000002   PAD
    0x08000998   0x08000998   0x0000000e   Code   RO          457    .text.HAL_GPIO_TogglePin  stm32f4xx_hal_gpio.o
    0x080009a6   0x080009a6   0x00000002   PAD
    0x080009a8   0x080009a8   0x0000000a   Code   RO          455    .text.HAL_GPIO_WritePin  stm32f4xx_hal_gpio.o
    0x080009b2   0x080009b2   0x00000002   PAD
    0x080009b4   0x080009b4   0x0000000c   Code   RO          240    .text.HAL_GetTick   stm32f4xx_hal.o
    0x080009c0   0x080009c0   0x0000001a   Code   RO          238    .text.HAL_IncTick   stm32f4xx_hal.o
    0x080009da   0x080009da   0x00000002   PAD
    0x080009dc   0x080009dc   0x00000036   Code   RO          228    .text.HAL_Init      stm32f4xx_hal.o
    0x08000a12   0x08000a12   0x00000002   PAD
    0x08000a14   0x08000a14   0x00000048   Code   RO          230    .text.HAL_InitTick  stm32f4xx_hal.o
    0x08000a5c   0x08000a5c   0x00000096   Code   RO          922    .text.HAL_MspInit   stm32f4xx_hal_msp.o
    0x08000af2   0x08000af2   0x00000002   PAD
    0x08000af4   0x08000af4   0x0000001a   Code   RO          297    .text.HAL_NVIC_EnableIRQ  stm32f4xx_hal_cortex.o
    0x08000b0e   0x08000b0e   0x00000002   PAD
    0x08000b10   0x08000b10   0x00000056   Code   RO          295    .text.HAL_NVIC_SetPriority  stm32f4xx_hal_cortex.o
    0x08000b66   0x08000b66   0x00000002   PAD
    0x08000b68   0x08000b68   0x00000020   Code   RO          293    .text.HAL_NVIC_SetPriorityGrouping  stm32f4xx_hal_cortex.o
    0x08000b88   0x08000b88   0x00000158   Code   RO          551    .text.HAL_RCC_ClockConfig  stm32f4xx_hal_rcc.o
    0x08000ce0   0x08000ce0   0x00000026   Code   RO          563    .text.HAL_RCC_GetPCLK1Freq  stm32f4xx_hal_rcc.o
    0x08000d06   0x08000d06   0x00000002   PAD
    0x08000d08   0x08000d08   0x00000026   Code   RO          565    .text.HAL_RCC_GetPCLK2Freq  stm32f4xx_hal_rcc.o
    0x08000d2e   0x08000d2e   0x00000002   PAD
    0x08000d30   0x08000d30   0x0000006c   Code   RO          553    .text.HAL_RCC_GetSysClockFreq  stm32f4xx_hal_rcc.o
    0x08000d9c   0x08000d9c   0x00000364   Code   RO          549    .text.HAL_RCC_OscConfig  stm32f4xx_hal_rcc.o
    0x08001100   0x08001100   0x00000086   Code   RO          604    .text.HAL_SPI_Init  stm32f4xx_hal_spi.o
    0x08001186   0x08001186   0x00000002   PAD
    0x08001188   0x08001188   0x00000056   Code   RO          924    .text.HAL_SPI_MspInit  stm32f4xx_hal_msp.o
    0x080011de   0x080011de   0x00000002   PAD
    0x080011e0   0x080011e0   0x00000296   Code   RO          618    .text.HAL_SPI_TransmitReceive  stm32f4xx_hal_spi.o
    0x08001476   0x08001476   0x00000002   PAD
    0x08001478   0x08001478   0x00000002   Code   RO          327    .text.HAL_SYSTICK_Callback  stm32f4xx_hal_cortex.o
    0x0800147a   0x0800147a   0x00000002   PAD
    0x0800147c   0x0800147c   0x0000002c   Code   RO          303    .text.HAL_SYSTICK_Config  stm32f4xx_hal_cortex.o
    0x080014a8   0x080014a8   0x00000004   Code   RO          325    .text.HAL_SYSTICK_IRQHandler  stm32f4xx_hal_cortex.o
    0x080014ac   0x080014ac   0x0000005e   Code   RO          720    .text.HAL_UART_Init  stm32f4xx_hal_uart.o
    0x0800150a   0x0800150a   0x00000002   PAD
    0x0800150c   0x0800150c   0x00000072   Code   RO          928    .text.HAL_UART_MspInit  stm32f4xx_hal_msp.o
    0x0800157e   0x0800157e   0x00000002   PAD
    0x08001580   0x08001580   0x00000188   Code   RO          736    .text.HAL_UART_Transmit  stm32f4xx_hal_uart.o
    0x08001708   0x08001708   0x0000011c   Code   RO          614    .text.SPI_EndRxTxTransaction  stm32f4xx_hal_spi.o
    0x08001824   0x08001824   0x0000000e   Code   RO          940    .text.SysTick_Handler  stm32f4xx_it.o
    0x08001832   0x08001832   0x00000002   PAD
    0x08001834   0x08001834   0x0000009c   Code   RO          888    .text.SystemClock_Config  main.o
    0x080018d0   0x080018d0   0x00000056   Code   RO          213    .text.SystemInit    system_stm32f4xx.o
    0x08001926   0x08001926   0x00000002   PAD
    0x08001928   0x08001928   0x00000258   Code   RO          724    .text.UART_SetConfig  stm32f4xx_hal_uart.o
    0x08001b80   0x08001b80   0x00000154   Code   RO          842    .text.demoAPDU      demo.o
    0x08001cd4   0x08001cd4   0x00000410   Code   RO          840    .text.demoCycle     demo.o
    0x080020e4   0x080020e4   0x0000009c   Code   RO          836    .text.demoIni       demo.o
    0x08002180   0x08002180   0x0000009c   Code   RO          846    .text.demoNfcf      demo.o
    0x0800221c   0x0800221c   0x00000078   Code   RO          848    .text.demoNfcv      demo.o
    0x08002294   0x08002294   0x000000ac   Code   RO          838    .text.demoNotif     demo.o
    0x08002340   0x08002340   0x00000170   Code   RO          844    .text.demoP2P       demo.o
    0x080024b0   0x080024b0   0x00000158   Code   RO          872    .text.hex2Str       logger.o
    0x08002608   0x08002608   0x0000002a   Code   RO         1002    .text.iso15693PhyConfigure  rfal_iso15693_2.o
    0x08002632   0x08002632   0x00000002   PAD
    0x08002634   0x08002634   0x00000116   Code   RO         1010    .text.iso15693PhyVCDCode1Of256  rfal_iso15693_2.o
    0x0800274a   0x0800274a   0x00000002   PAD
    0x0800274c   0x0800274c   0x00000062   Code   RO         1008    .text.iso15693PhyVCDCode1Of4  rfal_iso15693_2.o
    0x080027ae   0x080027ae   0x00000002   PAD
    0x080027b0   0x080027b0   0x000001d8   Code   RO         1006    .text.iso15693VCDCode  rfal_iso15693_2.o
    0x08002988   0x08002988   0x000001b6   Code   RO         1012    .text.iso15693VICCDecode  rfal_iso15693_2.o
    0x08002b3e   0x08002b3e   0x00000002   PAD
    0x08002b40   0x08002b40   0x000003fa   Code   RO         1032    .text.isoDepDataExchangePCD  rfal_isodep.o
    0x08002f3a   0x08002f3a   0x00000002   PAD
    0x08002f3c   0x08002f3c   0x00000156   Code   RO         1030    .text.isoDepHandleControlMsg  rfal_isodep.o
    0x08003092   0x08003092   0x00000002   PAD
    0x08003094   0x08003094   0x0000004c   Code   RO          870    .text.logUsart      logger.o
    0x080030e0   0x080030e0   0x0000000c   Code   RO          866    .text.logUsartInit  logger.o
    0x080030ec   0x080030ec   0x0000041c   Code   RO          886    .text.main          main.o
    0x08003508   0x08003508   0x00000066   Code   RO         1184    .text.nfcipDEPControlMsg  rfal_nfcdep.o
    0x0800356e   0x0800356e   0x00000002   PAD
    0x08003570   0x08003570   0x000001c0   Code   RO         1176    .text.nfcipTx       rfal_nfcdep.o
    0x08003730   0x08003730   0x0000001a   Code   RO          968    .text.rfalAnalogConfigInitialize  rfal_analogconfig.o
    0x0800374a   0x0800374a   0x00000002   PAD
    0x0800374c   0x0800374c   0x00000068   Code   RO         1270    .text.rfalCalibrate  rfal_rfst25r3911.o
    0x080037b4   0x080037b4   0x0000000c   Code   RO         1370    .text.rfalChipChangeRegBits  rfal_rfst25r3911.o
    0x080037c0   0x080037c0   0x0000000c   Code   RO         1372    .text.rfalChipChangeTestRegBits  rfal_rfst25r3911.o
    0x080037cc   0x080037cc   0x00000114   Code   RO          992    .text.rfalCrcCalculateCcitt  rfal_crc.o
    0x080038e0   0x080038e0   0x0000010e   Code   RO         1386    .text.rfalErrorHandling  rfal_rfst25r3911.o
    0x080039ee   0x080039ee   0x00000002   PAD
    0x080039f0   0x080039f0   0x0000002c   Code   RO         1388    .text.rfalFIFOStatusIsIncompleteByte  rfal_rfst25r3911.o
    0x08003a1c   0x08003a1c   0x00000028   Code   RO         1390    .text.rfalFIFOStatusIsMissingPar  rfal_rfst25r3911.o
    0x08003a44   0x08003a44   0x00000186   Code   RO         1350    .text.rfalFeliCaPoll  rfal_rfst25r3911.o
    0x08003bca   0x08003bca   0x00000002   PAD
    0x08003bcc   0x08003bcc   0x00000038   Code   RO         1316    .text.rfalFieldOff  rfal_rfst25r3911.o
    0x08003c04   0x08003c04   0x00000086   Code   RO         1314    .text.rfalFieldOnAndStartGT  rfal_rfst25r3911.o
    0x08003c8a   0x08003c8a   0x00000002   PAD
    0x08003c8c   0x08003c8c   0x00000036   Code   RO         1294    .text.rfalGetBitRate  rfal_rfst25r3911.o
    0x08003cc2   0x08003cc2   0x00000002   PAD
    0x08003cc4   0x08003cc4   0x00000016   Code   RO         1332    .text.rfalGetTransceiveStatus  rfal_rfst25r3911.o
    0x08003cda   0x08003cda   0x00000002   PAD
    0x08003cdc   0x08003cdc   0x0000017a   Code   RO         1342    .text.rfalISO14443ATransceiveAnticollisionFrame  rfal_rfst25r3911.o
    0x08003e56   0x08003e56   0x00000002   PAD
    0x08003e58   0x08003e58   0x0000017e   Code   RO         1340    .text.rfalISO14443ATransceiveShortFrame  rfal_rfst25r3911.o
    0x08003fd6   0x08003fd6   0x00000002   PAD
    0x08003fd8   0x08003fd8   0x000000c6   Code   RO         1344    .text.rfalISO15693TransceiveAnticollisionFrame  rfal_rfst25r3911.o
    0x0800409e   0x0800409e   0x00000002   PAD
    0x080040a0   0x080040a0   0x0000001c   Code   RO         1346    .text.rfalISO15693TransceiveEOFAnticollision  rfal_rfst25r3911.o
    0x080040bc   0x080040bc   0x00000074   Code   RO         1268    .text.rfalInitialize  rfal_rfst25r3911.o
    0x08004130   0x08004130   0x00000138   Code   RO         1052    .text.rfalIsoDepCalcBitRate  rfal_isodep.o
    0x08004268   0x08004268   0x00000148   Code   RO         1028    .text.rfalIsoDepDeselect  rfal_isodep.o
    0x080043b0   0x080043b0   0x0000001a   Code   RO         1042    .text.rfalIsoDepGetTransceiveStatus  rfal_isodep.o
    0x080043ca   0x080043ca   0x00000002   PAD
    0x080043cc   0x080043cc   0x00000048   Code   RO         1024    .text.rfalIsoDepInitialize  rfal_isodep.o
    0x08004414   0x08004414   0x00000314   Code   RO         1050    .text.rfalIsoDepPollAHandleActivation  rfal_isodep.o
    0x08004728   0x08004728   0x00000254   Code   RO         1054    .text.rfalIsoDepPollBHandleActivation  rfal_isodep.o
    0x0800497c   0x0800497c   0x000000a0   Code   RO         1040    .text.rfalIsoDepStartTransceive  rfal_isodep.o
    0x08004a1c   0x08004a1c   0x00000082   Code   RO         1088    .text.rfalNfcDataExchangeGetStatus  rfal_nfc.o
    0x08004a9e   0x08004a9e   0x00000002   PAD
    0x08004aa0   0x08004aa0   0x000001ac   Code   RO         1090    .text.rfalNfcDataExchangeStart  rfal_nfc.o
    0x08004c4c   0x08004c4c   0x00000054   Code   RO         1076    .text.rfalNfcDeactivate  rfal_nfc.o
    0x08004ca0   0x08004ca0   0x00000234   Code   RO         1162    .text.rfalNfcDepATR  rfal_nfcdep.o
    0x08004ed4   0x08004ed4   0x0000086e   Code   RO         1182    .text.rfalNfcDepGetTransceiveStatus  rfal_nfcdep.o
    0x08005742   0x08005742   0x00000002   PAD
    0x08005744   0x08005744   0x00000040   Code   RO         1156    .text.rfalNfcDepInitialize  rfal_nfcdep.o
    0x08005784   0x08005784   0x00000154   Code   RO         1170    .text.rfalNfcDepInitiatorHandleActivation  rfal_nfcdep.o
    0x080058d8   0x080058d8   0x000000e2   Code   RO         1164    .text.rfalNfcDepPSL  rfal_nfcdep.o
    0x080059ba   0x080059ba   0x00000002   PAD
    0x080059bc   0x080059bc   0x000000fc   Code   RO         1168    .text.rfalNfcDepRLS  rfal_nfcdep.o
    0x08005ab8   0x08005ab8   0x00000096   Code   RO         1180    .text.rfalNfcDepStartTransceive  rfal_nfcdep.o
    0x08005b4e   0x08005b4e   0x00000002   PAD
    0x08005b50   0x08005b50   0x0000007c   Code   RO         1074    .text.rfalNfcDiscover  rfal_nfc.o
    0x08005bcc   0x08005bcc   0x00000036   Code   RO         1084    .text.rfalNfcGetActiveDevice  rfal_nfc.o
    0x08005c02   0x08005c02   0x00000002   PAD
    0x08005c04   0x08005c04   0x00000034   Code   RO         1082    .text.rfalNfcGetDevicesFound  rfal_nfc.o
    0x08005c38   0x08005c38   0x0000000c   Code   RO         1080    .text.rfalNfcGetState  rfal_nfc.o
    0x08005c44   0x08005c44   0x00000020   Code   RO         1072    .text.rfalNfcInitialize  rfal_nfc.o
    0x08005c64   0x08005c64   0x00000068   Code   RO         1092    .text.rfalNfcNfcDepActivate  rfal_nfc.o
    0x08005ccc   0x08005ccc   0x0000001c   Code   RO         1078    .text.rfalNfcSelect  rfal_nfc.o
    0x08005ce8   0x08005ce8   0x00000ddc   Code   RO         1086    .text.rfalNfcWorker  rfal_nfc.o
    0x08006ac4   0x08006ac4   0x00000032   Code   RO         1105    .text.rfalNfcaPollerCheckPresence  rfal_nfca.o
    0x08006af6   0x08006af6   0x00000002   PAD
    0x08006af8   0x08006af8   0x000001ae   Code   RO         1113    .text.rfalNfcaPollerFullCollisionResolution  rfal_nfca.o
    0x08006ca6   0x08006ca6   0x00000002   PAD
    0x08006ca8   0x08006ca8   0x0000003a   Code   RO         1103    .text.rfalNfcaPollerInitialize  rfal_nfca.o
    0x08006ce2   0x08006ce2   0x00000002   PAD
    0x08006ce4   0x08006ce4   0x000000d0   Code   RO         1115    .text.rfalNfcaPollerSelect  rfal_nfca.o
    0x08006db4   0x08006db4   0x00000374   Code   RO         1111    .text.rfalNfcaPollerSingleCollisionResolution  rfal_nfca.o
    0x08007128   0x08007128   0x00000064   Code   RO         1107    .text.rfalNfcaPollerTechnologyDetection  rfal_nfca.o
    0x0800718c   0x0800718c   0x000000ac   Code   RO         1131    .text.rfalNfcbPollerCheckPresence  rfal_nfcb.o
    0x08007238   0x08007238   0x0000001e   Code   RO         1139    .text.rfalNfcbPollerCollisionResolution  rfal_nfcb.o
    0x08007256   0x08007256   0x00000002   PAD
    0x08007258   0x08007258   0x00000046   Code   RO         1127    .text.rfalNfcbPollerInitialize  rfal_nfcb.o
    0x0800729e   0x0800729e   0x00000002   PAD
    0x080072a0   0x080072a0   0x0000056a   Code   RO         1141    .text.rfalNfcbPollerSlottedCollisionResolution  rfal_nfcb.o
    0x0800780a   0x0800780a   0x00000002   PAD
    0x0800780c   0x0800780c   0x0000009c   Code   RO         1137    .text.rfalNfcbPollerTechnologyDetection  rfal_nfcb.o
    0x080078a8   0x080078a8   0x00000014   Code   RO         1143    .text.rfalNfcbTR2ToFDT  rfal_nfcb.o
    0x080078bc   0x080078bc   0x00000352   Code   RO         1203    .text.rfalNfcfPollerCheck  rfal_nfcf.o
    0x08007c0e   0x08007c0e   0x00000002   PAD
    0x08007c10   0x08007c10   0x00000030   Code   RO         1199    .text.rfalNfcfPollerCheckPresence  rfal_nfcf.o
    0x08007c40   0x08007c40   0x00000386   Code   RO         1201    .text.rfalNfcfPollerCollisionResolution  rfal_nfcf.o
    0x08007fc6   0x08007fc6   0x00000002   PAD
    0x08007fc8   0x08007fc8   0x00000044   Code   RO         1195    .text.rfalNfcfPollerInitialize  rfal_nfcf.o
    0x0800800c   0x0800800c   0x00000038   Code   RO         1244    .text.rfalNfcvParseError  rfal_nfcv.o
    0x08008044   0x08008044   0x0000005c   Code   RO         1220    .text.rfalNfcvPollerCheckPresence  rfal_nfcv.o
    0x080080a0   0x080080a0   0x00000290   Code   RO         1224    .text.rfalNfcvPollerCollisionResolution  rfal_nfcv.o
    0x08008330   0x08008330   0x0000003a   Code   RO         1218    .text.rfalNfcvPollerInitialize  rfal_nfcv.o
    0x0800836a   0x0800836a   0x00000002   PAD
    0x0800836c   0x0800836c   0x0000008a   Code   RO         1234    .text.rfalNfcvPollerReadSingleBlock  rfal_nfcv.o
    0x080083f6   0x080083f6   0x00000002   PAD
    0x080083f8   0x080083f8   0x000000c4   Code   RO         1320    .text.rfalPrepareTransceive  rfal_rfst25r3911.o
    0x080084bc   0x080084bc   0x00000116   Code   RO          980    .text.rfalSetAnalogConfig  rfal_analogconfig.o
    0x080085d2   0x080085d2   0x00000002   PAD
    0x080085d4   0x080085d4   0x000001cc   Code   RO         1290    .text.rfalSetBitRate  rfal_rfst25r3911.o
    0x080087a0   0x080087a0   0x0000000c   Code   RO         1296    .text.rfalSetErrorHandling  rfal_rfst25r3911.o
    0x080087ac   0x080087ac   0x00000016   Code   RO         1304    .text.rfalSetFDTListen  rfal_rfst25r3911.o
    0x080087c2   0x080087c2   0x00000002   PAD
    0x080087c4   0x080087c4   0x0000001a   Code   RO         1300    .text.rfalSetFDTPoll  rfal_rfst25r3911.o
    0x080087de   0x080087de   0x00000002   PAD
    0x080087e0   0x080087e0   0x0000001a   Code   RO         1308    .text.rfalSetGT     rfal_rfst25r3911.o
    0x080087fa   0x080087fa   0x00000002   PAD
    0x080087fc   0x080087fc   0x000001c0   Code   RO         1288    .text.rfalSetMode   rfal_rfst25r3911.o
    0x080089bc   0x080089bc   0x0000005a   Code   RO         1403    .text.rfalSt25tbPollerCheckPresence  rfal_st25tb.o
    0x08008a16   0x08008a16   0x00000002   PAD
    0x08008a18   0x08008a18   0x00000368   Code   RO         1415    .text.rfalSt25tbPollerCollisionResolution  rfal_st25tb.o
    0x08008d80   0x08008d80   0x00000004   Code   RO         1401    .text.rfalSt25tbPollerInitialize  rfal_st25tb.o
    0x08008d84   0x08008d84   0x0000017e   Code   RO         1318    .text.rfalStartTransceive  rfal_rfst25r3911.o
    0x08008f02   0x08008f02   0x00000002   PAD
    0x08008f04   0x08008f04   0x00000034   Code   RO         1487    .text.rfalT1TPollerInitialize  rfal_t1t.o
    0x08008f38   0x08008f38   0x00000078   Code   RO         1489    .text.rfalT1TPollerRid  rfal_t1t.o
    0x08008fb0   0x08008fb0   0x00000028   Code   RO         1328    .text.rfalTransceiveBlockingRx  rfal_rfst25r3911.o
    0x08008fd8   0x08008fd8   0x00000064   Code   RO         1326    .text.rfalTransceiveBlockingTx  rfal_rfst25r3911.o
    0x0800903c   0x0800903c   0x0000008a   Code   RO         1334    .text.rfalTransceiveBlockingTxRx  rfal_rfst25r3911.o
    0x080090c6   0x080090c6   0x00000002   PAD
    0x080090c8   0x080090c8   0x00000016   Code   RO         1356    .text.rfalWakeUpModeHasWoke  rfal_rfst25r3911.o
    0x080090de   0x080090de   0x00000002   PAD
    0x080090e0   0x080090e0   0x0000020e   Code   RO         1354    .text.rfalWakeUpModeStart  rfal_rfst25r3911.o
    0x080092ee   0x080092ee   0x00000002   PAD
    0x080092f0   0x080092f0   0x00000040   Code   RO         1358    .text.rfalWakeUpModeStop  rfal_rfst25r3911.o
    0x08009330   0x08009330   0x00000754   Code   RO         1330    .text.rfalWorker    rfal_rfst25r3911.o
    0x08009a84   0x08009a84   0x00000016   Code   RO          904    .text.spiInit       spi.o
    0x08009a9a   0x08009a9a   0x00000002   PAD
    0x08009a9c   0x08009a9c   0x0000005c   Code   RO          910    .text.spiTxRx       spi.o
    0x08009af8   0x08009af8   0x00000086   Code   RO           16    .text.st25r3911AdjustRegulators  st25r3911.o
    0x08009b7e   0x08009b7e   0x00000002   PAD
    0x08009b80   0x08009b80   0x0000003e   Code   RO           24    .text.st25r3911CalibrateAntenna  st25r3911.o
    0x08009bbe   0x08009bbe   0x00000002   PAD
    0x08009bc0   0x08009bc0   0x00000062   Code   RO           28    .text.st25r3911CalibrateCapacitiveSensor  st25r3911.o
    0x08009c22   0x08009c22   0x00000002   PAD
    0x08009c24   0x08009c24   0x00000006   Code   RO           84    .text.st25r3911ChangeRegisterBits  st25r3911_com.o
    0x08009c2a   0x08009c2a   0x00000002   PAD
    0x08009c2c   0x08009c2c   0x00000106   Code   RO           88    .text.st25r3911ChangeTestRegisterBits  st25r3911_com.o
    0x08009d32   0x08009d32   0x00000002   PAD
    0x08009d34   0x08009d34   0x00000038   Code   RO           42    .text.st25r3911CheckChipID  st25r3911.o
    0x08009d6c   0x08009d6c   0x000000b2   Code   RO          114    .text.st25r3911CheckForReceivedInterrupts  st25r3911_interrupt.o
    0x08009e1e   0x08009e1e   0x00000002   PAD
    0x08009e20   0x08009e20   0x00000028   Code   RO            8    .text.st25r3911CheckReg  st25r3911.o
    0x08009e48   0x08009e48   0x00000054   Code   RO          126    .text.st25r3911ClearInterrupts  st25r3911_interrupt.o
    0x08009e9c   0x08009e9c   0x000000e8   Code   RO           80    .text.st25r3911ClrRegisterBits  st25r3911_com.o
    0x08009f84   0x08009f84   0x00000054   Code   RO          124    .text.st25r3911DisableInterrupts  st25r3911_interrupt.o
    0x08009fd8   0x08009fd8   0x00000054   Code   RO          122    .text.st25r3911EnableInterrupts  st25r3911_interrupt.o
    0x0800a02c   0x0800a02c   0x00000084   Code   RO           96    .text.st25r3911ExecuteCommand  st25r3911_com.o
    0x0800a0b0   0x0800a0b0   0x0000006e   Code   RO           98    .text.st25r3911ExecuteCommands  st25r3911_com.o
    0x0800a11e   0x0800a11e   0x00000002   PAD
    0x0800a120   0x0800a120   0x00000056   Code   RO          120    .text.st25r3911GetInterrupt  st25r3911_interrupt.o
    0x0800a176   0x0800a176   0x00000002   PAD
    0x0800a178   0x0800a178   0x0000002a   Code   RO          110    .text.st25r3911InitInterrupts  st25r3911_interrupt.o
    0x0800a1a2   0x0800a1a2   0x00000002   PAD
    0x0800a1a4   0x0800a1a4   0x000000e0   Code   RO           10    .text.st25r3911Initialize  st25r3911.o
    0x0800a284   0x0800a284   0x0000001e   Code   RO          112    .text.st25r3911Isr  st25r3911_interrupt.o
    0x0800a2a2   0x0800a2a2   0x00000002   PAD
    0x0800a2a4   0x0800a2a4   0x0000003e   Code   RO           18    .text.st25r3911MeasureAmplitude  st25r3911.o
    0x0800a2e2   0x0800a2e2   0x00000002   PAD
    0x0800a2e4   0x0800a2e4   0x0000003e   Code   RO           22    .text.st25r3911MeasureCapacitance  st25r3911.o
    0x0800a322   0x0800a322   0x00000002   PAD
    0x0800a324   0x0800a324   0x0000003e   Code   RO           20    .text.st25r3911MeasurePhase  st25r3911.o
    0x0800a362   0x0800a362   0x00000002   PAD
    0x0800a364   0x0800a364   0x000000ec   Code   RO           86    .text.st25r3911ModifyRegister  st25r3911_com.o
    0x0800a450   0x0800a450   0x00000044   Code   RO            6    .text.st25r3911OscOn  st25r3911.o
    0x0800a494   0x0800a494   0x00000092   Code   RO           48    .text.st25r3911PerformCollisionAvoidance  st25r3911.o
    0x0800a526   0x0800a526   0x00000002   PAD
    0x0800a528   0x0800a528   0x00000082   Code   RO           94    .text.st25r3911ReadFifo  st25r3911_com.o
    0x0800a5aa   0x0800a5aa   0x00000002   PAD
    0x0800a5ac   0x0800a5ac   0x00000084   Code   RO           72    .text.st25r3911ReadMultipleRegisters  st25r3911_com.o
    0x0800a630   0x0800a630   0x00000088   Code   RO           70    .text.st25r3911ReadRegister  st25r3911_com.o
    0x0800a6b8   0x0800a6b8   0x0000005e   Code   RO           30    .text.st25r3911SetBitrate  st25r3911.o
    0x0800a716   0x0800a716   0x00000002   PAD
    0x0800a718   0x0800a718   0x0000004a   Code   RO           44    .text.st25r3911SetNoResponseTime_64fcs  st25r3911.o
    0x0800a762   0x0800a762   0x00000002   PAD
    0x0800a764   0x0800a764   0x0000001a   Code   RO           52    .text.st25r3911SetNumTxBits  st25r3911.o
    0x0800a77e   0x0800a77e   0x00000002   PAD
    0x0800a780   0x0800a780   0x000000e6   Code   RO           82    .text.st25r3911SetRegisterBits  st25r3911_com.o
    0x0800a866   0x0800a866   0x00000002   PAD
    0x0800a868   0x0800a868   0x00000030   Code   RO           38    .text.st25r3911StartGPTimer_8fcs  st25r3911.o
    0x0800a898   0x0800a898   0x0000006c   Code   RO           56    .text.st25r3911StreamConfigure  st25r3911.o
    0x0800a904   0x0800a904   0x00000008   Code   RO            4    .text.st25r3911TxRxOff  st25r3911.o
    0x0800a90c   0x0800a90c   0x00000008   Code   RO            2    .text.st25r3911TxRxOn  st25r3911.o
    0x0800a914   0x0800a914   0x00000084   Code   RO          118    .text.st25r3911WaitForInterruptsTimed  st25r3911_interrupt.o
    0x0800a998   0x0800a998   0x00000082   Code   RO           92    .text.st25r3911WriteFifo  st25r3911_com.o
    0x0800aa1a   0x0800aa1a   0x00000002   PAD
    0x0800aa1c   0x0800aa1c   0x0000008c   Code   RO           78    .text.st25r3911WriteRegister  st25r3911_com.o
    0x0800aaa8   0x0800aaa8   0x0000007e   Code   RO           76    .text.st25r3911WriteTestRegister  st25r3911_com.o
    0x0800ab26   0x0800ab26   0x00000002   PAD
    0x0800ab28   0x0800ab28   0x0000000c   Code   RO          141    .text.timerCalculateTimer  timer.o
    0x0800ab34   0x0800ab34   0x0000000e   Code   RO          143    .text.timerIsExpired  timer.o
    0x0800ab42   0x0800ab42   0x00000002   PAD
    0x0800ab44   0x0800ab44   0x00000034   Code   RO         1567    i.__0vsnprintf      mc_w.l(printfa.o)
    0x0800ab78   0x0800ab78   0x0000000e   Code   RO         1644    i.__scatterload_copy  mc_w.l(handlers.o)
    0x0800ab86   0x0800ab86   0x00000002   Code   RO         1645    i.__scatterload_null  mc_w.l(handlers.o)
    0x0800ab88   0x0800ab88   0x0000000e   Code   RO         1646    i.__scatterload_zeroinit  mc_w.l(handlers.o)
    0x0800ab96   0x0800ab96   0x00000002   PAD
    0x0800ab98   0x0800ab98   0x00000184   Code   RO         1569    i._fp_digits        mc_w.l(printfa.o)
    0x0800ad1c   0x0800ad1c   0x000006dc   Code   RO         1570    i._printf_core      mc_w.l(printfa.o)
    0x0800b3f8   0x0800b3f8   0x00000024   Code   RO         1571    i._printf_post_padding  mc_w.l(printfa.o)
    0x0800b41c   0x0800b41c   0x0000002e   Code   RO         1572    i._printf_pre_padding  mc_w.l(printfa.o)
    0x0800b44a   0x0800b44a   0x00000016   Code   RO         1573    i._snputc           mc_w.l(printfa.o)
    0x0800b460   0x0800b460   0x0000001a   Data   RO         1063    .rodata..Lswitch.table.rfalIsoDepPollBHandleActivation.3  rfal_isodep.o
    0x0800b47a   0x0800b47a   0x00000010   Data   RO          218    .rodata.AHBPrescTable  system_stm32f4xx.o
    0x0800b48a   0x0800b48a   0x00000008   Data   RO          219    .rodata.APBPrescTable  system_stm32f4xx.o
    0x0800b492   0x0800b492   0x000001a2   Data   RO          982    .rodata.rfalAnalogConfigDefaultSettings  rfal_analogconfig.o
    0x0800b634   0x0800b634   0x000001c0   Data   RO          854    .rodata.str1.1      demo.o
    0x0800b7f4   0x0800b7f4   0x00000011   Data   RO          876    .rodata.str1.1      logger.o
    0x0800b805   0x0800b805   0x00000003   PAD
    0x0800b808   0x0800b808   0x00000020   Data   RO         1643    Region$$Table       anon$$obj.o


    Execution Region RW_IRAM1 (Exec base: 0x20000000, Load base: 0x0800b828, Size: 0x00001bc0, Max: 0x00018000, ABSOLUTE)

    Exec Addr    Load Addr    Size         Type   Attr      Idx    E Section Name        Object

    0x20000000   0x0800b828   0x00000008   Data   RW          283    .data..L_MergedGlobals  stm32f4xx_hal.o
    0x20000008   0x0800b830   0x00000055   Data   RW          856    .data..L_MergedGlobals  demo.o
    0x2000005d   0x0800b885   0x00000003   PAD
    0x20000060   0x0800b888   0x00000004   Data   RW          217    .data.SystemCoreClock  system_stm32f4xx.o
    0x20000064   0x0800b88c   0x00000004   Data   RW         1014    .data.iso15693PhyConfigure.stream_config  rfal_iso15693_2.o
    0x20000068        -       0x00000065   Zero   RW          913    .bss..L_MergedGlobals  spi.o
    0x200000cd   0x0800b890   0x00000003   PAD
    0x200000d0        -       0x00000008   Zero   RW          983    .bss..L_MergedGlobals  rfal_analogconfig.o
    0x200000d8        -       0x00000002   Zero   RW         1145    .bss..L_MergedGlobals  rfal_nfcb.o
    0x200000da   0x0800b890   0x00000002   PAD
    0x200000dc        -       0x00000008   Zero   RW          857    .bss..L_MergedGlobals.39  demo.o
    0x200000e4        -       0x00000084   Zero   RW          852    .bss.discParam      demo.o
    0x20000168        -       0x00000088   Zero   RW         1062    .bss.gIsoDep        rfal_isodep.o
    0x200001f0        -       0x00000500   Zero   RW         1094    .bss.gNfcDev        rfal_nfc.o
    0x200006f0        -       0x00000088   Zero   RW         1186    .bss.gNfcip         rfal_nfcdep.o
    0x20000778        -       0x000003d8   Zero   RW         1392    .bss.gRFAL          rfal_rfst25r3911.o
    0x20000b50        -       0x00000142   Zero   RW         1209    .bss.gRfalNfcfGreedyF  rfal_nfcf.o
    0x20000c92        -       0x00000001   Zero   RW          892    .bss.globalCommProtectCnt  main.o
    0x20000c93        -       0x00000200   Zero   RW          877    .bss.hexStr         logger.o
    0x20000e93        -       0x00000001   Zero   RW          874    .bss.hexStrIdx      logger.o
    0x20000e94        -       0x00000058   Zero   RW          893    .bss.hspi1          main.o
    0x20000eec        -       0x00000040   Zero   RW          894    .bss.huart2         main.o
    0x20000f2c   0x0800b890   0x00000004   PAD
    0x20000f30        -       0x00000008   Zero   RW         1015    .bss.iso15693PhyConfig  rfal_iso15693_2.o
    0x20000f38        -       0x00000002   Zero   RW          855    .bss.ndefLLCPSYMM   demo.o
    0x20000f3a   0x0800b890   0x00000002   PAD
    0x20000f3c        -       0x00000004   Zero   RW          875    .bss.pLogUsart      logger.o
    0x20000f40        -       0x00000061   Zero   RW          912    .bss.rxBuf          spi.o
    0x20000fa1   0x0800b890   0x00000003   PAD
    0x20000fa4        -       0x00000004   Zero   RW           60    .bss.st25r3911NoResponseTime_64fcs  st25r3911.o
    0x20000fa8        -       0x00000010   Zero   RW          132    .bss.st25r3911interrupt  st25r3911_interrupt.o
    0x20000fb8        -       0x00000004   Zero   RW          282    .bss.uwTick         stm32f4xx_hal.o
    0x20000fbc   0x0800b890   0x00000004   PAD
    0x20000fc0        -       0x00000c00   Zero   RW          826    STACK               startup_stm32f401xe.o


==============================================================================

Image component sizes


      Code (inc. data)   RO Data    RW Data    ZI Data      Debug   Object Name

      2352        544        448         85        142      15359   demo.o
       432          0         17          0        517       5757   logger.o
      1208         92          0          0        153       9257   main.o
       304          0        418          0          8       4417   rfal_analogconfig.o
       276          0          0          0          0       2130   rfal_crc.o
      1328          0          0          4          8       6934   rfal_iso15693_2.o
      3642         46         26          0        136      28673   rfal_isodep.o
      4596         94          0          0       1280      20756   rfal_nfc.o
      1730          0          0          0          0       9594   rfal_nfca.o
      1834          8          0          0          2      11262   rfal_nfcb.o
      4304         92          0          0        136      29584   rfal_nfcdep.o
      1868          0          0          0        322      11778   rfal_nfcf.o
      1000         20          0          0          0      30561   rfal_nfcv.o
      6578         68          0          0        984      32033   rfal_rfst25r3911.o
       966          0          0          0          0       8672   rfal_st25tb.o
       172          0          0          0          0       4425   rfal_t1t.o
       114          0          0          0        198       4647   spi.o
      1380          0          0          0          4      11786   st25r3911.o
      2002          0          0          0          0      11316   st25r3911_com.o
       720          0          0          0         16       7034   st25r3911_interrupt.o
        36          8        404          0       3072        920   startup_stm32f401xe.o
       204          0          0          8          4       6893   stm32f4xx_hal.o
       194          0          0          0          0       9713   stm32f4xx_hal_cortex.o
       460          0          0          0          0       5399   stm32f4xx_hal_gpio.o
       350          0          0          0          0       7834   stm32f4xx_hal_msp.o
      1396          0          0          0          0       7461   stm32f4xx_hal_rcc.o
      1080          0          0          0          0      25831   stm32f4xx_hal_spi.o
      1086          0          0          0          0      19341   stm32f4xx_hal_uart.o
        30          0          0          0          0        957   stm32f4xx_it.o
        86          0         24          4          0       2918   system_stm32f4xx.o
        26          0          0          0          0       1836   timer.o

    ----------------------------------------------------------------------
     41924        972       1372        104       7000     355078   Object Totals
         0          0         32          0          0          0   (incl. Generated)
       170          0          3          3         18          0   (incl. Padding)

    ----------------------------------------------------------------------

      Code (inc. data)   RO Data    RW Data    ZI Data      Debug   Library Member Name

         0          0          0          0          0          0   entry.o
         0          0          0          0          0          0   entry10a.o
         0          0          0          0          0          0   entry11a.o
         8          4          0          0          0          0   entry2.o
         4          0          0          0          0          0   entry5.o
         0          0          0          0          0          0   entry7b.o
         0          0          0          0          0          0   entry8b.o
         8          4          0          0          0          0   entry9a.o
        30          0          0          0          0          0   handlers.o
        48         10          0          0          0         68   init.o
         0          0          0          0          0          0   iusefp.o
        30          0          0          0          0         68   llshl.o
        36          0          0          0          0         68   llsshr.o
        32          0          0          0          0         68   llushr.o
        26          0          0          0          0         80   memcmp.o
        64          0          0          0          0         76   memmovea.o
        36          0          0          0          0        108   memseta.o
      2300         86          0          0          0        516   printfa.o
        14          0          0          0          0         68   strlen.o
        44          0          0          0          0         80   uidiv.o
        98          0          0          0          0         92   uldiv.o
        48          0          0          0          0         68   cdrcmple.o
       334          0          0          0          0        148   dadd.o
       222          0          0          0          0        100   ddiv.o
       186          0          0          0          0        176   depilogue.o
        48          0          0          0          0         68   dfixul.o
       228          0          0          0          0         96   dmul.o

    ----------------------------------------------------------------------
      3848        104          0          0          0       1948   Library Totals
         4          0          0          0          0          0   (incl. Padding)

    ----------------------------------------------------------------------

      Code (inc. data)   RO Data    RW Data    ZI Data      Debug   Library Name

      2778        104          0          0          0       1292   mc_w.l
      1066          0          0          0          0        656   mf_w.l

    ----------------------------------------------------------------------
      3848        104          0          0          0       1948   Library Totals

    ----------------------------------------------------------------------

==============================================================================


      Code (inc. data)   RO Data    RW Data    ZI Data      Debug   

     45772       1076       1372        104       7000     355662   Grand Totals
     45772       1076       1372        104       7000     355662   ELF Image Totals
     45772       1076       1372        104          0          0   ROM Totals

==============================================================================

    Total RO  Size (Code + RO Data)                47144 (  46.04kB)
    Total RW  Size (RW Data + ZI Data)              7104 (   6.94kB)
    Total ROM Size (Code + RO Data + RW Data)      47248 (  46.14kB)

==============================================================================

